Component: ARM Compiler 5.06 update 7 (build 960) Tool: armlink [4d3601]

==============================================================================

Section Cross References

    startup_stm32f103xe.o(STACK) refers (Special) to heapauxi.o(.text) for __use_two_region_memory
    startup_stm32f103xe.o(HEAP) refers (Special) to heapauxi.o(.text) for __use_two_region_memory
    startup_stm32f103xe.o(RESET) refers (Special) to heapauxi.o(.text) for __use_two_region_memory
    startup_stm32f103xe.o(RESET) refers to startup_stm32f103xe.o(STACK) for __initial_sp
    startup_stm32f103xe.o(RESET) refers to startup_stm32f103xe.o(.text) for Reset_Handler
    startup_stm32f103xe.o(RESET) refers to stm32f1xx_it.o(i.NMI_Handler) for NMI_Handler
    startup_stm32f103xe.o(RESET) refers to stm32f1xx_it.o(i.HardFault_Handler) for HardFault_Handler
    startup_stm32f103xe.o(RESET) refers to stm32f1xx_it.o(i.MemManage_Handler) for MemManage_Handler
    startup_stm32f103xe.o(RESET) refers to stm32f1xx_it.o(i.BusFault_Handler) for BusFault_Handler
    startup_stm32f103xe.o(RESET) refers to stm32f1xx_it.o(i.UsageFault_Handler) for UsageFault_Handler
    startup_stm32f103xe.o(RESET) refers to stm32f1xx_it.o(i.SVC_Handler) for SVC_Handler
    startup_stm32f103xe.o(RESET) refers to stm32f1xx_it.o(i.DebugMon_Handler) for DebugMon_Handler
    startup_stm32f103xe.o(RESET) refers to stm32f1xx_it.o(i.PendSV_Handler) for PendSV_Handler
    startup_stm32f103xe.o(RESET) refers to stm32f1xx_it.o(i.SysTick_Handler) for SysTick_Handler
    startup_stm32f103xe.o(RESET) refers to wdg.o(i.WWDG_IRQHandler) for WWDG_IRQHandler
    startup_stm32f103xe.o(RESET) refers to pwr.o(i.PVD_IRQHandler) for PVD_IRQHandler
    startup_stm32f103xe.o(RESET) refers to rtc.o(i.RTC_IRQHandler) for RTC_IRQHandler
    startup_stm32f103xe.o(RESET) refers to pwr.o(i.EXTI0_IRQHandler) for EXTI0_IRQHandler
    startup_stm32f103xe.o(RESET) refers to adc.o(i.DMA1_Channel1_IRQHandler) for DMA1_Channel1_IRQHandler
    startup_stm32f103xe.o(RESET) refers to usbd_conf.o(i.USB_LP_CAN1_RX0_IRQHandler) for USB_LP_CAN1_RX0_IRQHandler
    startup_stm32f103xe.o(RESET) refers to gtime.o(i.TIM2_IRQHandler) for TIM2_IRQHandler
    startup_stm32f103xe.o(RESET) refers to usmart_port.o(i.TIM4_IRQHandler) for TIM4_IRQHandler
    startup_stm32f103xe.o(RESET) refers to usart.o(i.USART1_IRQHandler) for USART1_IRQHandler
    startup_stm32f103xe.o(RESET) refers to atim.o(i.TIM8_CC_IRQHandler) for TIM8_CC_IRQHandler
    startup_stm32f103xe.o(RESET) refers to gtime.o(i.TIM5_IRQHandler) for TIM5_IRQHandler
    startup_stm32f103xe.o(.text) refers (Special) to heapauxi.o(.text) for __use_two_region_memory
    startup_stm32f103xe.o(.text) refers to system_stm32f1xx.o(i.SystemInit) for SystemInit
    startup_stm32f103xe.o(.text) refers to __main.o(!!!main) for __main
    startup_stm32f103xe.o(.text) refers to startup_stm32f103xe.o(HEAP) for Heap_Mem
    startup_stm32f103xe.o(.text) refers to startup_stm32f103xe.o(STACK) for Stack_Mem
    main.o(i.led_set) refers to stm32f1xx_hal_gpio.o(i.HAL_GPIO_WritePin) for HAL_GPIO_WritePin
    main.o(i.main) refers to stm32f1xx_hal.o(i.HAL_Init) for HAL_Init
    main.o(i.main) refers to sys.o(i.sys_stm32_clock_init) for sys_stm32_clock_init
    main.o(i.main) refers to delay.o(i.delay_init) for delay_init
    main.o(i.main) refers to usart.o(i.usart_init) for usart_init
    main.o(i.main) refers to led.o(i.led_init) for led_init
    main.o(i.main) refers to key.o(i.key_init) for key_init
    main.o(i.main) refers to rtc.o(i.rtc_init) for rtc_init
    main.o(i.main) refers to lcd.o(i.lcd_init) for lcd_init
    main.o(i.main) refers to malloc.o(i.my_mem_init) for my_mem_init
    main.o(i.main) refers to exfuns.o(i.exfuns_init) for exfuns_init
    main.o(i.main) refers to ff.o(i.f_mount) for f_mount
    main.o(i.main) refers to lcd.o(i.lcd_show_string) for lcd_show_string
    main.o(i.main) refers to sdio_sdcard.o(i.sd_init) for sd_init
    main.o(i.main) refers to lcd.o(i.lcd_show_num) for lcd_show_num
    main.o(i.main) refers to norflash.o(i.norflash_read_id) for norflash_read_id
    main.o(i.main) refers to usbd_conf.o(i.usbd_port_config) for usbd_port_config
    main.o(i.main) refers to delay.o(i.delay_ms) for delay_ms
    main.o(i.main) refers to usbd_core.o(i.USBD_Init) for USBD_Init
    main.o(i.main) refers to usbd_core.o(i.USBD_RegisterClass) for USBD_RegisterClass
    main.o(i.main) refers to usbd_msc.o(i.USBD_MSC_RegisterStorage) for USBD_MSC_RegisterStorage
    main.o(i.main) refers to usbd_core.o(i.USBD_Start) for USBD_Start
    main.o(i.main) refers to lcd.o(i.lcd_fill) for lcd_fill
    main.o(i.main) refers to stm32f1xx_hal_gpio.o(i.HAL_GPIO_WritePin) for HAL_GPIO_WritePin
    main.o(i.main) refers to stm32f1xx_hal_gpio.o(i.HAL_GPIO_TogglePin) for HAL_GPIO_TogglePin
    main.o(i.main) refers to usmart_config.o(.data) for usmart_dev
    main.o(i.main) refers to touch.o(.data) for tp_dev
    main.o(i.main) refers to exfuns.o(.data) for fs
[...]

    0x08000000   0x08000000   0x00000130   Data   RO            3    RESET               startup_stm32f103xe.o
    0x08000130   0x08000130   0x00000008   Code   RO        11395  * !!!main             c_w.l(__main.o)
    0x08000138   0x08000138   0x00000034   Code   RO        11799    !!!scatter          c_w.l(__scatter.o)
    0x0800016c   0x0800016c   0x0000005a   Code   RO        11797    !!dczerorl2         c_w.l(__dczerorl2.o)
    0x080001c6   0x080001c6   0x00000002   PAD
    0x080001c8   0x080001c8   0x0000001c   Code   RO        11801    !!handler_zi        c_w.l(__scatter_zi.o)
    0x080001e4   0x080001e4   0x00000000   Code   RO        11369    .ARM.Collect$$_printf_percent$$00000000  c_w.l(_printf_percent.o)
    0x080001e4   0x080001e4   0x00000006   Code   RO        11368    .ARM.Collect$$_printf_percent$$00000003  c_w.l(_printf_f.o)
    0x080001ea   0x080001ea   0x0000000a   Code   RO        11519    .ARM.Collect$$_printf_percent$$00000007  c_w.l(_printf_ll.o)
    0x080001f4   0x080001f4   0x00000006   Code   RO        11366    .ARM.Collect$$_printf_percent$$00000009  c_w.l(_printf_d.o)
    0x080001fa   0x080001fa   0x00000006   Code   RO        11367    .ARM.Collect$$_printf_percent$$0000000A  c_w.l(_printf_u.o)
    0x08000200   0x08000200   0x00000006   Code   RO        11365    .ARM.Collect$$_printf_percent$$0000000C  c_w.l(_printf_x.o)
    0x08000206   0x08000206   0x00000006   Code   RO        11370    .ARM.Collect$$_printf_percent$$0000000E  c_w.l(_printf_lld.o)
    0x0800020c   0x0800020c   0x00000006   Code   RO        11363    .ARM.Collect$$_printf_percent$$00000013  c_w.l(_printf_c.o)
    0x08000212   0x08000212   0x00000006   Code   RO        11364    .ARM.Collect$$_printf_percent$$00000014  c_w.l(_printf_s.o)
    0x08000218   0x08000218   0x00000004   Code   RO        11516    .ARM.Collect$$_printf_percent$$00000017  c_w.l(_printf_percent_end.o)
    0x0800021c   0x0800021c   0x00000002   Code   RO        11668    .ARM.Collect$$libinit$$00000000  c_w.l(libinit.o)
    0x0800021e   0x0800021e   0x00000000   Code   RO        11670    .ARM.Collect$$libinit$$00000002  c_w.l(libinit2.o)
    0x0800021e   0x0800021e   0x00000000   Code   RO        11672    .ARM.Collect$$libinit$$00000004  c_w.l(libinit2.o)
    0x0800021e   0x0800021e   0x00000000   Code   RO        11675    .ARM.Collect$$libinit$$0000000A  c_w.l(libinit2.o)
    0x0800021e   0x0800021e   0x00000000   Code   RO        11677    .ARM.Collect$$libinit$$0000000C  c_w.l(libinit2.o)
    0x0800021e   0x0800021e   0x00000000   Code   RO        11679    .ARM.Collect$$libinit$$0000000E  c_w.l(libinit2.o)
    0x0800021e   0x0800021e   0x00000006   Code   RO        11680    .ARM.Collect$$libinit$$0000000F  c_w.l(libinit2.o)
    0x08000224   0x08000224   0x00000000   Code   RO        11682    .ARM.Collect$$libinit$$00000011  c_w.l(libinit2.o)
    0x08000224   0x08000224   0x00000000   Code   RO        11684    .ARM.Collect$$libinit$$00000013  c_w.l(libinit2.o)
    0x08000224   0x08000224   0x00000000   Code   RO        11686    .ARM.Collect$$libinit$$00000015  c_w.l(libinit2.o)
    0x08000224   0x08000224   0x0000000a   Code   RO        11687    .ARM.Collect$$libinit$$00000016  c_w.l(libinit2.o)
    0x0800022e   0x0800022e   0x00000000   Code   RO        11688    .ARM.Collect$$libinit$$00000017  c_w.l(libinit2.o)
    0x0800022e   0x0800022e   0x00000000   Code   RO        11690    .ARM.Collect$$libinit$$00000019  c_w.l(libinit2.o)
    0x0800022e   0x0800022e   0x00000000   Code   RO        11692    .ARM.Collect$$libinit$$0000001B  c_w.l(libinit2.o)
    0x0800022e   0x0800022e   0x00000000   Code   RO        11694    .ARM.Collect$$libinit$$0000001D  c_w.l(libinit2.o)
    0x0800022e   0x0800022e   0x00000000   Code   RO        11696    .ARM.Collect$$libinit$$0000001F  c_w.l(libinit2.o)
    0x0800022e   0x0800022e   0x00000000   Code   RO        11698    .ARM.Collect$$libinit$$00000021  c_w.l(libinit2.o)
    0x0800022e   0x0800022e   0x00000000   Code   RO        11700    .ARM.Collect$$libinit$$00000023  c_w.l(libinit2.o)
    0x0800022e   0x0800022e   0x00000000   Code   RO        11702    .ARM.Collect$$libinit$$00000025  c_w.l(libinit2.o)
    0x0800022e   0x0800022e   0x00000000   Code   RO        11706    .ARM.Collect$$libinit$$0000002C  c_w.l(libinit2.o)
    0x0800022e   0x0800022e   0x00000000   Code   RO        11708    .ARM.Collect$$libinit$$0000002E  c_w.l(libinit2.o)
    0x0800022e   0x0800022e   0x00000000   Code   RO        11710    .ARM.Collect$$libinit$$00000030  c_w.l(libinit2.o)
    0x0800022e   0x0800022e   0x00000000   Code   RO        11712    .ARM.Collect$$libinit$$00000032  c_w.l(libinit2.o)
    0x0800022e   0x0800022e   0x00000002   Code   RO        11713    .ARM.Collect$$libinit$$00000033  c_w.l(libinit2.o)
    0x08000230   0x08000230   0x00000002   Code   RO        11760    .ARM.Collect$$libshutdown$$00000000  c_w.l(libshutdown.o)
    0x08000232   0x08000232   0x00000000   Code   RO        11778    .ARM.Collect$$libshutdown$$00000002  c_w.l(libshutdown2.o)
    0x08000232   0x08000232   0x00000000   Code   RO        11780    .ARM.Collect$$libshutdown$$00000004  c_w.l(libshutdown2.o)
    0x08000232   0x08000232   0x00000000   Code   RO        11782    .ARM.Collect$$libshutdown$$00000006  c_w.l(libshutdown2.o)
    0x08000232   0x08000232   0x00000000   Code   RO        11785    .ARM.Collect$$libshutdown$$00000009  c_w.l(libshutdown2.o)
    0x08000232   0x08000232   0x00000000   Code   RO        11788    .ARM.Collect$$libshutdown$$0000000C  c_w.l(libshutdown2.o)
    0x08000232   0x08000232   0x00000000   Code   RO        11790    .ARM.Collect$$libshutdown$$0000000E  c_w.l(libshutdown2.o)
    0x08000232   0x08000232   0x00000000   Code   RO        11793    .ARM.Collect$$libshutdown$$00000011  c_w.l(libshutdown2.o)
    0x08000232   0x08000232   0x00000002   Code   RO        11794    .ARM.Collect$$libshutdown$$00000012  c_w.l(libshutdown2.o)
    0x08000234   0x08000234   0x00000000   Code   RO        11475    .ARM.Collect$$rtentry$$00000000  c_w.l(__rtentry.o)
    0x08000234   0x08000234   0x00000000   Code   RO        11573    .ARM.Collect$$rtentry$$00000002  c_w.l(__rtentry2.o)
    0x08000234   0x08000234   0x00000006   Code   RO        11585    .ARM.Collect$$rtentry$$00000004  c_w.l(__rtentry4.o)
    0x0800023a   0x0800023a   0x00000000   Code   RO        11575    .ARM.Collect$$rtentry$$00000009  c_w.l(__rtentry2.o)
    0x0800023a   0x0800023a   0x00000004   Code   RO        11576    .ARM.Collect$$rtentry$$0000000A  c_w.l(__rtentry2.o)
    0x0800023e   0x0800023e   0x00000000   Code   RO        11578    .ARM.Collect$$rtentry$$0000000C  c_w.l(__rtentry2.o)
    0x0800023e   0x0800023e   0x00000008   Code   RO        11579    .ARM.Collect$$rtentry$$0000000D  c_w.l(__rtentry2.o)
    0x08000246   0x08000246   0x00000002   Code   RO        11716    .ARM.Collect$$rtexit$$00000000  c_w.l(rtexit.o)
    0x08000248   0x08000248   0x00000000   Code   RO        11734    .ARM.Collect$$rtexit$$00000002  c_w.l(rtexit2.o)
    0x08000248   0x08000248   0x00000004   Code   RO        11735    .ARM.Collect$$rtexit$$00000003  c_w.l(rtexit2.o)
    0x0800024c   0x0800024c   0x00000006   Code   RO        11736    .ARM.Collect$$rtexit$$00000004  c_w.l(rtexit2.o)
    0x08000252   0x08000252   0x00000002   PAD
    0x08000254   0x08000254   0x00000040   Code   RO            4    .text               startup_stm32f103xe.o
    0x08000294   0x08000294   0x00000002   Code   RO        11294    .text               c_w.l(use_no_semi_2.o)
    0x08000296   0x08000296   0x000000ee   Code   RO        11296    .text               c_w.l(lludivv7m.o)
    0x08000384   0x08000384   0x00000048   Code   RO        11300    .text               c_w.l(llsdiv.o)
    0x080003cc   0x080003cc   0x00000018   Code   RO        11304    .text               c_w.l(__2printf.o)
    0x080003e4   0x080003e4   0x0000002c   Code   RO        11306    .text               c_w.l(__2sprintf.o)
    0x08000410   0x08000410   0x0000004e   Code   RO        11314    .text               c_w.l(_printf_pad.o)
    0x0800045e   0x0800045e   0x00000052   Code   RO        11316    .text               c_w.l(_printf_str.o)
    0x080004b0   0x080004b0   0x00000078   Code   RO        11318    .text               c_w.l(_printf_dec.o)
    0x08000528   0x08000528   0x0000007c   Code   RO        11320    .text               c_w.l(_printf_longlong_dec.o)
    0x080005a4   0x080005a4   0x00000094   Code   RO        11340    .text               c_w.l(_printf_hex_int_ll_ptr.o)
    0x08000638   0x08000638   0x00000188   Code   RO        11360    .text               c_w.l(__printf_flags_ss_wp.o)
    0x080007c0   0x080007c0   0x00000014   Code   RO        11371    .text               c_w.l(strchr.o)
    0x080007d4   0x080007d4   0x00000058   Code   RO        11373    .text               c_w.l(memcmp.o)
    0x0800082c   0x0800082c   0x0000008a   Code   RO        11381    .text               c_w.l(rt_memcpy_v6.o)
    0x080008b6   0x080008b6   0x00000064   Code   RO        11383    .text               c_w.l(rt_memcpy_w.o)
    0x0800091a   0x0800091a   0x00000010   Code   RO        11385    .text               c_w.l(aeabi_memset.o)
    0x0800092a   0x0800092a   0x00000044   Code   RO        11387    .text               c_w.l(rt_memclr.o)
    0x0800096e   0x0800096e   0x0000004e   Code   RO        11389    .text               c_w.l(rt_memclr_w.o)
    0x080009bc   0x080009bc   0x00000080   Code   RO        11391    .text               c_w.l(strcmpv7m.o)
    0x08000a3c   0x08000a3c   0x00000006   Code   RO        11393    .text               c_w.l(heapauxi.o)
    0x08000a42   0x08000a42   0x00000002   Code   RO        11473    .text               c_w.l(use_no_semi.o)
    0x08000a44   0x08000a44   0x0000008a   Code   RO        11480    .text               c_w.l(lludiv10.o)
    0x08000ace   0x08000ace   0x000000b2   Code   RO        11486    .text               c_w.l(_printf_intcommon.o)
    0x08000b80   0x08000b80   0x0000041e   Code   RO        11490    .text               c_w.l(_printf_fp_dec.o)
    0x08000f9e   0x08000f9e   0x00000002   PAD
    0x08000fa0   0x08000fa0   0x00000030   Code   RO        11492    .text               c_w.l(_printf_char_common.o)
    0x08000fd0   0x08000fd0   0x0000000a   Code   RO        11494    .text               c_w.l(_sputc.o)
    0x08000fda   0x08000fda   0x0000002c   Code   RO        11496    .text               c_w.l(_printf_char.o)
    0x08001006   0x08001006   0x00000002   PAD
    0x08001008   0x08001008   0x00000024   Code   RO        11498    .text               c_w.l(_printf_char_file.o)
    0x0800102c   0x0800102c   0x00000008   Code   RO        11592    .text               c_w.l(rt_locale_intlibspace.o)
    0x08001034   0x08001034   0x00000080   Code   RO        11602    .text               c_w.l(_printf_fp_infnan.o)
    0x080010b4   0x080010b4   0x000000e4   Code   RO        11608    .text               c_w.l(bigflt0.o)
    0x08001198   0x08001198   0x00000008   Code   RO        11633    .text               c_w.l(ferror.o)
    0x080011a0   0x080011a0   0x00000008   Code   RO        11650    .text               c_w.l(libspace.o)
    0x080011a8   0x080011a8   0x0000004a   Code   RO        11653    .text               c_w.l(sys_stackheap_outer.o)
    0x080011f2   0x080011f2   0x00000012   Code   RO        11657    .text               c_w.l(exit.o)
    0x08001204   0x08001204   0x0000003e   Code   RO        11611    CL$$btod_d2e        c_w.l(btod.o)
    0x08001242   0x08001242   0x00000046   Code   RO        11613    CL$$btod_d2e_denorm_low  c_w.l(btod.o)
    0x08001288   0x08001288   0x00000060   Code   RO        11612    CL$$btod_d2e_norm_op1  c_w.l(btod.o)
    0x080012e8   0x080012e8   0x00000338   Code   RO        11621    CL$$btod_div_common  c_w.l(btod.o)
    0x08001620   0x08001620   0x000000dc   Code   RO        11618    CL$$btod_e2e        c_w.l(btod.o)
    0x080016fc   0x080016fc   0x0000002a   Code   RO        11615    CL$$btod_ediv       c_w.l(btod.o)
    0x08001726   0x08001726   0x0000002a   Code   RO        11614    CL$$btod_emul       c_w.l(btod.o)
    0x08001750   0x08001750   0x00000244   Code   RO        11620    CL$$btod_mult_common  c_w.l(btod.o)
    0x08001994   0x08001994   0x00000004   Code   RO          430    i.BusFault_Handler  stm32f1xx_it.o
    0x08001998   0x08001998   0x00000028   Code   RO         7007    i.DMA1_Channel1_IRQHandler  adc.o
    0x080019c0   0x080019c0   0x00000002   Code   RO          431    i.DebugMon_Handler  stm32f1xx_it.o
    0x080019c2   0x080019c2   0x0000000a   Code   RO         6898    i.EXTI0_IRQHandler  pwr.o
    0x080019cc   0x080019cc   0x00000044   Code   RO         3042    i.FSMC_NORSRAM_Extended_Timing_Init  stm32f1xx_ll_fsmc.o
    0x08001a10   0x08001a10   0x00000078   Code   RO         3043    i.FSMC_NORSRAM_Init  stm32f1xx_ll_fsmc.o
    0x08001a88   0x08001a88   0x00000042   Code   RO         3044    i.FSMC_NORSRAM_Timing_Init  stm32f1xx_ll_fsmc.o
    0x08001aca   0x08001aca   0x00000002   PAD
    0x08001acc   0x08001acc   0x00000034   Code   RO        11147    i.Get_SerialNum     usbd_desc.o
    0x08001b00   0x08001b00   0x0000002c   Code   RO         3989    i.HAL_DAC_SetValue  stm32f1xx_hal_dac.o
    0x08001b2c   0x08001b2c   0x000001a8   Code   RO         1037    i.HAL_DMA_Abort_IT  stm32f1xx_hal_dma.o
    0x08001cd4   0x08001cd4   0x0000000c   Code   RO          695    i.HAL_Delay         delay.o
    0x08001ce0   0x08001ce0   0x00000002   Code   RO         6899    i.HAL_GPIO_EXTI_Callback  pwr.o
    0x08001ce2   0x08001ce2   0x00000002   PAD
    0x08001ce4   0x08001ce4   0x0000001c   Code   RO         1132    i.HAL_GPIO_EXTI_IRQHandler  stm32f1xx_hal_gpio.o
    0x08001d00   0x08001d00   0x00000340   Code   RO         1133    i.HAL_GPIO_Init     stm32f1xx_hal_gpio.o
    0x08002040   0x08002040   0x00000010   Code   RO         1135    i.HAL_GPIO_ReadPin  stm32f1xx_hal_gpio.o
    0x08002050   0x08002050   0x00000014   Code   RO         1136    i.HAL_GPIO_TogglePin  stm32f1xx_hal_gpio.o
    0x08002064   0x08002064   0x0000000c   Code   RO         1137    i.HAL_GPIO_WritePin  stm32f1xx_hal_gpio.o
    0x08002070   0x08002070   0x0000000c   Code   RO          750    i.HAL_GetTick       stm32f1xx_hal.o
    0x0800207c   0x0800207c   0x00000018   Code   RO          756    i.HAL_IncTick       stm32f1xx_hal.o
    0x08002094   0x08002094   0x00000028   Code   RO          757    i.HAL_Init          stm32f1xx_hal.o
    0x080020bc   0x080020bc   0x0000004c   Code   RO          758    i.HAL_InitTick      stm32f1xx_hal.o
    0x08002108   0x08002108   0x00000002   Code   RO          760    i.HAL_MspInit       stm32f1xx_hal.o
    0x0800210a   0x0800210a   0x00000020   Code   RO          915    i.HAL_NVIC_EnableIRQ  stm32f1xx_hal_cortex.o
    0x0800212a   0x0800212a   0x0000007c   Code   RO          921    i.HAL_NVIC_SetPriority  stm32f1xx_hal_cortex.o
    0x080021a6   0x080021a6   0x00000002   PAD
    0x080021a8   0x080021a8   0x00000028   Code   RO          922    i.HAL_NVIC_SetPriorityGrouping  stm32f1xx_hal_cortex.o
    0x080021d0   0x080021d0   0x00000044   Code   RO         6179    i.HAL_PCDEx_PMAConfig  stm32f1xx_hal_pcd_ex.o
    0x08002214   0x08002214   0x00000002   Code   RO         6180    i.HAL_PCDEx_SetConnectionState  stm32f1xx_hal_pcd_ex.o
    0x08002216   0x08002216   0x00000020   Code   RO        10952    i.HAL_PCD_DataInStageCallback  usbd_conf.o
    0x08002236   0x08002236   0x00000020   Code   RO        10953    i.HAL_PCD_DataOutStageCallback  usbd_conf.o
    0x08002256   0x08002256   0x0000006a   Code   RO         5955    i.HAL_PCD_EP_Close  stm32f1xx_hal_pcd.o
    0x080022c0   0x080022c0   0x0000007c   Code   RO         5956    i.HAL_PCD_EP_ClrStall  stm32f1xx_hal_pcd.o
    0x0800233c   0x0800233c   0x00000158   Code   RO         5957    i.HAL_PCD_EP_DB_Receive  stm32f1xx_hal_pcd.o
    0x08002494   0x08002494   0x00000376   Code   RO         5958    i.HAL_PCD_EP_DB_Transmit  stm32f1xx_hal_pcd.o
    0x0800280a   0x0800280a   0x00000044   Code   RO         5959    i.HAL_PCD_EP_Flush  stm32f1xx_hal_pcd.o
    0x0800284e   0x0800284e   0x00000016   Code   RO         5960    i.HAL_PCD_EP_GetRxCount  stm32f1xx_hal_pcd.o
    0x08002864   0x08002864   0x0000008c   Code   RO         5961    i.HAL_PCD_EP_Open   stm32f1xx_hal_pcd.o
    0x080028f0   0x080028f0   0x0000004c   Code   RO         5962    i.HAL_PCD_EP_Receive  stm32f1xx_hal_pcd.o
    0x0800293c   0x0800293c   0x00000088   Code   RO         5963    i.HAL_PCD_EP_SetStall  stm32f1xx_hal_pcd.o
    0x080029c4   0x080029c4   0x00000056   Code   RO         5964    i.HAL_PCD_EP_Transmit  stm32f1xx_hal_pcd.o
    0x08002a1a   0x08002a1a   0x000001e2   Code   RO         5966    i.HAL_PCD_IRQHandler  stm32f1xx_hal_pcd.o
    0x08002bfc   0x08002bfc   0x00000158   Code   RO         5969    i.HAL_PCD_Init      stm32f1xx_hal_pcd.o
    0x08002d54   0x08002d54   0x0000007c   Code   RO        10957    i.HAL_PCD_MspInit   usbd_conf.o
    0x08002dd0   0x08002dd0   0x0000003c   Code   RO        10958    i.HAL_PCD_ResetCallback  usbd_conf.o
    0x08002e0c   0x08002e0c   0x00000028   Code   RO        10959    i.HAL_PCD_ResumeCallback  usbd_conf.o
    0x08002e34   0x08002e34   0x0000000e   Code   RO        10960    i.HAL_PCD_SOFCallback  usbd_conf.o
    0x08002e42   0x08002e42   0x00000036   Code   RO         5975    i.HAL_PCD_SetAddress  stm32f1xx_hal_pcd.o
    0x08002e78   0x08002e78   0x00000012   Code   RO        10961    i.HAL_PCD_SetupStageCallback  usbd_conf.o
    0x08002e8a   0x08002e8a   0x0000003c   Code   RO         5977    i.HAL_PCD_Start     stm32f1xx_hal_pcd.o
    0x08002ec6   0x08002ec6   0x00000002   PAD
    0x08002ec8   0x08002ec8   0x0000003c   Code   RO        10962    i.HAL_PCD_SuspendCallback  usbd_conf.o
    0x08002f04   0x08002f04   0x0000000c   Code   RO         3579    i.HAL_PWR_EnableBkUpAccess  stm32f1xx_hal_pwr.o
    0x08002f10   0x08002f10   0x00000068   Code   RO         6900    i.HAL_PWR_PVDCallback  pwr.o
    0x08002f78   0x08002f78   0x00000020   Code   RO         3588    i.HAL_PWR_PVD_IRQHandler  stm32f1xx_hal_pwr.o
    0x08002f98   0x08002f98   0x00000134   Code   RO         1340    i.HAL_RCCEx_GetPeriphCLKFreq  stm32f1xx_hal_rcc_ex.o
    0x080030cc   0x080030cc   0x00000130   Code   RO         1341    i.HAL_RCCEx_PeriphCLKConfig  stm32f1xx_hal_rcc_ex.o
    0x080031fc   0x080031fc   0x0000018c   Code   RO         1233    i.HAL_RCC_ClockConfig  stm32f1xx_hal_rcc.o
    0x08003388   0x08003388   0x0000000c   Code   RO         1238    i.HAL_RCC_GetHCLKFreq  stm32f1xx_hal_rcc.o
    0x08003394   0x08003394   0x00000020   Code   RO         1240    i.HAL_RCC_GetPCLK1Freq  stm32f1xx_hal_rcc.o
    0x080033b4   0x080033b4   0x00000020   Code   RO         1241    i.HAL_RCC_GetPCLK2Freq  stm32f1xx_hal_rcc.o
    0x080033d4   0x080033d4   0x00000094   Code   RO         1242    i.HAL_RCC_GetSysClockFreq  stm32f1xx_hal_rcc.o
    0x08003468   0x08003468   0x00000464   Code   RO         1245    i.HAL_RCC_OscConfig  stm32f1xx_hal_rcc.o
    0x080038cc   0x080038cc   0x00000018   Code   RO         3470    i.HAL_RTCEx_BKUPRead  stm32f1xx_hal_rtc_ex.o
    0x080038e4   0x080038e4   0x00000018   Code   RO         3471    i.HAL_RTCEx_BKUPWrite  stm32f1xx_hal_rtc_ex.o
    0x080038fc   0x080038fc   0x000000d0   Code   RO         3303    i.HAL_RTC_Init      stm32f1xx_hal_rtc.o
    0x080039cc   0x080039cc   0x00000098   Code   RO         6805    i.HAL_RTC_MspInit   rtc.o
    0x08003a64   0x08003a64   0x00000040   Code   RO         3311    i.HAL_RTC_WaitForSynchro  stm32f1xx_hal_rtc.o
    0x08003aa4   0x08003aa4   0x000001c8   Code   RO         5000    i.HAL_SD_GetCardCSD  stm32f1xx_hal_sd.o
    0x08003c6c   0x08003c6c   0x00000024   Code   RO         5002    i.HAL_SD_GetCardState  stm32f1xx_hal_sd.o
    0x08003c90   0x08003c90   0x0000003c   Code   RO         5007    i.HAL_SD_Init       stm32f1xx_hal_sd.o
    0x08003ccc   0x08003ccc   0x00000084   Code   RO         5008    i.HAL_SD_InitCard   stm32f1xx_hal_sd.o
    0x08003d50   0x08003d50   0x00000154   Code   RO         8027    i.HAL_SD_MspInit    sdio_sdcard.o
    0x08003ea4   0x08003ea4   0x000002c0   Code   RO         5011    i.HAL_SD_ReadBlocks  stm32f1xx_hal_sd.o
    0x08004164   0x08004164   0x00000254   Code   RO         5016    i.HAL_SD_WriteBlocks  stm32f1xx_hal_sd.o
    0x080043b8   0x080043b8   0x000000d4   Code   RO         4212    i.HAL_SPI_Init      stm32f1xx_hal_spi.o
    0x0800448c   0x0800448c   0x00000150   Code   RO         7319    i.HAL_SPI_MspInit   spi.o
    0x080045dc   0x080045dc   0x000002ee   Code   RO         4221    i.HAL_SPI_TransmitReceive  stm32f1xx_hal_spi.o
    0x080048ca   0x080048ca   0x00000066   Code   RO         3164    i.HAL_SRAM_Init     stm32f1xx_hal_sram.o
    0x08004930   0x08004930   0x00000090   Code   RO         6545    i.HAL_SRAM_MspInit  lcd.o
    0x080049c0   0x080049c0   0x00000028   Code   RO          924    i.HAL_SYSTICK_CLKSourceConfig  stm32f1xx_hal_cortex.o
    0x080049e8   0x080049e8   0x00000034   Code   RO          926    i.HAL_SYSTICK_Config  stm32f1xx_hal_cortex.o
    0x08004a1c   0x08004a1c   0x00000002   Code   RO         2767    i.HAL_TIMEx_BreakCallback  stm32f1xx_hal_tim_ex.o
    0x08004a1e   0x08004a1e   0x00000002   Code   RO         2768    i.HAL_TIMEx_CommutCallback  stm32f1xx_hal_tim_ex.o
    0x08004a20   0x08004a20   0x00000066   Code   RO         2052    i.HAL_TIM_Base_Init  stm32f1xx_hal_tim.o
    0x08004a86   0x08004a86   0x00000002   Code   RO         2054    i.HAL_TIM_Base_MspInit  stm32f1xx_hal_tim.o
    0x08004a88   0x08004a88   0x00000090   Code   RO         2057    i.HAL_TIM_Base_Start_IT  stm32f1xx_hal_tim.o
    0x08004b18   0x08004b18   0x00000050   Code   RO         6463    i.HAL_TIM_IC_CaptureCallback  atim.o
    0x08004b68   0x08004b68   0x00000196   Code   RO         2100    i.HAL_TIM_IRQHandler  stm32f1xx_hal_tim.o
    0x08004cfe   0x08004cfe   0x00000002   Code   RO         2103    i.HAL_TIM_OC_DelayElapsedCallback  stm32f1xx_hal_tim.o
    0x08004d00   0x08004d00   0x00000002   Code   RO         2130    i.HAL_TIM_PWM_PulseFinishedCallback  stm32f1xx_hal_tim.o
    0x08004d02   0x08004d02   0x00000002   PAD
    0x08004d04   0x08004d04   0x00000078   Code   RO         6390    i.HAL_TIM_PeriodElapsedCallback  gtime.o
    0x08004d7c   0x08004d7c   0x00000032   Code   RO         2140    i.HAL_TIM_ReadCapturedValue  stm32f1xx_hal_tim.o
    0x08004dae   0x08004dae   0x00000002   Code   RO         2143    i.HAL_TIM_TriggerCallback  stm32f1xx_hal_tim.o
    0x08004db0   0x08004db0   0x00000002   Code   RO         1396    i.HAL_UART_ErrorCallback  stm32f1xx_hal_uart.o
    0x08004db2   0x08004db2   0x00000002   PAD
    0x08004db4   0x08004db4   0x00000154   Code   RO         1399    i.HAL_UART_IRQHandler  stm32f1xx_hal_uart.o
    0x08004f08   0x08004f08   0x00000072   Code   RO         1400    i.HAL_UART_Init     stm32f1xx_hal_uart.o
    0x08004f7a   0x08004f7a   0x00000002   PAD
    0x08004f7c   0x08004f7c   0x000000b4   Code   RO          545    i.HAL_UART_MspInit  usart.o
    0x08005030   0x08005030   0x00000070   Code   RO         1405    i.HAL_UART_Receive_IT  stm32f1xx_hal_uart.o
    0x080050a0   0x080050a0   0x00000088   Code   RO          546    i.HAL_UART_RxCpltCallback  usart.o
    0x08005128   0x08005128   0x00000002   Code   RO         1411    i.HAL_UART_TxCpltCallback  stm32f1xx_hal_uart.o
    0x0800512a   0x0800512a   0x00000002   PAD
    0x0800512c   0x0800512c   0x00000024   Code   RO         6327    i.HAL_WWDG_EarlyWakeupCallback  wdg.o
    0x08005150   0x08005150   0x00000028   Code   RO         2003    i.HAL_WWDG_IRQHandler  stm32f1xx_hal_wwdg.o
    0x08005178   0x08005178   0x0000000c   Code   RO         2006    i.HAL_WWDG_Refresh  stm32f1xx_hal_wwdg.o
    0x08005184   0x08005184   0x00000004   Code   RO          432    i.HardFault_Handler  stm32f1xx_it.o
    0x08005188   0x08005188   0x0000003e   Code   RO        11148    i.IntToUnicode      usbd_desc.o
    0x080051c6   0x080051c6   0x00000042   Code   RO        10672    i.MSC_BOT_Abort     usbd_msc_bot.o
    0x08005208   0x08005208   0x000000e0   Code   RO        10673    i.MSC_BOT_CBW_Decode  usbd_msc_bot.o
    0x080052e8   0x080052e8   0x0000003c   Code   RO        10674    i.MSC_BOT_CplClrFeature  usbd_msc_bot.o
    0x08005324   0x08005324   0x0000004a   Code   RO        10675    i.MSC_BOT_DataIn    usbd_msc_bot.o
    0x0800536e   0x0800536e   0x00000040   Code   RO        10676    i.MSC_BOT_DataOut   usbd_msc_bot.o
    0x080053ae   0x080053ae   0x0000000a   Code   RO        10677    i.MSC_BOT_DeInit    usbd_msc_bot.o
    0x080053b8   0x080053b8   0x00000040   Code   RO        10678    i.MSC_BOT_Init      usbd_msc_bot.o
    0x080053f8   0x080053f8   0x00000020   Code   RO        10679    i.MSC_BOT_Reset     usbd_msc_bot.o
    0x08005418   0x08005418   0x0000003c   Code   RO        10680    i.MSC_BOT_SendCSW   usbd_msc_bot.o
    0x08005454   0x08005454   0x0000004e   Code   RO        10681    i.MSC_BOT_SendData  usbd_msc_bot.o
    0x080054a2   0x080054a2   0x00000004   Code   RO          433    i.MemManage_Handler  stm32f1xx_it.o
    0x080054a6   0x080054a6   0x00000002   Code   RO          434    i.NMI_Handler       stm32f1xx_it.o
    0x080054a8   0x080054a8   0x000003e2   Code   RO         5981    i.PCD_EP_ISR_Handler  stm32f1xx_hal_pcd.o
    0x0800588a   0x0800588a   0x00000008   Code   RO         6901    i.PVD_IRQHandler    pwr.o
    0x08005892   0x08005892   0x00000002   Code   RO          435    i.PendSV_Handler    stm32f1xx_it.o
    0x08005894   0x08005894   0x00000028   Code   RO         1246    i.RCC_Delay         stm32f1xx_hal_rcc.o
    0x080058bc   0x080058bc   0x0000003a   Code   RO         3315    i.RTC_EnterInitMode  stm32f1xx_hal_rtc.o
    0x080058f6   0x080058f6   0x0000003a   Code   RO         3316    i.RTC_ExitInitMode  stm32f1xx_hal_rtc.o
    0x08005930   0x08005930   0x00000098   Code   RO         6806    i.RTC_IRQHandler    rtc.o
    0x080059c8   0x080059c8   0x00000032   Code   RO        10775    i.SCSI_CheckAddressRange  usbd_msc_scsi.o
    0x080059fa   0x080059fa   0x00000002   PAD
    0x080059fc   0x080059fc   0x00000064   Code   RO        10776    i.SCSI_Inquiry      usbd_msc_scsi.o
    0x08005a60   0x08005a60   0x0000002c   Code   RO        10777    i.SCSI_ModeSense10  usbd_msc_scsi.o
    0x08005a8c   0x08005a8c   0x0000002c   Code   RO        10778    i.SCSI_ModeSense6   usbd_msc_scsi.o
    0x08005ab8   0x08005ab8   0x000000ee   Code   RO        10779    i.SCSI_ProcessCmd   usbd_msc_scsi.o
    0x08005ba6   0x08005ba6   0x000000b0   Code   RO        10780    i.SCSI_ProcessRead  usbd_msc_scsi.o
    0x08005c56   0x08005c56   0x000000d8   Code   RO        10781    i.SCSI_ProcessWrite  usbd_msc_scsi.o
    0x08005d2e   0x08005d2e   0x000000d2   Code   RO        10782    i.SCSI_Read10       usbd_msc_scsi.o
    0x08005e00   0x08005e00   0x00000080   Code   RO        10783    i.SCSI_ReadCapacity10  usbd_msc_scsi.o
    0x08005e80   0x08005e80   0x0000008a   Code   RO        10784    i.SCSI_ReadFormatCapacity  usbd_msc_scsi.o
    0x08005f0a   0x08005f0a   0x00000086   Code   RO        10785    i.SCSI_RequestSense  usbd_msc_scsi.o
    0x08005f90   0x08005f90   0x00000040   Code   RO        10786    i.SCSI_SenseCode    usbd_msc_scsi.o
    0x08005fd0   0x08005fd0   0x00000010   Code   RO        10787    i.SCSI_StartStopUnit  usbd_msc_scsi.o
    0x08005fe0   0x08005fe0   0x00000056   Code   RO        10788    i.SCSI_TestUnitReady  usbd_msc_scsi.o
    0x08006036   0x08006036   0x0000004c   Code   RO        10789    i.SCSI_Verify10     usbd_msc_scsi.o
    0x08006082   0x08006082   0x00000112   Code   RO        10790    i.SCSI_Write10      usbd_msc_scsi.o
    0x08006194   0x08006194   0x0000002c   Code   RO         5490    i.SDIO_ConfigData   stm32f1xx_ll_sdmmc.o
    0x080061c0   0x080061c0   0x00000008   Code   RO         5491    i.SDIO_GetCommandResponse  stm32f1xx_ll_sdmmc.o
    0x080061c8   0x080061c8   0x0000000a   Code   RO         5494    i.SDIO_GetPowerState  stm32f1xx_ll_sdmmc.o
    0x080061d2   0x080061d2   0x0000000c   Code   RO         5495    i.SDIO_GetResponse  stm32f1xx_ll_sdmmc.o
    0x080061de   0x080061de   0x00000034   Code   RO         5496    i.SDIO_Init         stm32f1xx_ll_sdmmc.o
    0x08006212   0x08006212   0x00000012   Code   RO         5498    i.SDIO_PowerState_ON  stm32f1xx_ll_sdmmc.o
    0x08006224   0x08006224   0x00000008   Code   RO         5499    i.SDIO_ReadFIFO     stm32f1xx_ll_sdmmc.o
    0x0800622c   0x0800622c   0x00000028   Code   RO         5500    i.SDIO_SendCommand  stm32f1xx_ll_sdmmc.o
    0x08006254   0x08006254   0x0000000c   Code   RO         5502    i.SDIO_WriteFIFO    stm32f1xx_ll_sdmmc.o
    0x08006260   0x08006260   0x00000038   Code   RO         5503    i.SDMMC_CmdAppCommand  stm32f1xx_ll_sdmmc.o
    0x08006298   0x08006298   0x0000003c   Code   RO         5504    i.SDMMC_CmdAppOperCommand  stm32f1xx_ll_sdmmc.o
    0x080062d4   0x080062d4   0x00000038   Code   RO         5505    i.SDMMC_CmdBlockLength  stm32f1xx_ll_sdmmc.o
    0x0800630c   0x0800630c   0x0000002c   Code   RO         5510    i.SDMMC_CmdGoIdleState  stm32f1xx_ll_sdmmc.o
    0x08006338   0x08006338   0x00000034   Code   RO         5512    i.SDMMC_CmdOperCond  stm32f1xx_ll_sdmmc.o
    0x0800636c   0x0800636c   0x00000038   Code   RO         5513    i.SDMMC_CmdReadMultiBlock  stm32f1xx_ll_sdmmc.o
    0x080063a4   0x080063a4   0x00000038   Code   RO         5514    i.SDMMC_CmdReadSingleBlock  stm32f1xx_ll_sdmmc.o
    0x080063dc   0x080063dc   0x0000003a   Code   RO         5517    i.SDMMC_CmdSelDesel  stm32f1xx_ll_sdmmc.o
    0x08006416   0x08006416   0x00000032   Code   RO         5518    i.SDMMC_CmdSendCID  stm32f1xx_ll_sdmmc.o
    0x08006448   0x08006448   0x00000032   Code   RO         5519    i.SDMMC_CmdSendCSD  stm32f1xx_ll_sdmmc.o
    0x0800647a   0x0800647a   0x00000038   Code   RO         5521    i.SDMMC_CmdSendStatus  stm32f1xx_ll_sdmmc.o
    0x080064b2   0x080064b2   0x00000038   Code   RO         5522    i.SDMMC_CmdSetRelAdd  stm32f1xx_ll_sdmmc.o
    0x080064ea   0x080064ea   0x00000002   PAD
    0x080064ec   0x080064ec   0x0000003c   Code   RO         5524    i.SDMMC_CmdStopTransfer  stm32f1xx_ll_sdmmc.o
    0x08006528   0x08006528   0x00000038   Code   RO         5526    i.SDMMC_CmdWriteMultiBlock  stm32f1xx_ll_sdmmc.o
    0x08006560   0x08006560   0x00000038   Code   RO         5527    i.SDMMC_CmdWriteSingleBlock  stm32f1xx_ll_sdmmc.o
    0x08006598   0x08006598   0x00000040   Code   RO         5528    i.SDMMC_GetCmdError  stm32f1xx_ll_sdmmc.o
    0x080065d8   0x080065d8   0x000001ac   Code   RO         5529    i.SDMMC_GetCmdResp1  stm32f1xx_ll_sdmmc.o
    0x08006784   0x08006784   0x00000064   Code   RO         5530    i.SDMMC_GetCmdResp2  stm32f1xx_ll_sdmmc.o
    0x080067e8   0x080067e8   0x00000058   Code   RO         5531    i.SDMMC_GetCmdResp3  stm32f1xx_ll_sdmmc.o
    0x08006840   0x08006840   0x000000b8   Code   RO         5532    i.SDMMC_GetCmdResp6  stm32f1xx_ll_sdmmc.o
    0x080068f8   0x080068f8   0x0000006c   Code   RO         5533    i.SDMMC_GetCmdResp7  stm32f1xx_ll_sdmmc.o
    0x08006964   0x08006964   0x00000102   Code   RO         5025    i.SD_InitCard       stm32f1xx_hal_sd.o
    0x08006a66   0x08006a66   0x00000002   PAD
    0x08006a68   0x08006a68   0x000000cc   Code   RO         5027    i.SD_PowerON        stm32f1xx_hal_sd.o
    0x08006b34   0x08006b34   0x00000030   Code   RO         5030    i.SD_SendStatus     stm32f1xx_hal_sd.o
    0x08006b64   0x08006b64   0x00000028   Code   RO         4252    i.SPI_EndRxTxTransaction  stm32f1xx_hal_spi.o
    0x08006b8c   0x08006b8c   0x00000006   Code   RO         4253    i.SPI_ISCRCErrorValid  stm32f1xx_hal_spi.o
    0x08006b92   0x08006b92   0x00000002   PAD
    0x08006b94   0x08006b94   0x000000d8   Code   RO         4260    i.SPI_WaitFlagStateUntilTimeout  stm32f1xx_hal_spi.o
    0x08006c6c   0x08006c6c   0x00000054   Code   RO        11224    i.STORAGE_GetCapacity  usbd_storage.o
    0x08006cc0   0x08006cc0   0x00000018   Code   RO        11225    i.STORAGE_GetMaxLun  usbd_storage.o
    0x08006cd8   0x08006cd8   0x00000022   Code   RO        11226    i.STORAGE_Init      usbd_storage.o
    0x08006cfa   0x08006cfa   0x00000002   PAD
    0x08006cfc   0x08006cfc   0x00000018   Code   RO        11227    i.STORAGE_IsReady   usbd_storage.o
    0x08006d14   0x08006d14   0x00000006   Code   RO        11228    i.STORAGE_IsWriteProtected  usbd_storage.o
    0x08006d1a   0x08006d1a   0x00000002   PAD
    0x08006d1c   0x08006d1c   0x0000007c   Code   RO        11229    i.STORAGE_Read      usbd_storage.o
    0x08006d98   0x08006d98   0x0000007c   Code   RO        11230    i.STORAGE_Write     usbd_storage.o
    0x08006e14   0x08006e14   0x00000002   Code   RO          436    i.SVC_Handler       stm32f1xx_it.o
    0x08006e16   0x08006e16   0x00000008   Code   RO          437    i.SysTick_Handler   stm32f1xx_it.o
    0x08006e1e   0x08006e1e   0x00000002   Code   RO          509    i.SystemInit        system_stm32f1xx.o
    0x08006e20   0x08006e20   0x0000002c   Code   RO         6391    i.TIM2_IRQHandler   gtime.o
    0x08006e4c   0x08006e4c   0x00000044   Code   RO         8572    i.TIM4_IRQHandler   usmart_port.o
    0x08006e90   0x08006e90   0x00000010   Code   RO         6392    i.TIM5_IRQHandler   gtime.o
    0x08006ea0   0x08006ea0   0x00000010   Code   RO         6466    i.TIM8_CC_IRQHandler  atim.o
    0x08006eb0   0x08006eb0   0x0000009c   Code   RO         2145    i.TIM_Base_SetConfig  stm32f1xx_hal_tim.o
    0x08006f4c   0x08006f4c   0x00000014   Code   RO         1413    i.UART_DMAAbortOnError  stm32f1xx_hal_uart.o
    0x08006f60   0x08006f60   0x00000020   Code   RO         1423    i.UART_EndRxTransfer  stm32f1xx_hal_uart.o
    0x08006f80   0x08006f80   0x00000020   Code   RO         1424    i.UART_EndTransmit_IT  stm32f1xx_hal_uart.o
    0x08006fa0   0x08006fa0   0x000000a0   Code   RO         1426    i.UART_Receive_IT   stm32f1xx_hal_uart.o
    0x08007040   0x08007040   0x000000fc   Code   RO         1427    i.UART_SetConfig    stm32f1xx_hal_uart.o
    0x0800713c   0x0800713c   0x00000060   Code   RO         1428    i.UART_Transmit_IT  stm32f1xx_hal_uart.o
    0x0800719c   0x0800719c   0x00000024   Code   RO          547    i.USART1_IRQHandler  usart.o
    0x080071c0   0x080071c0   0x00000016   Code   RO        10165    i.USBD_ClrClassConfig  usbd_core.o
    0x080071d6   0x080071d6   0x0000003e   Code   RO        10315    i.USBD_ClrFeature   usbd_ctlreq.o
    0x08007214   0x08007214   0x00000018   Code   RO        10416    i.USBD_CtlContinueRx  usbd_ioreq.o
    0x0800722c   0x0800722c   0x00000018   Code   RO        10417    i.USBD_CtlContinueSendData  usbd_ioreq.o
    0x08007244   0x08007244   0x00000018   Code   RO        10316    i.USBD_CtlError     usbd_ctlreq.o
    0x0800725c   0x0800725c   0x0000001a   Code   RO        10419    i.USBD_CtlReceiveStatus  usbd_ioreq.o
    0x08007276   0x08007276   0x00000022   Code   RO        10420    i.USBD_CtlSendData  usbd_ioreq.o
    0x08007298   0x08007298   0x0000001a   Code   RO        10421    i.USBD_CtlSendStatus  usbd_ioreq.o
    0x080072b2   0x080072b2   0x00000056   Code   RO        10317    i.USBD_GetConfig    usbd_ctlreq.o
    0x08007308   0x08007308   0x000001f4   Code   RO        10318    i.USBD_GetDescriptor  usbd_ctlreq.o
    0x080074fc   0x080074fc   0x00000014   Code   RO        10319    i.USBD_GetLen       usbd_ctlreq.o
    0x08007510   0x08007510   0x0000005a   Code   RO        10320    i.USBD_GetStatus    usbd_ctlreq.o
    0x0800756a   0x0800756a   0x00000052   Code   RO        10321    i.USBD_GetString    usbd_ctlreq.o
    0x080075bc   0x080075bc   0x00000032   Code   RO        10167    i.USBD_Init         usbd_core.o
    0x080075ee   0x080075ee   0x00000014   Code   RO        10963    i.USBD_LL_ClearStallEP  usbd_conf.o
    0x08007602   0x08007602   0x00000014   Code   RO        10964    i.USBD_LL_CloseEP   usbd_conf.o
    0x08007616   0x08007616   0x00000100   Code   RO        10168    i.USBD_LL_DataInStage  usbd_core.o
    0x08007716   0x08007716   0x000000a6   Code   RO        10169    i.USBD_LL_DataOutStage  usbd_core.o
    0x080077bc   0x080077bc   0x00000014   Code   RO        10967    i.USBD_LL_FlushEP   usbd_conf.o
    0x080077d0   0x080077d0   0x00000012   Code   RO        10968    i.USBD_LL_GetRxDataSize  usbd_conf.o
    0x080077e2   0x080077e2   0x00000002   PAD
    0x080077e4   0x080077e4   0x0000007c   Code   RO        10969    i.USBD_LL_Init      usbd_conf.o
    0x08007860   0x08007860   0x00000038   Code   RO        10970    i.USBD_LL_IsStallEP  usbd_conf.o
    0x08007898   0x08007898   0x00000020   Code   RO        10971    i.USBD_LL_OpenEP    usbd_conf.o
    0x080078b8   0x080078b8   0x00000020   Code   RO        10972    i.USBD_LL_PrepareReceive  usbd_conf.o
    0x080078d8   0x080078d8   0x0000005c   Code   RO        10174    i.USBD_LL_Reset     usbd_core.o
    0x08007934   0x08007934   0x00000016   Code   RO        10175    i.USBD_LL_Resume    usbd_core.o
    0x0800794a   0x0800794a   0x00000022   Code   RO        10176    i.USBD_LL_SOF       usbd_core.o
    0x0800796c   0x0800796c   0x00000008   Code   RO        10177    i.USBD_LL_SetSpeed  usbd_core.o
    0x08007974   0x08007974   0x00000020   Code   RO        10973    i.USBD_LL_SetUSBAddress  usbd_conf.o
    0x08007994   0x08007994   0x0000006e   Code   RO        10178    i.USBD_LL_SetupStage  usbd_core.o
    0x08007a02   0x08007a02   0x00000014   Code   RO        10974    i.USBD_LL_StallEP   usbd_conf.o
    0x08007a16   0x08007a16   0x00000010   Code   RO        10975    i.USBD_LL_Start     usbd_conf.o
    0x08007a26   0x08007a26   0x00000014   Code   RO        10179    i.USBD_LL_Suspend   usbd_core.o
    0x08007a3a   0x08007a3a   0x00000020   Code   RO        10977    i.USBD_LL_Transmit  usbd_conf.o
    0x08007a5a   0x08007a5a   0x00000002   PAD
    0x08007a5c   0x08007a5c   0x00000024   Code   RO        11149    i.USBD_MSC_ConfigStrDescriptor  usbd_desc.o
    0x08007a80   0x08007a80   0x00000012   Code   RO        10581    i.USBD_MSC_DataIn   usbd_msc.o
    0x08007a92   0x08007a92   0x00000012   Code   RO        10582    i.USBD_MSC_DataOut  usbd_msc.o
    0x08007aa4   0x08007aa4   0x00000040   Code   RO        10583    i.USBD_MSC_DeInit   usbd_msc.o
    0x08007ae4   0x08007ae4   0x00000010   Code   RO        11150    i.USBD_MSC_DeviceDescriptor  usbd_desc.o
    0x08007af4   0x08007af4   0x00000010   Code   RO        10584    i.USBD_MSC_GetDeviceQualifierDescriptor  usbd_msc.o
    0x08007b04   0x08007b04   0x00000010   Code   RO        10585    i.USBD_MSC_GetFSCfgDesc  usbd_msc.o
    0x08007b14   0x08007b14   0x00000010   Code   RO        10586    i.USBD_MSC_GetHSCfgDesc  usbd_msc.o
    0x08007b24   0x08007b24   0x00000010   Code   RO        10587    i.USBD_MSC_GetOtherSpeedCfgDesc  usbd_msc.o
    0x08007b34   0x08007b34   0x00000074   Code   RO        10588    i.USBD_MSC_Init     usbd_msc.o
    0x08007ba8   0x08007ba8   0x00000028   Code   RO        11151    i.USBD_MSC_InterfaceStrDescriptor  usbd_desc.o
    0x08007bd0   0x08007bd0   0x00000010   Code   RO        11152    i.USBD_MSC_LangIDStrDescriptor  usbd_desc.o
    0x08007be0   0x08007be0   0x0000002c   Code   RO        11153    i.USBD_MSC_ManufacturerStrDescriptor  usbd_desc.o
    0x08007c0c   0x08007c0c   0x00000030   Code   RO        11154    i.USBD_MSC_ProductStrDescriptor  usbd_desc.o
    0x08007c3c   0x08007c3c   0x0000000c   Code   RO        10589    i.USBD_MSC_RegisterStorage  usbd_msc.o
    0x08007c48   0x08007c48   0x00000018   Code   RO        11155    i.USBD_MSC_SerialStrDescriptor  usbd_desc.o
    0x08007c60   0x08007c60   0x000001c4   Code   RO        10590    i.USBD_MSC_Setup    usbd_msc.o
    0x08007e24   0x08007e24   0x00000028   Code   RO        10322    i.USBD_ParseSetupRequest  usbd_ctlreq.o
    0x08007e4c   0x08007e4c   0x00000010   Code   RO        10180    i.USBD_RegisterClass  usbd_core.o
    0x08007e5c   0x08007e5c   0x00000006   Code   RO        10181    i.USBD_RunTestMode  usbd_core.o
    0x08007e62   0x08007e62   0x0000005a   Code   RO        10323    i.USBD_SetAddress   usbd_ctlreq.o
    0x08007ebc   0x08007ebc   0x00000022   Code   RO        10182    i.USBD_SetClassConfig  usbd_core.o
    0x08007ede   0x08007ede   0x00000002   PAD
    0x08007ee0   0x08007ee0   0x000000e8   Code   RO        10324    i.USBD_SetConfig    usbd_ctlreq.o
    0x08007fc8   0x08007fc8   0x00000018   Code   RO        10325    i.USBD_SetFeature   usbd_ctlreq.o
    0x08007fe0   0x08007fe0   0x0000000e   Code   RO        10183    i.USBD_Start        usbd_core.o
    0x08007fee   0x08007fee   0x000000a2   Code   RO        10326    i.USBD_StdDevReq    usbd_ctlreq.o
    0x08008090   0x08008090   0x00000238   Code   RO        10327    i.USBD_StdEPReq     usbd_ctlreq.o
    0x080082c8   0x080082c8   0x0000007e   Code   RO        10328    i.USBD_StdItfReq    usbd_ctlreq.o
    0x08008346   0x08008346   0x0000044c   Code   RO         5766    i.USB_ActivateEndpoint  stm32f1xx_ll_usb.o
    0x08008792   0x08008792   0x00000008   Code   RO         5769    i.USB_CoreInit      stm32f1xx_ll_usb.o
    0x0800879a   0x0800879a   0x0000027c   Code   RO         5771    i.USB_DeactivateEndpoint  stm32f1xx_ll_usb.o
    0x08008a16   0x08008a16   0x00000006   Code   RO         5772    i.USB_DevConnect    stm32f1xx_ll_usb.o
    0x08008a1c   0x08008a1c   0x00000006   Code   RO         5773    i.USB_DevDisconnect  stm32f1xx_ll_usb.o
    0x08008a22   0x08008a22   0x00000016   Code   RO         5774    i.USB_DevInit       stm32f1xx_ll_usb.o
    0x08008a38   0x08008a38   0x00000014   Code   RO         5775    i.USB_DisableGlobalInt  stm32f1xx_ll_usb.o
    0x08008a4c   0x08008a4c   0x00000006   Code   RO         5776    i.USB_EP0_OutStart  stm32f1xx_ll_usb.o
    0x08008a52   0x08008a52   0x000000da   Code   RO         5777    i.USB_EPClearStall  stm32f1xx_ll_usb.o
    0x08008b2c   0x08008b2c   0x0000005c   Code   RO         5778    i.USB_EPSetStall    stm32f1xx_ll_usb.o
    0x08008b88   0x08008b88   0x000009fe   Code   RO         5779    i.USB_EPStartXfer   stm32f1xx_ll_usb.o
    0x08009586   0x08009586   0x00000012   Code   RO         5780    i.USB_EnableGlobalInt  stm32f1xx_ll_usb.o
    0x08009598   0x08009598   0x00000006   Code   RO         5781    i.USB_FlushRxFifo   stm32f1xx_ll_usb.o
    0x0800959e   0x0800959e   0x00000006   Code   RO         5782    i.USB_FlushTxFifo   stm32f1xx_ll_usb.o
    0x080095a4   0x080095a4   0x00000010   Code   RO        10978    i.USB_LP_CAN1_RX0_IRQHandler  usbd_conf.o
    0x080095b4   0x080095b4   0x00000008   Code   RO         5787    i.USB_ReadInterrupts  stm32f1xx_ll_usb.o
    0x080095bc   0x080095bc   0x0000004a   Code   RO         5788    i.USB_ReadPMA       stm32f1xx_ll_usb.o
    0x08009606   0x08009606   0x00000006   Code   RO         5789    i.USB_SetCurrentMode  stm32f1xx_ll_usb.o
    0x0800960c   0x0800960c   0x0000000e   Code   RO         5790    i.USB_SetDevAddress  stm32f1xx_ll_usb.o
    0x0800961a   0x0800961a   0x00000042   Code   RO         5792    i.USB_WritePMA      stm32f1xx_ll_usb.o
    0x0800965c   0x0800965c   0x00000004   Code   RO          438    i.UsageFault_Handler  stm32f1xx_it.o
    0x08009660   0x08009660   0x00000010   Code   RO         6329    i.WWDG_IRQHandler   wdg.o
    0x08009670   0x08009670   0x00000028   Code   RO        11646    i.__ARM_fpclassify  m_ws.l(fpclassify.o)
    0x08009698   0x08009698   0x00000010   Code   RO          928    i.__NVIC_GetPriorityGrouping  stm32f1xx_hal_cortex.o
    0x080096a8   0x080096a8   0x00000028   Code   RO          929    i.__NVIC_SetPriority  stm32f1xx_hal_cortex.o
    0x080096d0   0x080096d0   0x0000000e   Code   RO        11353    i._is_digit         c_w.l(__printf_wp.o)
    0x080096de   0x080096de   0x00000004   Code   RO          549    i._sys_exit         usart.o
    0x080096e2   0x080096e2   0x00000008   Code   RO         7192    i.at24cxx_init      24cxx.o
    0x080096ea   0x080096ea   0x00000024   Code   RO         7193    i.at24cxx_read      24cxx.o
    0x0800970e   0x0800970e   0x00000052   Code   RO         7194    i.at24cxx_read_one_byte  24cxx.o
    0x08009760   0x08009760   0x00000024   Code   RO         7195    i.at24cxx_write     24cxx.o
    0x08009784   0x08009784   0x0000004a   Code   RO         7196    i.at24cxx_write_one_byte  24cxx.o
    0x080097ce   0x080097ce   0x0000008a   Code   RO         8835    i.change_bitmap     ff.o
    0x08009858   0x08009858   0x00000104   Code   RO         8836    i.check_fs          ff.o
    0x0800995c   0x0800995c   0x00000062   Code   RO         8837    i.clmt_clust        ff.o
    0x080099be   0x080099be   0x0000001a   Code   RO         8838    i.clst2sect         ff.o
    0x080099d8   0x080099d8   0x00000098   Code   RO         8839    i.cmp_lfn           ff.o
    0x08009a70   0x08009a70   0x000001cc   Code   RO         8840    i.create_chain      ff.o
    0x08009c3c   0x08009c3c   0x0000025c   Code   RO         8841    i.create_name       ff.o
    0x08009e98   0x08009e98   0x0000015a   Code   RO         8842    i.create_partition  ff.o
    0x08009ff2   0x08009ff2   0x00000090   Code   RO         8843    i.create_xdir       ff.o
    0x0800a082   0x0800a082   0x00000002   PAD
    0x0800a084   0x0800a084   0x00000058   Code   RO         7663    i.ct_iic_ack        ctiic.o
    0x0800a0dc   0x0800a0dc   0x0000000a   Code   RO         7664    i.ct_iic_delay      ctiic.o
    0x0800a0e6   0x0800a0e6   0x00000002   PAD
    0x0800a0e8   0x0800a0e8   0x00000080   Code   RO         7665    i.ct_iic_init       ctiic.o
    0x0800a168   0x0800a168   0x00000044   Code   RO         7666    i.ct_iic_nack       ctiic.o
    0x0800a1ac   0x0800a1ac   0x00000064   Code   RO         7667    i.ct_iic_read_byte  ctiic.o
    0x0800a210   0x0800a210   0x00000070   Code   RO         7668    i.ct_iic_send_byte  ctiic.o
    0x0800a280   0x0800a280   0x00000054   Code   RO         7669    i.ct_iic_start      ctiic.o
    0x0800a2d4   0x0800a2d4   0x00000044   Code   RO         7670    i.ct_iic_stop       ctiic.o
    0x0800a318   0x0800a318   0x00000070   Code   RO         7671    i.ct_iic_wait_ack   ctiic.o
    0x0800a388   0x0800a388   0x0000009c   Code   RO         7094    i.dac_set_voltage   dac.o
    0x0800a424   0x0800a424   0x00000034   Code   RO         8844    i.dbc_1st           ff.o
    0x0800a458   0x0800a458   0x00000048   Code   RO         8845    i.dbc_2nd           ff.o
    0x0800a4a0   0x0800a4a0   0x00000028   Code   RO          696    i.delay_init        delay.o
    0x0800a4c8   0x0800a4c8   0x00000038   Code   RO          697    i.delay_ms          delay.o
    0x0800a500   0x0800a500   0x0000004c   Code   RO          698    i.delay_us          delay.o
    0x0800a54c   0x0800a54c   0x0000007c   Code   RO         8846    i.dir_alloc         ff.o
    0x0800a5c8   0x0800a5c8   0x000000c2   Code   RO         8847    i.dir_clear         ff.o
    0x0800a68a   0x0800a68a   0x000001a8   Code   RO         8848    i.dir_find          ff.o
    0x0800a832   0x0800a832   0x000000e0   Code   RO         8849    i.dir_next          ff.o
    0x0800a912   0x0800a912   0x00000102   Code   RO         8850    i.dir_read          ff.o
    0x0800aa14   0x0800aa14   0x0000022a   Code   RO         8851    i.dir_register      ff.o
    0x0800ac3e   0x0800ac3e   0x00000072   Code   RO         8852    i.dir_remove        ff.o
    0x0800acb0   0x0800acb0   0x000000aa   Code   RO         8853    i.dir_sdi           ff.o
    0x0800ad5a   0x0800ad5a   0x0000002c   Code   RO         8787    i.disk_initialize   diskio.o
    0x0800ad86   0x0800ad86   0x00000002   PAD
    0x0800ad88   0x0800ad88   0x000000b4   Code   RO         8788    i.disk_ioctl        diskio.o
    0x0800ae3c   0x0800ae3c   0x0000007e   Code   RO         8789    i.disk_read         diskio.o
    0x0800aeba   0x0800aeba   0x00000006   Code   RO         8790    i.disk_status       diskio.o
    0x0800aec0   0x0800aec0   0x0000007e   Code   RO         8791    i.disk_write        diskio.o
    0x0800af3e   0x0800af3e   0x00000002   PAD
    0x0800af40   0x0800af40   0x00000044   Code   RO         9331    i.exfuns_init       exfuns.o
    0x0800af84   0x0800af84   0x00000026   Code   RO         8854    i.f_close           ff.o
    0x0800afaa   0x0800afaa   0x00000018   Code   RO         8855    i.f_closedir        ff.o
    0x0800afc2   0x0800afc2   0x0000015c   Code   RO         8856    i.f_getfree         ff.o
    0x0800b11e   0x0800b11e   0x0000013c   Code   RO         8857    i.f_getlabel        ff.o
    0x0800b25a   0x0800b25a   0x00000050   Code   RO         8858    i.f_gets            ff.o
    0x0800b2aa   0x0800b2aa   0x00000456   Code   RO         8859    i.f_lseek           ff.o
    0x0800b700   0x0800b700   0x000001a2   Code   RO         8860    i.f_mkdir           ff.o
    0x0800b8a2   0x0800b8a2   0x00000002   PAD
    0x0800b8a4   0x0800b8a4   0x00000dfc   Code   RO         8861    i.f_mkfs            ff.o
    0x0800c6a0   0x0800c6a0   0x00000054   Code   RO         8862    i.f_mount           ff.o
    0x0800c6f4   0x0800c6f4   0x00000312   Code   RO         8863    i.f_open            ff.o
    0x0800ca06   0x0800ca06   0x000000b8   Code   RO         8864    i.f_opendir         ff.o
    0x0800cabe   0x0800cabe   0x00000022   Code   RO         8866    i.f_putc            ff.o
    0x0800cae0   0x0800cae0   0x0000002c   Code   RO         8867    i.f_puts            ff.o
    0x0800cb0c   0x0800cb0c   0x00000228   Code   RO         8868    i.f_read            ff.o
    0x0800cd34   0x0800cd34   0x00000070   Code   RO         8869    i.f_readdir         ff.o
    0x0800cda4   0x0800cda4   0x00000204   Code   RO         8870    i.f_rename          ff.o
    0x0800cfa8   0x0800cfa8   0x000001ec   Code   RO         8871    i.f_setlabel        ff.o
    0x0800d194   0x0800d194   0x000001a8   Code   RO         8873    i.f_sync            ff.o
    0x0800d33c   0x0800d33c   0x000000fc   Code   RO         8875    i.f_unlink          ff.o
    0x0800d438   0x0800d438   0x00000284   Code   RO         8876    i.f_write           ff.o
    0x0800d6bc   0x0800d6bc   0x0000000e   Code   RO         9288    i.ff_memalloc       ffsystem.o
    0x0800d6ca   0x0800d6ca   0x0000000e   Code   RO         9289    i.ff_memfree        ffsystem.o
    0x0800d6d8   0x0800d6d8   0x00000088   Code   RO        10015    i.ff_oem2uni        myffunicode.o
    0x0800d760   0x0800d760   0x00000084   Code   RO        10016    i.ff_uni2oem        myffunicode.o
    0x0800d7e4   0x0800d7e4   0x000000b0   Code   RO        10017    i.ff_wtoupper       myffunicode.o
    0x0800d894   0x0800d894   0x00000036   Code   RO         8877    i.fill_first_frag   ff.o
    0x0800d8ca   0x0800d8ca   0x00000044   Code   RO         8878    i.fill_last_frag    ff.o
    0x0800d90e   0x0800d90e   0x000000a4   Code   RO         8879    i.find_bitmap       ff.o
    0x0800d9b2   0x0800d9b2   0x00000078   Code   RO         8880    i.find_volume       ff.o
    0x0800da2a   0x0800da2a   0x000000c4   Code   RO         8881    i.follow_path       ff.o
    0x0800daee   0x0800daee   0x00000002   PAD
    0x0800daf0   0x0800daf0   0x0000001c   Code   RO          551    i.fputc             usart.o
    0x0800db0c   0x0800db0c   0x00000140   Code   RO         7737    i.ft5206_init       ft5206.o
    0x0800dc4c   0x0800dc4c   0x00000058   Code   RO         7738    i.ft5206_rd_reg     ft5206.o
    0x0800dca4   0x0800dca4   0x000001a4   Code   RO         7739    i.ft5206_scan       ft5206.o
    0x0800de48   0x0800de48   0x00000052   Code   RO         7740    i.ft5206_wr_reg     ft5206.o
    0x0800de9a   0x0800de9a   0x00000002   PAD
    0x0800de9c   0x0800de9c   0x000000d4   Code   RO         8882    i.gen_numname       ff.o
    0x0800df70   0x0800df70   0x00000194   Code   RO         8883    i.get_fat           ff.o
    0x0800e104   0x0800e104   0x00000004   Code   RO         9290    i.get_fattime       ffsystem.o
    0x0800e108   0x0800e108   0x0000027a   Code   RO         8884    i.get_fileinfo      ff.o
    0x0800e382   0x0800e382   0x0000004e   Code   RO         8885    i.get_ldnumber      ff.o
    0x0800e3d0   0x0800e3d0   0x00000018   Code   RO         8029    i.get_sd_card_state  sdio_sdcard.o
    0x0800e3e8   0x0800e3e8   0x00000138   Code   RO         7789    i.gt9xxx_init       gt9xxx.o
    0x0800e520   0x0800e520   0x00000062   Code   RO         7790    i.gt9xxx_rd_reg     gt9xxx.o
    0x0800e582   0x0800e582   0x00000002   PAD
    0x0800e584   0x0800e584   0x000002d8   Code   RO         7791    i.gt9xxx_scan       gt9xxx.o
    0x0800e85c   0x0800e85c   0x0000005c   Code   RO         7792    i.gt9xxx_wr_reg     gt9xxx.o
    0x0800e8b8   0x0800e8b8   0x00000054   Code   RO         7248    i.iic_ack           myiic.o
    0x0800e90c   0x0800e90c   0x0000000a   Code   RO         7249    i.iic_delay         myiic.o
    0x0800e916   0x0800e916   0x00000002   PAD
    0x0800e918   0x0800e918   0x0000007c   Code   RO         7250    i.iic_init          myiic.o
    0x0800e994   0x0800e994   0x00000040   Code   RO         7251    i.iic_nack          myiic.o
    0x0800e9d4   0x0800e9d4   0x00000060   Code   RO         7252    i.iic_read_byte     myiic.o
    0x0800ea34   0x0800ea34   0x00000070   Code   RO         7253    i.iic_send_byte     myiic.o
    0x0800eaa4   0x0800eaa4   0x00000050   Code   RO         7254    i.iic_start         myiic.o
    0x0800eaf4   0x0800eaf4   0x00000040   Code   RO         7255    i.iic_stop          myiic.o
    0x0800eb34   0x0800eb34   0x00000068   Code   RO         7256    i.iic_wait_ack      myiic.o
    0x0800eb9c   0x0800eb9c   0x00000032   Code   RO         8886    i.init_alloc_info   ff.o
    0x0800ebce   0x0800ebce   0x00000002   PAD
    0x0800ebd0   0x0800ebd0   0x000000c8   Code   RO         6248    i.key_init          key.o
    0x0800ec98   0x0800ec98   0x00000030   Code   RO         6546    i.lcd_clear         lcd.o
    0x0800ecc8   0x0800ecc8   0x0000017c   Code   RO         6548    i.lcd_display_dir   lcd.o
    0x0800ee44   0x0800ee44   0x000000aa   Code   RO         6551    i.lcd_draw_circle   lcd.o
    0x0800eeee   0x0800eeee   0x000000ac   Code   RO         6553    i.lcd_draw_line     lcd.o
    0x0800ef9a   0x0800ef9a   0x0000001c   Code   RO         6554    i.lcd_draw_point    lcd.o
    0x0800efb6   0x0800efb6   0x0000004a   Code   RO         6555    i.lcd_draw_rectangle  lcd.o
    0x0800f000   0x0800f000   0x0000022c   Code   RO         6556    i.lcd_ex_ili9341_reginit  lcd.o
    0x0800f22c   0x0800f22c   0x00000ef2   Code   RO         6557    i.lcd_ex_nt35310_reginit  lcd.o
    0x0801011e   0x0801011e   0x00000efc   Code   RO         6558    i.lcd_ex_nt35510_reginit  lcd.o
    0x0801101a   0x0801101a   0x000001ee   Code   RO         6559    i.lcd_ex_spfd5408_reginit  lcd.o
    0x08011208   0x08011208   0x0000016e   Code   RO         6560    i.lcd_ex_ssd1963_reginit  lcd.o
    0x08011376   0x08011376   0x000001a8   Code   RO         6561    i.lcd_ex_st7789_reginit  lcd.o
    0x0801151e   0x0801151e   0x00000052   Code   RO         6562    i.lcd_fill          lcd.o
    0x08011570   0x08011570   0x000003dc   Code   RO         6564    i.lcd_init          lcd.o
    0x0801194c   0x0801194c   0x0000000c   Code   RO         6565    i.lcd_opt_delay     lcd.o
    0x08011958   0x08011958   0x00000016   Code   RO         6566    i.lcd_pow           lcd.o
    0x0801196e   0x0801196e   0x00000016   Code   RO         6567    i.lcd_rd_data       lcd.o
    0x08011984   0x08011984   0x000000bc   Code   RO         6568    i.lcd_read_point    lcd.o
    0x08011a40   0x08011a40   0x00000374   Code   RO         6569    i.lcd_scan_dir      lcd.o
    0x08011db4   0x08011db4   0x00000188   Code   RO         6570    i.lcd_set_cursor    lcd.o
    0x08011f3c   0x08011f3c   0x00000268   Code   RO         6571    i.lcd_set_window    lcd.o
    0x080121a4   0x080121a4   0x00000140   Code   RO         6572    i.lcd_show_char     lcd.o
    0x080122e4   0x080122e4   0x00000098   Code   RO         6573    i.lcd_show_num      lcd.o
    0x0801237c   0x0801237c   0x0000006a   Code   RO         6574    i.lcd_show_string   lcd.o
    0x080123e6   0x080123e6   0x000000c6   Code   RO         6575    i.lcd_show_xnum     lcd.o
    0x080124ac   0x080124ac   0x00000054   Code   RO         6576    i.lcd_ssd_backlight_set  lcd.o
    0x08012500   0x08012500   0x00000014   Code   RO         6577    i.lcd_wr_data       lcd.o
    0x08012514   0x08012514   0x00000014   Code   RO         6578    i.lcd_wr_regno      lcd.o
    0x08012528   0x08012528   0x00000010   Code   RO         6579    i.lcd_write_ram_prepare  lcd.o
    0x08012538   0x08012538   0x0000000a   Code   RO         6580    i.lcd_write_reg     lcd.o
    0x08012542   0x08012542   0x00000002   PAD
    0x08012544   0x08012544   0x00000048   Code   RO         6581    i.lcd_xy_convert    lcd.o
    0x0801258c   0x0801258c   0x00000026   Code   RO         8887    i.ld_clust          ff.o
    0x080125b2   0x080125b2   0x00000018   Code   RO         8888    i.ld_dword          ff.o
    0x080125ca   0x080125ca   0x00000062   Code   RO         8889    i.ld_qword          ff.o
    0x0801262c   0x0801262c   0x0000000c   Code   RO         8890    i.ld_word           ff.o
    0x08012638   0x08012638   0x00000098   Code   RO         6219    i.led_init          led.o
    0x080126d0   0x080126d0   0x00000028   Code   RO           13    i.led_set           main.o
    0x080126f8   0x080126f8   0x00000040   Code   RO         8891    i.load_obj_xdir     ff.o
    0x08012738   0x08012738   0x0000010e   Code   RO         8892    i.load_xdir         ff.o
    0x08012846   0x08012846   0x00000002   PAD
    0x08012848   0x08012848   0x0000047c   Code   RO           14    i.main              main.o
    0x08012cc4   0x08012cc4   0x00000014   Code   RO         9399    i.mf_close          fattester.o
    0x08012cd8   0x08012cd8   0x00000010   Code   RO         9400    i.mf_closedir       fattester.o
    0x08012ce8   0x08012ce8   0x0000002c   Code   RO         9401    i.mf_fmkfs          fattester.o
    0x08012d14   0x08012d14   0x00000020   Code   RO         9402    i.mf_free           fattester.o
    0x08012d34   0x08012d34   0x00000084   Code   RO         9403    i.mf_getlabel       fattester.o
    0x08012db8   0x08012db8   0x00000048   Code   RO         9404    i.mf_gets           fattester.o
    0x08012e00   0x08012e00   0x00000040   Code   RO         9405    i.mf_init           fattester.o
    0x08012e40   0x08012e40   0x00000018   Code   RO         9406    i.mf_lseek          fattester.o
    0x08012e58   0x08012e58   0x0000000c   Code   RO         9407    i.mf_mkdir          fattester.o
    0x08012e64   0x08012e64   0x00000018   Code   RO         9408    i.mf_mount          fattester.o
    0x08012e7c   0x08012e7c   0x0000001c   Code   RO         9409    i.mf_open           fattester.o
    0x08012e98   0x08012e98   0x00000014   Code   RO         9410    i.mf_opendir        fattester.o
    0x08012eac   0x08012eac   0x00000018   Code   RO         9411    i.mf_putc           fattester.o
    0x08012ec4   0x08012ec4   0x00000018   Code   RO         9412    i.mf_puts           fattester.o
    0x08012edc   0x08012edc   0x0000015c   Code   RO         9413    i.mf_read           fattester.o
    0x08013038   0x08013038   0x00000274   Code   RO         9414    i.mf_readdir        fattester.o
    0x080132ac   0x080132ac   0x00000010   Code   RO         9415    i.mf_rename         fattester.o
    0x080132bc   0x080132bc   0x00000064   Code   RO         9416    i.mf_scan_files     fattester.o
    0x08013320   0x08013320   0x0000005c   Code   RO         9417    i.mf_setlabel       fattester.o
    0x0801337c   0x0801337c   0x000000a8   Code   RO         9418    i.mf_showfree       fattester.o
    0x08013424   0x08013424   0x0000000c   Code   RO         9419    i.mf_size           fattester.o
    0x08013430   0x08013430   0x0000000c   Code   RO         9420    i.mf_tell           fattester.o
    0x0801343c   0x0801343c   0x0000000c   Code   RO         9421    i.mf_unlink         fattester.o
    0x08013448   0x08013448   0x000000c4   Code   RO         9422    i.mf_write          fattester.o
    0x0801350c   0x0801350c   0x00000474   Code   RO         8893    i.mount_volume      ff.o
    0x08013980   0x08013980   0x00000034   Code   RO         8894    i.move_window       ff.o
    0x080139b4   0x080139b4   0x0000006c   Code   RO         8708    i.my_mem_free       malloc.o
    0x08013a20   0x08013a20   0x00000030   Code   RO         8709    i.my_mem_init       malloc.o
    0x08013a50   0x08013a50   0x000000a8   Code   RO         8710    i.my_mem_malloc     malloc.o
    0x08013af8   0x08013af8   0x00000040   Code   RO         8711    i.my_mem_perused    malloc.o
    0x08013b38   0x08013b38   0x00000014   Code   RO         8712    i.my_mem_set        malloc.o
    0x08013b4c   0x08013b4c   0x00000024   Code   RO         8713    i.myfree            malloc.o
    0x08013b70   0x08013b70   0x00000028   Code   RO         8714    i.mymalloc          malloc.o
    0x08013b98   0x08013b98   0x00000044   Code   RO         7386    i.norflash_erase_sector  norflash.o
    0x08013bdc   0x08013bdc   0x000000cc   Code   RO         7387    i.norflash_init     norflash.o
    0x08013ca8   0x08013ca8   0x00000050   Code   RO         7388    i.norflash_read     norflash.o
    0x08013cf8   0x08013cf8   0x00000050   Code   RO         7389    i.norflash_read_id  norflash.o
    0x08013d48   0x08013d48   0x0000005c   Code   RO         7390    i.norflash_read_sr  norflash.o
    0x08013da4   0x08013da4   0x00000034   Code   RO         7391    i.norflash_send_address  norflash.o
    0x08013dd8   0x08013dd8   0x00000014   Code   RO         7392    i.norflash_wait_busy  norflash.o
    0x08013dec   0x08013dec   0x000000b8   Code   RO         7393    i.norflash_write    norflash.o
    0x08013ea4   0x08013ea4   0x0000002c   Code   RO         7394    i.norflash_write_enable  norflash.o
    0x08013ed0   0x08013ed0   0x00000046   Code   RO         7395    i.norflash_write_nocheck  norflash.o
    0x08013f16   0x08013f16   0x00000002   PAD
    0x08013f18   0x08013f18   0x00000058   Code   RO         7396    i.norflash_write_page  norflash.o
    0x08013f70   0x08013f70   0x00000058   Code   RO         7397    i.norflash_write_sr  norflash.o
    0x08013fc8   0x08013fc8   0x0000008c   Code   RO         8895    i.pick_lfn          ff.o
    0x08014054   0x08014054   0x00000144   Code   RO         8896    i.put_fat           ff.o
    0x08014198   0x08014198   0x00000080   Code   RO         8897    i.put_lfn           ff.o
    0x08014218   0x08014218   0x00000042   Code   RO         8898    i.put_utf           ff.o
    0x0801425a   0x0801425a   0x00000044   Code   RO         8899    i.putc_bfd          ff.o
    0x0801429e   0x0801429e   0x0000002c   Code   RO         8900    i.putc_flush        ff.o
    0x080142ca   0x080142ca   0x00000012   Code   RO         8901    i.putc_init         ff.o
    0x080142dc   0x080142dc   0x00000006   Code   RO         8476    i.read_addr         usmart.o
    0x080142e2   0x080142e2   0x0000014a   Code   RO         8902    i.remove_chain      ff.o
    0x0801442c   0x0801442c   0x000000ac   Code   RO         6807    i.rtc_date2sec      rtc.o
    0x080144d8   0x080144d8   0x0000011c   Code   RO         6808    i.rtc_get_time      rtc.o
    0x080145f4   0x080145f4   0x00000050   Code   RO         6809    i.rtc_get_week      rtc.o
    0x08014644   0x08014644   0x000000b8   Code   RO         6810    i.rtc_init          rtc.o
    0x080146fc   0x080146fc   0x00000032   Code   RO         6811    i.rtc_is_leap_year  rtc.o
    0x0801472e   0x0801472e   0x00000002   PAD
    0x08014730   0x08014730   0x00000018   Code   RO         6812    i.rtc_read_bkr      rtc.o
    0x08014748   0x08014748   0x000000a8   Code   RO         6813    i.rtc_set_alarm     rtc.o
    0x080147f0   0x080147f0   0x000000a8   Code   RO         6814    i.rtc_set_time      rtc.o
    0x08014898   0x08014898   0x0000001c   Code   RO         6815    i.rtc_write_bkr     rtc.o
    0x080148b4   0x080148b4   0x00000038   Code   RO         8030    i.sd_init           sdio_sdcard.o
    0x080148ec   0x080148ec   0x00000050   Code   RO         8031    i.sd_read_disk      sdio_sdcard.o
    0x0801493c   0x0801493c   0x00000050   Code   RO         8034    i.sd_write_disk     sdio_sdcard.o
    0x0801498c   0x0801498c   0x0000007c   Code   RO         7323    i.spi2_init         spi.o
    0x08014a08   0x08014a08   0x00000020   Code   RO         7324    i.spi2_read_write_byte  spi.o
    0x08014a28   0x08014a28   0x00000048   Code   RO         7325    i.spi2_set_speed    spi.o
    0x08014a70   0x08014a70   0x00000024   Code   RO         8903    i.st_clust          ff.o
    0x08014a94   0x08014a94   0x00000018   Code   RO         8904    i.st_dword          ff.o
    0x08014aac   0x08014aac   0x0000005c   Code   RO         8905    i.st_qword          ff.o
    0x08014b08   0x08014b08   0x0000000c   Code   RO         8906    i.st_word           ff.o
    0x08014b14   0x08014b14   0x00000072   Code   RO         8907    i.store_xdir        ff.o
    0x08014b86   0x08014b86   0x00000020   Code   RO         8908    i.sum_sfn           ff.o
    0x08014ba6   0x08014ba6   0x00000002   PAD
    0x08014ba8   0x08014ba8   0x0000008c   Code   RO         8909    i.sync_fs           ff.o
    0x08014c34   0x08014c34   0x0000004a   Code   RO         8910    i.sync_window       ff.o
    0x08014c7e   0x08014c7e   0x00000066   Code   RO          628    i.sys_stm32_clock_init  sys.o
    0x08014ce4   0x08014ce4   0x0000004c   Code   RO         8911    i.tchar2uni         ff.o
    0x08014d30   0x08014d30   0x0000000c   Code   RO           16    i.test_fun          main.o
    0x08014d3c   0x08014d3c   0x000003f0   Code   RO         7530    i.tp_adjust         touch.o
    0x0801512c   0x0801512c   0x00000148   Code   RO         7531    i.tp_adjust_info_show  touch.o
    0x08015274   0x08015274   0x00000076   Code   RO         7533    i.tp_draw_touch_point  touch.o
    0x080152ea   0x080152ea   0x00000002   PAD
    0x080152ec   0x080152ec   0x00000028   Code   RO         7534    i.tp_get_adjust_data  touch.o
    0x08015314   0x08015314   0x00000200   Code   RO         7535    i.tp_init           touch.o
    0x08015514   0x08015514   0x000000dc   Code   RO         7536    i.tp_read_ad        touch.o
    0x080155f0   0x080155f0   0x00000078   Code   RO         7537    i.tp_read_xoy       touch.o
    0x08015668   0x08015668   0x00000044   Code   RO         7538    i.tp_read_xy        touch.o
    0x080156ac   0x080156ac   0x000000b0   Code   RO         7539    i.tp_read_xy2       touch.o
    0x0801575c   0x0801575c   0x0000001c   Code   RO         7540    i.tp_save_adjust_data  touch.o
    0x08015778   0x08015778   0x00000130   Code   RO         7541    i.tp_scan           touch.o
    0x080158a8   0x080158a8   0x00000064   Code   RO         7543    i.tp_write_byte     touch.o
    0x0801590c   0x0801590c   0x00000038   Code   RO          552    i.usart_init        usart.o
    0x08015944   0x08015944   0x000000bc   Code   RO        10979    i.usbd_port_config  usbd_conf.o
    0x08015a00   0x08015a00   0x000000b0   Code   RO         8477    i.usmart_cmd_rec    usmart.o
    0x08015ab0   0x08015ab0   0x000002d4   Code   RO         8478    i.usmart_exe        usmart.o
    0x08015d84   0x08015d84   0x000000d4   Code   RO         8623    i.usmart_get_aparm  usmart_str.o
    0x08015e58   0x08015e58   0x00000036   Code   RO         8624    i.usmart_get_cmdname  usmart_str.o
    0x08015e8e   0x08015e8e   0x00000002   PAD
    0x08015e90   0x08015e90   0x000001c0   Code   RO         8625    i.usmart_get_fname  usmart_str.o
    0x08016050   0x08016050   0x0000010c   Code   RO         8626    i.usmart_get_fparam  usmart_str.o
    0x0801615c   0x0801615c   0x00000028   Code   RO         8573    i.usmart_get_input_string  usmart_port.o
    0x08016184   0x08016184   0x00000020   Code   RO         8627    i.usmart_get_parmpos  usmart_str.o
    0x080161a4   0x080161a4   0x00000028   Code   RO         8479    i.usmart_init       usmart.o
    0x080161cc   0x080161cc   0x00000016   Code   RO         8628    i.usmart_pow        usmart_str.o
    0x080161e2   0x080161e2   0x00000002   PAD
    0x080161e4   0x080161e4   0x000000a8   Code   RO         8480    i.usmart_scan       usmart.o
    0x0801628c   0x0801628c   0x00000016   Code   RO         8629    i.usmart_search_nextc  usmart_str.o
    0x080162a2   0x080162a2   0x00000106   Code   RO         8630    i.usmart_str2num    usmart_str.o
    0x080163a8   0x080163a8   0x00000022   Code   RO         8631    i.usmart_strcmp     usmart_str.o
    0x080163ca   0x080163ca   0x00000016   Code   RO         8632    i.usmart_strcopy    usmart_str.o
    0x080163e0   0x080163e0   0x00000018   Code   RO         8633    i.usmart_strlen     usmart_str.o
    0x080163f8   0x080163f8   0x000006f4   Code   RO         8481    i.usmart_sys_cmd_exe  usmart.o
    0x08016aec   0x08016aec   0x00000044   Code   RO         8574    i.usmart_timx_get_time  usmart_port.o
    0x08016b30   0x08016b30   0x00000060   Code   RO         8575    i.usmart_timx_init  usmart_port.o
    0x08016b90   0x08016b90   0x00000034   Code   RO         8576    i.usmart_timx_reset_time  usmart_port.o
    0x08016bc4   0x08016bc4   0x0000003c   Code   RO         8912    i.validate          ff.o
    0x08016c00   0x08016c00   0x00000004   Code   RO         8482    i.write_addr        usmart.o
    0x08016c04   0x08016c04   0x0000003a   Code   RO         8913    i.xdir_sum          ff.o
    0x08016c3e   0x08016c3e   0x0000004c   Code   RO         8914    i.xname_sum         ff.o
    0x08016c8a   0x08016c8a   0x0000001a   Code   RO         8915    i.xsum32            ff.o
    0x08016ca4   0x08016ca4   0x0000002c   Code   RO        11640    locale$$code        c_w.l(lc_numeric_c.o)
    0x08016cd0   0x08016cd0   0x00000018   Code   RO        11525    x$fpl$dcmpinf       fz_ws.l(dcmpi.o)
    0x08016ce8   0x08016ce8   0x000002b0   Code   RO        11406    x$fpl$ddiv          fz_ws.l(ddiv.o)
    0x08016f98   0x08016f98   0x0000005a   Code   RO        11413    x$fpl$dfixu         fz_ws.l(dfixu.o)
    0x08016ff2   0x08016ff2   0x0000002e   Code   RO        11418    x$fpl$dflt          fz_ws.l(dflt_clz.o)
    0x08017020   0x08017020   0x00000026   Code   RO        11417    x$fpl$dfltu         fz_ws.l(dflt_clz.o)
    0x08017046   0x08017046   0x00000002   PAD
    0x08017048   0x08017048   0x00000078   Code   RO        11423    x$fpl$dleqf         fz_ws.l(dleqf.o)
    0x080170c0   0x080170c0   0x00000154   Code   RO        11425    x$fpl$dmul          fz_ws.l(dmul.o)
    0x08017214   0x08017214   0x0000009c   Code   RO        11527    x$fpl$dnaninf       fz_ws.l(dnaninf.o)
    0x080172b0   0x080172b0   0x0000000c   Code   RO        11529    x$fpl$dretinf       fz_ws.l(dretinf.o)
    0x080172bc   0x080172bc   0x0000006c   Code   RO        11427    x$fpl$drleqf        fz_ws.l(drleqf.o)
    0x08017328   0x08017328   0x000000c4   Code   RO        11431    x$fpl$fadd          fz_ws.l(faddsub_clz.o)
    0x080173ec   0x080173ec   0x00000184   Code   RO        11438    x$fpl$fdiv          fz_ws.l(fdiv.o)
    0x08017570   0x08017570   0x0000003e   Code   RO        11447    x$fpl$ffixu         fz_ws.l(ffixu.o)
    0x080175ae   0x080175ae   0x00000002   PAD
    0x080175b0   0x080175b0   0x00000030   Code   RO        11452    x$fpl$fflt          fz_ws.l(fflt_clz.o)
    0x080175e0   0x080175e0   0x0000008c   Code   RO        11533    x$fpl$fnaninf       fz_ws.l(fnaninf.o)
    0x0801766c   0x0801766c   0x0000000a   Code   RO        11535    x$fpl$fretinf       fz_ws.l(fretinf.o)
    0x08017676   0x08017676   0x00000002   PAD
    0x08017678   0x08017678   0x000000ea   Code   RO        11433    x$fpl$fsub          fz_ws.l(faddsub_clz.o)
    0x08017762   0x08017762   0x00000004   Code   RO        11463    x$fpl$printf1       fz_ws.l(printf1.o)
    0x08017766   0x08017766   0x00000000   Code   RO        11543    x$fpl$usenofp       fz_ws.l(usenofp.o)
    0x08017766   0x08017766   0x00000018   Data   RO          510    .constdata          system_stm32f1xx.o
    0x0801777e   0x0801777e   0x00002f80   Data   RO         6583    .constdata          lcd.o
    0x0801a6fe   0x0801a6fe   0x00000002   PAD
    0x0801a700   0x0801a700   0x00000018   Data   RO         7544    .constdata          touch.o
    0x0801a718   0x0801a718   0x0000000a   Data   RO         7741    .constdata          ft5206.o
    0x0801a722   0x0801a722   0x00000014   Data   RO         7793    .constdata          gt9xxx.o
    0x0801a736   0x0801a736   0x00000002   PAD
    0x0801a738   0x0801a738   0x00000018   Data   RO         8719    .constdata          malloc.o
    0x0801a750   0x0801a750   0x00000058   Data   RO         8916    .constdata          ff.o
    0x0801a7a8   0x0801a7a8   0x00000010   Data   RO         9424    .constdata          fattester.o
    0x0801a7b8   0x0801a7b8   0x000002ae   Data   RO        10018    .constdata          myffunicode.o
    0x0801aa66   0x0801aa66   0x00000017   Data   RO        10751    .constdata          usbd_msc_data.o
    0x0801aa7d   0x0801aa7d   0x00000048   Data   RO        11231    .constdata          usbd_storage.o
    0x0801aac5   0x0801aac5   0x00000028   Data   RO        11341    .constdata          c_w.l(_printf_hex_int_ll_ptr.o)
    0x0801aaed   0x0801aaed   0x00000011   Data   RO        11361    .constdata          c_w.l(__printf_flags_ss_wp.o)
    0x0801aafe   0x0801aafe   0x00000002   PAD
    0x0801ab00   0x0801ab00   0x00000094   Data   RO        11609    .constdata          c_w.l(bigflt0.o)
    0x0801ab94   0x0801ab94   0x00000079   Data   RO         7545    .conststring        touch.o
    0x0801ac0d   0x0801ac0d   0x00000003   PAD
    0x0801ac10   0x0801ac10   0x00000028   Data   RO         8483    .conststring        usmart.o
    0x0801ac38   0x0801ac38   0x0000082c   Data   RO         8543    .conststring        usmart_config.o
    0x0801b464   0x0801b464   0x00000020   Data   RO        11795    Region$$Table       anon$$obj.o
    0x0801b484   0x0801b484   0x0000001c   Data   RO        11639    locale$$data        c_w.l(lc_numeric_c.o)


    Execution Region RW_IRAM1 (Exec base: 0x20000000, Load base: 0x0801b4a0, Size: 0x0000f4f0, Max: 0x00010000, ABSOLUTE, COMPRESSED[0x0000021c])

    Exec Addr    Load Addr    Size         Type   Attr      Idx    E Section Name        Object

    0x20000000   COMPRESSED   0x00000004   Data   RW          511    .data               system_stm32f1xx.o
    0x20000004   COMPRESSED   0x00000007   Data   RW          554    .data               usart.o
    0x2000000b   COMPRESSED   0x00000001   PAD
    0x2000000c   COMPRESSED   0x00000002   Data   RW          699    .data               delay.o
    0x2000000e   COMPRESSED   0x00000002   PAD
    0x20000010   COMPRESSED   0x00000009   Data   RW          764    .data               stm32f1xx_hal.o
    0x20000019   COMPRESSED   0x00000001   PAD
    0x2000001a   COMPRESSED   0x00000004   Data   RW         6399    .data               gtime.o
    0x2000001e   COMPRESSED   0x00000008   Data   RW         6474    .data               atim.o
    0x20000026   COMPRESSED   0x00000002   PAD
    0x20000028   COMPRESSED   0x0000000b   Data   RW         6584    .data               lcd.o
    0x20000033   COMPRESSED   0x00000001   PAD
    0x20000034   COMPRESSED   0x00000002   Data   RW         6817    .data               rtc.o
    0x20000036   COMPRESSED   0x00000001   Data   RW         7018    .data               adc.o
    0x20000037   COMPRESSED   0x00000001   PAD
    0x20000038   COMPRESSED   0x00000002   Data   RW         7399    .data               norflash.o
    0x2000003a   COMPRESSED   0x00000002   PAD
    0x2000003c   COMPRESSED   0x00000048   Data   RW         7546    .data               touch.o
    0x20000084   COMPRESSED   0x00000001   Data   RW         7742    .data               ft5206.o
    0x20000085   COMPRESSED   0x00000002   Data   RW         7794    .data               gt9xxx.o
    0x20000087   COMPRESSED   0x00000001   PAD
    0x20000088   COMPRESSED   0x0000001c   Data   RW         8484    .data               usmart.o
    0x200000a4   COMPRESSED   0x00000254   Data   RW         8544    .data               usmart_config.o
    0x200002f8   COMPRESSED   0x0000001c   Data   RW         8720    .data               malloc.o
    0x20000314   COMPRESSED   0x0000000a   Data   RW         8917    .data               ff.o
    0x2000031e   COMPRESSED   0x00000002   PAD
    0x20000320   COMPRESSED   0x00000008   Data   RW         9334    .data               exfuns.o
    0x20000328   COMPRESSED   0x00000001   Data   RW        10329    .data               usbd_ctlreq.o
    0x20000329   COMPRESSED   0x00000003   PAD
    0x2000032c   COMPRESSED   0x000000a2   Data   RW        10591    .data               usbd_msc.o
    0x200003ce   COMPRESSED   0x00000001   Data   RW        10981    .data               usbd_conf.o
    0x200003cf   COMPRESSED   0x00000001   PAD
    0x200003d0   COMPRESSED   0x0000004e   Data   RW        11157    .data               usbd_desc.o
    0x2000041e   COMPRESSED   0x00000002   PAD
    0x20000420   COMPRESSED   0x00000024   Data   RW        11232    .data               usbd_storage.o
    0x20000444        -       0x000002ec   Zero   RW           17    .bss                main.o
    0x20000730        -       0x00000108   Zero   RW          553    .bss                usart.o
    0x20000838        -       0x00000020   Zero   RW         6334    .bss                wdg.o
    0x20000858        -       0x000000d8   Zero   RW         6398    .bss                gtime.o
    0x20000930        -       0x00000140   Zero   RW         6473    .bss                atim.o
    0x20000a70        -       0x00000056   Zero   RW         6582    .bss                lcd.o
    0x20000ac6   COMPRESSED   0x00000002   PAD
    0x20000ac8        -       0x0000001e   Zero   RW         6816    .bss                rtc.o
    0x20000ae6   COMPRESSED   0x00000002   PAD
    0x20000ae8        -       0x00002058   Zero   RW         7096    .bss                dac.o
    0x20002b40        -       0x000000b0   Zero   RW         7326    .bss                spi.o
    0x20002bf0        -       0x00001000   Zero   RW         7398    .bss                norflash.o
    0x20003bf0        -       0x000002a4   Zero   RW         8036    .bss                sdio_sdcard.o
    0x20003e94        -       0x00000048   Zero   RW         8577    .bss                usmart_port.o
    0x20003edc   COMPRESSED   0x00000024   PAD
    0x20003f00        -       0x0000aa00   Zero   RW         8718    .bss                malloc.o
    0x2000e900        -       0x00000180   Zero   RW         9423    .bss                fattester.o
    0x2000ea80        -       0x00000021   Zero   RW         9572    .bss                fonts.o
    0x2000eaa1   COMPRESSED   0x00000003   PAD
    0x2000eaa4        -       0x000002ec   Zero   RW        10980    .bss                usbd_conf.o
    0x2000ed90        -       0x00000100   Zero   RW        11156    .bss                usbd_desc.o
    0x2000ee90        -       0x00000060   Zero   RW        11651    .bss                c_w.l(libspace.o)
    0x2000eef0        -       0x00000200   Zero   RW            2    HEAP                startup_stm32f103xe.o
    0x2000f0f0        -       0x00000400   Zero   RW            1    STACK               startup_stm32f103xe.o



  Load Region LR$$.ARM.__AT_0x68000000 (Base: 0x68000000, Size: 0x00000000, Max: 0x00000020, ABSOLUTE)

    Execution Region ER$$.ARM.__AT_0x68000000 (Exec base: 0x68000000, Load base: 0x68000000, Size: 0x00000020, Max: 0x00000020, ABSOLUTE, UNINIT)

    Exec Addr    Load Addr    Size         Type   Attr      Idx    E Section Name        Object

    0x68000000        -       0x00000020   Zero   RW         8716    .ARM.__AT_0x68000000  malloc.o



  Load Region LR$$.ARM.__AT_0x68000020 (Base: 0x68000020, Size: 0x00000000, Max: 0x00000004, ABSOLUTE)

    Execution Region ER$$.ARM.__AT_0x68000020 (Exec base: 0x68000020, Load base: 0x68000020, Size: 0x00000004, Max: 0x00000004, ABSOLUTE, UNINIT)

    Exec Addr    Load Addr    Size         Type   Attr      Idx    E Section Name        Object

    0x68000020        -       0x00000002   Zero   RW         8717    .ARM.__AT_0x68000020  malloc.o


==============================================================================

Image component sizes


      Code (inc. data)   RO Data    RW Data    ZI Data      Debug   Object Name

       236          0          0          0          0       3191   24cxx.o
        40         10          0          1          0        759   adc.o
        96         26          0          8        320       2021   atim.o
       770         80          0          0          0       5010   ctiic.o
       156         22          0          0       8280       1336   dac.o
       184         16          0          2          0       2299   delay.o
       482          4          0          0          0       5062   diskio.o
        68          4          0          8          0       1553   exfuns.o
      2120       1002         16          0        384      14730   fattester.o
     20068        218         88         10          0      88128   ff.o
        32          0          0          0          0       1509   ffsystem.o
         0          0          0          0         33       2117   fonts.o
       910         38         10          1          0       3705   ft5206.o
      1230         54         20          2          0       3787   gt9xxx.o
       180         34          0          4        216       2257   gtime.o
       200         18          0          0          0        975   key.o
     14722        176      12160         11         86      30251   lcd.o
       152         10          0          0          0        871   led.o
      1200        306          0          0        748     580741   main.o
       484         54         24         28      43554       6051   malloc.o
       444         32        686          0          0       2788   myffunicode.o
       738         40          0          0          0       4886   myiic.o
      1070         64          0          2       4096       7868   norflash.o
       124         46          0          0          0       1823   pwr.o
      1462        136          0          2         30       8310   rtc.o
       580         44          0          0        676       4356   sdio_sdcard.o
       564         44          0          0        176       2902   spi.o
        64         26        304          0       1536        916   startup_stm32f103xe.o
       154         32          0          9          0       6235   stm32f1xx_hal.o
       344         22          0          0          0      29881   stm32f1xx_hal_cortex.o
        44          0          0          0          0       1119   stm32f1xx_hal_dac.o
       424         10          0          0          0       1199   stm32f1xx_hal_dma.o
       908         44          0          0          0       4459   stm32f1xx_hal_gpio.o
      3922          0          0          0          0      14076   stm32f1xx_hal_pcd.o
        70          0          0          0          0       1717   stm32f1xx_hal_pcd_ex.o
        44         10          0          0          0       1024   stm32f1xx_hal_pwr.o
      1784        110          0          0          0       5888   stm32f1xx_hal_rcc.o
       612         46          0          0          0       2381   stm32f1xx_hal_rcc_ex.o
       388          6          0          0          0       3216   stm32f1xx_hal_rtc.o
        48         10          0          0          0       1727   stm32f1xx_hal_rtc_ex.o
      2494         26          0          0          0       8939   stm32f1xx_hal_sd.o
      1224          6          0          0          0       5107   stm32f1xx_hal_spi.o
       102          0          0          0          0       1168   stm32f1xx_hal_sram.o
       866         44          0          0          0       6137   stm32f1xx_hal_tim.o
         4          0          0          0          0       1473   stm32f1xx_hal_tim_ex.o
      1162         10          0          0          0       7515   stm32f1xx_hal_uart.o
        52          0          0          0          0       1509   stm32f1xx_hal_wwdg.o
        32          0          0          0          0       3710   stm32f1xx_it.o
       254         10          0          0          0       3767   stm32f1xx_ll_fsmc.o
      1998         46          0          0          0      21376   stm32f1xx_ll_sdmmc.o
      4870          0          0          0          0      19795   stm32f1xx_ll_usb.o
       102          0          0          0          0        691   sys.o
         2          0         24          4          0       1283   system_stm32f1xx.o
      3022        162        145         72          0      10938   touch.o
       440         54          0          7        264       5225   usart.o
      1006        126          0          1        748      14112   usbd_conf.o
       850          0          0          0          0      14315   usbd_core.o
      2106         28          0          1          0      15136   usbd_ctlreq.o
       338        116          0         78        256       6598   usbd_desc.o
       134          0          0          0          0       3732   usbd_ioreq.o
       744         24          0        162          0      13050   usbd_msc.o
       732         10          0          0          0       8660   usbd_msc_bot.o
         0          0         23          0          0        861   usbd_msc_data.o
      1994         14          0          0          0      13123   usbd_msc_scsi.o
       420         58         72         36          0       6665   usbd_storage.o
      2898       1308         40         28          0       5594   usmart.o
         0          0       2092        596          0       1588   usmart_config.o
       324         50          0          0         72       3194   usmart_port.o
      1400         20          0          0          0       8793   usmart_str.o
        52         16          0          0         32       1527   wdg.o

    ----------------------------------------------------------------------
     86810       4922      15743       1092      61552    1078705   Object Totals
         0          0         32          0          0          0   (incl. Generated)
        70          0          7         19         45          0   (incl. Padding)

    ----------------------------------------------------------------------

      Code (inc. data)   RO Data    RW Data    ZI Data      Debug   Library Member Name

        24          4          0          0          0         84   __2printf.o
        44          6          0          0          0         84   __2sprintf.o
        90          0          0          0          0          0   __dczerorl2.o
         8          0          0          0          0         68   __main.o
       392          4         17          0          0         92   __printf_flags_ss_wp.o
        14          0          0          0          0         68   __printf_wp.o
         0          0          0          0          0          0   __rtentry.o
        12          0          0          0          0          0   __rtentry2.o
         6          0          0          0          0          0   __rtentry4.o
        52          8          0          0          0          0   __scatter.o
        28          0          0          0          0          0   __scatter_zi.o
         6          0          0          0          0          0   _printf_c.o
        44          0          0          0          0        108   _printf_char.o
        48          6          0          0          0         96   _printf_char_common.o
        36          4          0          0          0         80   _printf_char_file.o
         6          0          0          0          0          0   _printf_d.o
       120         16          0          0          0         92   _printf_dec.o
         6          0          0          0          0          0   _printf_f.o
      1054          0          0          0          0        216   _printf_fp_dec.o
       128         16          0          0          0         84   _printf_fp_infnan.o
       148          4         40          0          0        160   _printf_hex_int_ll_ptr.o
       178          0          0          0          0         88   _printf_intcommon.o
        10          0          0          0          0          0   _printf_ll.o
         6          0          0          0          0          0   _printf_lld.o
       124         16          0          0          0         92   _printf_longlong_dec.o
        78          0          0          0          0        108   _printf_pad.o
         0          0          0          0          0          0   _printf_percent.o
         4          0          0          0          0          0   _printf_percent_end.o
         6          0          0          0          0          0   _printf_s.o
        82          0          0          0          0         80   _printf_str.o
         6          0          0          0          0          0   _printf_u.o
         6          0          0          0          0          0   _printf_x.o
        10          0          0          0          0         68   _sputc.o
        16          0          0          0          0         68   aeabi_memset.o
       228          4        148          0          0         96   bigflt0.o
      1936        128          0          0          0        672   btod.o
        18          0          0          0          0         80   exit.o
         8          0          0          0          0         68   ferror.o
         6          0          0          0          0        152   heapauxi.o
        44         10         28          0          0         76   lc_numeric_c.o
         2          0          0          0          0          0   libinit.o
        18          0          0          0          0          0   libinit2.o
         2          0          0          0          0          0   libshutdown.o
         2          0          0          0          0          0   libshutdown2.o
         8          4          0          0         96         68   libspace.o
        72          0          0          0          0         76   llsdiv.o
       138          0          0          0          0         80   lludiv10.o
       238          0          0          0          0        100   lludivv7m.o
        88          0          0          0          0         76   memcmp.o
         8          4          0          0          0         68   rt_locale_intlibspace.o
        68          0          0          0          0         68   rt_memclr.o
        78          0          0          0          0         80   rt_memclr_w.o
       138          0          0          0          0         68   rt_memcpy_v6.o
       100          0          0          0          0         80   rt_memcpy_w.o
         2          0          0          0          0          0   rtexit.o
        10          0          0          0          0          0   rtexit2.o
        20          0          0          0          0         68   strchr.o
       128          0          0          0          0         68   strcmpv7m.o
        74          0          0          0          0         80   sys_stackheap_outer.o
         2          0          0          0          0         68   use_no_semi.o
         2          0          0          0          0         68   use_no_semi_2.o
        24          0          0          0          0         68   dcmpi.o
       688        140          0          0          0        208   ddiv.o
        90          4          0          0          0         92   dfixu.o
        84          0          0          0          0        136   dflt_clz.o
       120          4          0          0          0         92   dleqf.o
       340         12          0          0          0        104   dmul.o
       156          4          0          0          0         92   dnaninf.o
        12          0          0          0          0         68   dretinf.o
       108          0          0          0          0         80   drleqf.o
       430          8          0          0          0        168   faddsub_clz.o
       388         76          0          0          0         96   fdiv.o
        62          4          0          0          0         84   ffixu.o
        48          0          0          0          0         68   fflt_clz.o
       140          4          0          0          0         84   fnaninf.o
        10          0          0          0          0         68   fretinf.o
         4          0          0          0          0         68   printf1.o
         0          0          0          0          0          0   usenofp.o
        40          0          0          0          0         68   fpclassify.o

    ----------------------------------------------------------------------
      8988        490        235          0         96       5640   Library Totals
        14          0          2          0          0          0   (incl. Padding)

    ----------------------------------------------------------------------

      Code (inc. data)   RO Data    RW Data    ZI Data      Debug   Library Name

      6230        234        233          0         96       3996   c_w.l
      2704        256          0          0          0       1576   fz_ws.l
        40          0          0          0          0         68   m_ws.l

    ----------------------------------------------------------------------
      8988        490        235          0         96       5640   Library Totals

    ----------------------------------------------------------------------

==============================================================================


      Code (inc. data)   RO Data    RW Data    ZI Data      Debug   

     95798       5412      15978       1092      61648    1053297   Grand Totals
     95798       5412      15978        540      61648    1053297   ELF Image Totals (compressed)
     95798       5412      15978        540          0          0   ROM Totals

==============================================================================

    Total RO  Size (Code + RO Data)               111776 ( 109.16kB)
    Total RW  Size (RW Data + ZI Data)             62740 (  61.27kB)
    Total ROM Size (Code + RO Data + RW Data)     112316 ( 109.68kB)

==============================================================================

