Component: ARM Compiler 5.06 update 7 (build 960) Tool: armlink [4d3601]

==============================================================================

Section Cross References

    startup_stm32f103xe.o(STACK) refers (Special) to heapauxi.o(.text) for __use_two_region_memory
    startup_stm32f103xe.o(HEAP) refers (Special) to heapauxi.o(.text) for __use_two_region_memory
    startup_stm32f103xe.o(RESET) refers (Special) to heapauxi.o(.text) for __use_two_region_memory
    startup_stm32f103xe.o(RESET) refers to startup_stm32f103xe.o(STACK) for __initial_sp
    startup_stm32f103xe.o(RESET) refers to startup_stm32f103xe.o(.text) for Reset_Handler
    startup_stm32f103xe.o(RESET) refers to stm32f1xx_it.o(i.NMI_Handler) for NMI_Handler
    startup_stm32f103xe.o(RESET) refers to stm32f1xx_it.o(i.HardFault_Handler) for HardFault_Handler
    startup_stm32f103xe.o(RESET) refers to stm32f1xx_it.o(i.MemManage_Handler) for MemManage_Handler
    startup_stm32f103xe.o(RESET) refers to stm32f1xx_it.o(i.BusFault_Handler) for BusFault_Handler
    startup_stm32f103xe.o(RESET) refers to stm32f1xx_it.o(i.UsageFault_Handler) for UsageFault_Handler
    startup_stm32f103xe.o(RESET) refers to stm32f1xx_it.o(i.SVC_Handler) for SVC_Handler
    startup_stm32f103xe.o(RESET) refers to stm32f1xx_it.o(i.DebugMon_Handler) for DebugMon_Handler
    startup_stm32f103xe.o(RESET) refers to stm32f1xx_it.o(i.PendSV_Handler) for PendSV_Handler
    startup_stm32f103xe.o(RESET) refers to stm32f1xx_it.o(i.SysTick_Handler) for SysTick_Handler
    startup_stm32f103xe.o(RESET) refers to wdg.o(i.WWDG_IRQHandler) for WWDG_IRQHandler
    startup_stm32f103xe.o(RESET) refers to pwr.o(i.PVD_IRQHandler) for PVD_IRQHandler
    startup_stm32f103xe.o(RESET) refers to rtc.o(i.RTC_IRQHandler) for RTC_IRQHandler
    startup_stm32f103xe.o(RESET) refers to pwr.o(i.EXTI0_IRQHandler) for EXTI0_IRQHandler
    startup_stm32f103xe.o(RESET) refers to adc.o(i.DMA1_Channel1_IRQHandler) for DMA1_Channel1_IRQHandler
    startup_stm32f103xe.o(RESET) refers to gtime.o(i.TIM2_IRQHandler) for TIM2_IRQHandler
    startup_stm32f103xe.o(RESET) refers to usmart_port.o(i.TIM4_IRQHandler) for TIM4_IRQHandler
    startup_stm32f103xe.o(RESET) refers to usart.o(i.USART1_IRQHandler) for USART1_IRQHandler
    startup_stm32f103xe.o(RESET) refers to atim.o(i.TIM8_CC_IRQHandler) for TIM8_CC_IRQHandler
    startup_stm32f103xe.o(RESET) refers to gtime.o(i.TIM5_IRQHandler) for TIM5_IRQHandler
    startup_stm32f103xe.o(.text) refers (Special) to heapauxi.o(.text) for __use_two_region_memory
    startup_stm32f103xe.o(.text) refers to system_stm32f1xx.o(i.SystemInit) for SystemInit
    startup_stm32f103xe.o(.text) refers to __main.o(!!!main) for __main
    startup_stm32f103xe.o(.text) refers to startup_stm32f103xe.o(HEAP) for Heap_Mem
    startup_stm32f103xe.o(.text) refers to startup_stm32f103xe.o(STACK) for Stack_Mem
    main.o(i.led_set) refers to stm32f1xx_hal_gpio.o(i.HAL_GPIO_WritePin) for HAL_GPIO_WritePin
    main.o(i.main) refers to stm32f1xx_hal.o(i.HAL_Init) for HAL_Init
    main.o(i.main) refers to sys.o(i.sys_stm32_clock_init) for sys_stm32_clock_init
    main.o(i.main) refers to delay.o(i.delay_init) for delay_init
    main.o(i.main) refers to usart.o(i.usart_init) for usart_init
    main.o(i.main) refers to led.o(i.led_init) for led_init
    main.o(i.main) refers to key.o(i.key_init) for key_init
    main.o(i.main) refers to rtc.o(i.rtc_init) for rtc_init
    main.o(i.main) refers to lcd.o(i.lcd_init) for lcd_init
    main.o(i.main) refers to lcd.o(i.lcd_show_string) for lcd_show_string
    main.o(i.main) refers to delay.o(i.delay_ms) for delay_ms
    main.o(i.main) refers to touch.o(i.load_draw_dialog) for load_draw_dialog
    main.o(i.main) refers to touch.o(i.ctp_test) for ctp_test
    main.o(i.main) refers to touch.o(i.rtp_test) for rtp_test
    main.o(i.main) refers to usmart_config.o(.data) for usmart_dev
    main.o(i.main) refers to touch.o(.data) for tp_dev
    main.o(i.showtime) refers to _printf_pad.o(.text) for _printf_pre_padding
    main.o(i.showtime) refers to _printf_percent.o(.ARM.Collect$$_printf_percent$$00000000) for _printf_percent
    main.o(i.showtime) refers to _printf_d.o(.ARM.Collect$$_printf_percent$$00000009) for _printf_d
    main.o(i.showtime) refers to _printf_dec.o(.text) for _printf_int_dec
    main.o(i.showtime) refers to _printf_s.o(.ARM.Collect$$_printf_percent$$00000014) for _printf_s
    main.o(i.showtime) refers to _printf_str.o(.text) for _printf_str
    main.o(i.showtime) refers to rtc.o(i.rtc_get_time) for rtc_get_time
    main.o(i.showtime) refers to noretval__2sprintf.o(.text) for __2sprintf
    main.o(i.showtime) refers to lcd.o(i.lcd_show_string) for lcd_show_string
    main.o(i.showtime) refers to rtc.o(.bss) for calendar
    main.o(i.showtime) refers to main.o(.bss) for tbuf
    main.o(i.showtime) refers to main.o(.data) for weekdays
    main.o(.data) refers to main.o(.conststring) for .conststring
[...]
    __rt_lib_shutdown_return                 0x08000223   Thumb Code     0  libshutdown2.o(.ARM.Collect$$libshutdown$$00000012)
    __rt_lib_shutdown_signal_1               0x08000223   Thumb Code     0  libshutdown2.o(.ARM.Collect$$libshutdown$$0000000C)
    __rt_lib_shutdown_stdio_1                0x08000223   Thumb Code     0  libshutdown2.o(.ARM.Collect$$libshutdown$$00000006)
    __rt_lib_shutdown_user_alloc_1           0x08000223   Thumb Code     0  libshutdown2.o(.ARM.Collect$$libshutdown$$0000000E)
    __rt_entry                               0x08000225   Thumb Code     0  __rtentry.o(.ARM.Collect$$rtentry$$00000000)
    __rt_entry_presh_1                       0x08000225   Thumb Code     0  __rtentry2.o(.ARM.Collect$$rtentry$$00000002)
    __rt_entry_sh                            0x08000225   Thumb Code     0  __rtentry4.o(.ARM.Collect$$rtentry$$00000004)
    __rt_entry_li                            0x0800022b   Thumb Code     0  __rtentry2.o(.ARM.Collect$$rtentry$$0000000A)
    __rt_entry_postsh_1                      0x0800022b   Thumb Code     0  __rtentry2.o(.ARM.Collect$$rtentry$$00000009)
    __rt_entry_main                          0x0800022f   Thumb Code     0  __rtentry2.o(.ARM.Collect$$rtentry$$0000000D)
    __rt_entry_postli_1                      0x0800022f   Thumb Code     0  __rtentry2.o(.ARM.Collect$$rtentry$$0000000C)
    __rt_exit                                0x08000237   Thumb Code     0  rtexit.o(.ARM.Collect$$rtexit$$00000000)
    __rt_exit_ls                             0x08000239   Thumb Code     0  rtexit2.o(.ARM.Collect$$rtexit$$00000003)
    __rt_exit_prels_1                        0x08000239   Thumb Code     0  rtexit2.o(.ARM.Collect$$rtexit$$00000002)
    __rt_exit_exit                           0x0800023d   Thumb Code     0  rtexit2.o(.ARM.Collect$$rtexit$$00000004)
    Reset_Handler                            0x08000245   Thumb Code     8  startup_stm32f103xe.o(.text)
    ADC1_2_IRQHandler                        0x0800025f   Thumb Code     0  startup_stm32f103xe.o(.text)
    ADC3_IRQHandler                          0x0800025f   Thumb Code     0  startup_stm32f103xe.o(.text)
    CAN1_RX1_IRQHandler                      0x0800025f   Thumb Code     0  startup_stm32f103xe.o(.text)
    CAN1_SCE_IRQHandler                      0x0800025f   Thumb Code     0  startup_stm32f103xe.o(.text)
    DMA1_Channel2_IRQHandler                 0x0800025f   Thumb Code     0  startup_stm32f103xe.o(.text)
    DMA1_Channel3_IRQHandler                 0x0800025f   Thumb Code     0  startup_stm32f103xe.o(.text)
    DMA1_Channel4_IRQHandler                 0x0800025f   Thumb Code     0  startup_stm32f103xe.o(.text)
    DMA1_Channel5_IRQHandler                 0x0800025f   Thumb Code     0  startup_stm32f103xe.o(.text)
    DMA1_Channel6_IRQHandler                 0x0800025f   Thumb Code     0  startup_stm32f103xe.o(.text)
    DMA1_Channel7_IRQHandler                 0x0800025f   Thumb Code     0  startup_stm32f103xe.o(.text)
    DMA2_Channel1_IRQHandler                 0x0800025f   Thumb Code     0  startup_stm32f103xe.o(.text)
    DMA2_Channel2_IRQHandler                 0x0800025f   Thumb Code     0  startup_stm32f103xe.o(.text)
    DMA2_Channel3_IRQHandler                 0x0800025f   Thumb Code     0  startup_stm32f103xe.o(.text)
    DMA2_Channel4_5_IRQHandler               0x0800025f   Thumb Code     0  startup_stm32f103xe.o(.text)
    EXTI15_10_IRQHandler                     0x0800025f   Thumb Code     0  startup_stm32f103xe.o(.text)
    EXTI1_IRQHandler                         0x0800025f   Thumb Code     0  startup_stm32f103xe.o(.text)
    EXTI2_IRQHandler                         0x0800025f   Thumb Code     0  startup_stm32f103xe.o(.text)
    EXTI3_IRQHandler                         0x0800025f   Thumb Code     0  startup_stm32f103xe.o(.text)
    EXTI4_IRQHandler                         0x0800025f   Thumb Code     0  startup_stm32f103xe.o(.text)
    EXTI9_5_IRQHandler                       0x0800025f   Thumb Code     0  startup_stm32f103xe.o(.text)
    FLASH_IRQHandler                         0x0800025f   Thumb Code     0  startup_stm32f103xe.o(.text)
    FSMC_IRQHandler                          0x0800025f   Thumb Code     0  startup_stm32f103xe.o(.text)
    I2C1_ER_IRQHandler                       0x0800025f   Thumb Code     0  startup_stm32f103xe.o(.text)
    I2C1_EV_IRQHandler                       0x0800025f   Thumb Code     0  startup_stm32f103xe.o(.text)
    I2C2_ER_IRQHandler                       0x0800025f   Thumb Code     0  startup_stm32f103xe.o(.text)
    I2C2_EV_IRQHandler                       0x0800025f   Thumb Code     0  startup_stm32f103xe.o(.text)
    RCC_IRQHandler                           0x0800025f   Thumb Code     0  startup_stm32f103xe.o(.text)
    RTC_Alarm_IRQHandler                     0x0800025f   Thumb Code     0  startup_stm32f103xe.o(.text)
    SDIO_IRQHandler                          0x0800025f   Thumb Code     0  startup_stm32f103xe.o(.text)
    SPI1_IRQHandler                          0x0800025f   Thumb Code     0  startup_stm32f103xe.o(.text)
    SPI2_IRQHandler                          0x0800025f   Thumb Code     0  startup_stm32f103xe.o(.text)
    SPI3_IRQHandler                          0x0800025f   Thumb Code     0  startup_stm32f103xe.o(.text)
    TAMPER_IRQHandler                        0x0800025f   Thumb Code     0  startup_stm32f103xe.o(.text)
    TIM1_BRK_IRQHandler                      0x0800025f   Thumb Code     0  startup_stm32f103xe.o(.text)
    TIM1_CC_IRQHandler                       0x0800025f   Thumb Code     0  startup_stm32f103xe.o(.text)
    TIM1_TRG_COM_IRQHandler                  0x0800025f   Thumb Code     0  startup_stm32f103xe.o(.text)
    TIM1_UP_IRQHandler                       0x0800025f   Thumb Code     0  startup_stm32f103xe.o(.text)
    TIM3_IRQHandler                          0x0800025f   Thumb Code     0  startup_stm32f103xe.o(.text)
    TIM6_IRQHandler                          0x0800025f   Thumb Code     0  startup_stm32f103xe.o(.text)
    TIM7_IRQHandler                          0x0800025f   Thumb Code     0  startup_stm32f103xe.o(.text)
    TIM8_BRK_IRQHandler                      0x0800025f   Thumb Code     0  startup_stm32f103xe.o(.text)
    TIM8_TRG_COM_IRQHandler                  0x0800025f   Thumb Code     0  startup_stm32f103xe.o(.text)
    TIM8_UP_IRQHandler                       0x0800025f   Thumb Code     0  startup_stm32f103xe.o(.text)
    UART4_IRQHandler                         0x0800025f   Thumb Code     0  startup_stm32f103xe.o(.text)
    UART5_IRQHandler                         0x0800025f   Thumb Code     0  startup_stm32f103xe.o(.text)
    USART2_IRQHandler                        0x0800025f   Thumb Code     0  startup_stm32f103xe.o(.text)
    USART3_IRQHandler                        0x0800025f   Thumb Code     0  startup_stm32f103xe.o(.text)
    USBWakeUp_IRQHandler                     0x0800025f   Thumb Code     0  startup_stm32f103xe.o(.text)
    USB_HP_CAN1_TX_IRQHandler                0x0800025f   Thumb Code     0  startup_stm32f103xe.o(.text)
    USB_LP_CAN1_RX0_IRQHandler               0x0800025f   Thumb Code     0  startup_stm32f103xe.o(.text)
    __user_initial_stackheap                 0x08000261   Thumb Code     0  startup_stm32f103xe.o(.text)
    __use_no_semihosting                     0x08000285   Thumb Code     2  use_no_semi_2.o(.text)
    __2printf                                0x08000289   Thumb Code    20  noretval__2printf.o(.text)
    __2sprintf                               0x080002a1   Thumb Code    34  noretval__2sprintf.o(.text)
    _printf_pre_padding                      0x080002c9   Thumb Code    44  _printf_pad.o(.text)
    _printf_post_padding                     0x080002f5   Thumb Code    34  _printf_pad.o(.text)
    _printf_str                              0x08000317   Thumb Code    82  _printf_str.o(.text)
    _printf_int_dec                          0x08000369   Thumb Code   104  _printf_dec.o(.text)
    _printf_int_hex                          0x080003e1   Thumb Code    84  _printf_hex_int.o(.text)
    _printf_longlong_hex                     0x080003e1   Thumb Code     0  _printf_hex_int.o(.text)
    __printf                                 0x08000439   Thumb Code   388  __printf_flags_ss_wp.o(.text)
    __aeabi_memclr4                          0x080005c1   Thumb Code     0  rt_memclr_w.o(.text)
    __aeabi_memclr8                          0x080005c1   Thumb Code     0  rt_memclr_w.o(.text)
    __rt_memclr_w                            0x080005c1   Thumb Code    78  rt_memclr_w.o(.text)
    _memset_w                                0x080005c5   Thumb Code     0  rt_memclr_w.o(.text)
    strcmp                                   0x08000611   Thumb Code   128  strcmpv7m.o(.text)
    __use_two_region_memory                  0x08000691   Thumb Code     2  heapauxi.o(.text)
    __rt_heap_escrow$2region                 0x08000693   Thumb Code     2  heapauxi.o(.text)
    __rt_heap_expand$2region                 0x08000695   Thumb Code     2  heapauxi.o(.text)
    __semihosting$guard                      0x08000697   Thumb Code     0  use_no_semi.o(.text)
    __use_no_semihosting_swi                 0x08000697   Thumb Code     2  use_no_semi.o(.text)
    _printf_int_common                       0x08000699   Thumb Code   178  _printf_intcommon.o(.text)
    __lib_sel_fp_printf                      0x0800074b   Thumb Code     2  _printf_fp_dec.o(.text)
    _printf_fp_dec_real                      0x080008fd   Thumb Code   620  _printf_fp_dec.o(.text)
    _printf_char_common                      0x08000b73   Thumb Code    32  _printf_char_common.o(.text)
    _sputc                                   0x08000b99   Thumb Code    10  _sputc.o(.text)
    _printf_cs_common                        0x08000ba3   Thumb Code    20  _printf_char.o(.text)
    _printf_char                             0x08000bb7   Thumb Code    16  _printf_char.o(.text)
    _printf_string                           0x08000bc7   Thumb Code     8  _printf_char.o(.text)
    _printf_char_file                        0x08000bd1   Thumb Code    32  _printf_char_file.o(.text)
    __rt_locale                              0x08000bf5   Thumb Code     8  rt_locale_intlibspace.o(.text)
    _ll_udiv10                               0x08000bfd   Thumb Code   138  lludiv10.o(.text)
    _printf_fp_infnan                        0x08000c89   Thumb Code   112  _printf_fp_infnan.o(.text)
    _btod_etento                             0x08000d09   Thumb Code   224  bigflt0.o(.text)
    ferror                                   0x08000ded   Thumb Code     8  ferror.o(.text)
    __user_libspace                          0x08000df5   Thumb Code     8  libspace.o(.text)
    __user_perproc_libspace                  0x08000df5   Thumb Code     0  libspace.o(.text)
    __user_perthread_libspace                0x08000df5   Thumb Code     0  libspace.o(.text)
    __user_setup_stackheap                   0x08000dfd   Thumb Code    74  sys_stackheap_outer.o(.text)
    exit                                     0x08000e47   Thumb Code    18  exit.o(.text)
    _btod_d2e                                0x08000e59   Thumb Code    62  btod.o(CL$$btod_d2e)
    _d2e_denorm_low                          0x08000e97   Thumb Code    70  btod.o(CL$$btod_d2e_denorm_low)
    _d2e_norm_op1                            0x08000edd   Thumb Code    96  btod.o(CL$$btod_d2e_norm_op1)
    __btod_div_common                        0x08000f3d   Thumb Code   696  btod.o(CL$$btod_div_common)
    _e2e                                     0x08001275   Thumb Code   220  btod.o(CL$$btod_e2e)
    _btod_ediv                               0x08001351   Thumb Code    42  btod.o(CL$$btod_ediv)
    _btod_emul                               0x0800137b   Thumb Code    42  btod.o(CL$$btod_emul)
    __btod_mult_common                       0x080013a5   Thumb Code   580  btod.o(CL$$btod_mult_common)
    BusFault_Handler                         0x080015e9   Thumb Code     4  stm32f1xx_it.o(i.BusFault_Handler)
    DMA1_Channel1_IRQHandler                 0x080015ed   Thumb Code    30  adc.o(i.DMA1_Channel1_IRQHandler)
    DebugMon_Handler                         0x08001615   Thumb Code     2  stm32f1xx_it.o(i.DebugMon_Handler)
    EXTI0_IRQHandler                         0x08001617   Thumb Code    10  pwr.o(i.EXTI0_IRQHandler)
    FSMC_NORSRAM_Extended_Timing_Init        0x08001621   Thumb Code    62  stm32f1xx_ll_fsmc.o(i.FSMC_NORSRAM_Extended_Timing_Init)
    FSMC_NORSRAM_Init                        0x08001665   Thumb Code   116  stm32f1xx_ll_fsmc.o(i.FSMC_NORSRAM_Init)
    FSMC_NORSRAM_Timing_Init                 0x080016dd   Thumb Code    66  stm32f1xx_ll_fsmc.o(i.FSMC_NORSRAM_Timing_Init)
    HAL_DAC_SetValue                         0x0800171f   Thumb Code    44  stm32f1xx_hal_dac.o(i.HAL_DAC_SetValue)
    HAL_DMA_Abort_IT                         0x0800174d   Thumb Code   414  stm32f1xx_hal_dma.o(i.HAL_DMA_Abort_IT)
    HAL_GPIO_EXTI_Callback                   0x080018f5   Thumb Code     2  pwr.o(i.HAL_GPIO_EXTI_Callback)
    HAL_GPIO_EXTI_IRQHandler                 0x080018f9   Thumb Code    24  stm32f1xx_hal_gpio.o(i.HAL_GPIO_EXTI_IRQHandler)
    HAL_GPIO_Init                            0x08001915   Thumb Code   792  stm32f1xx_hal_gpio.o(i.HAL_GPIO_Init)
    HAL_GPIO_ReadPin                         0x08001c55   Thumb Code    16  stm32f1xx_hal_gpio.o(i.HAL_GPIO_ReadPin)
    HAL_GPIO_TogglePin                       0x08001c65   Thumb Code    20  stm32f1xx_hal_gpio.o(i.HAL_GPIO_TogglePin)
    HAL_GPIO_WritePin                        0x08001c79   Thumb Code    12  stm32f1xx_hal_gpio.o(i.HAL_GPIO_WritePin)
    HAL_GetTick                              0x08001c85   Thumb Code     6  stm32f1xx_hal.o(i.HAL_GetTick)
    HAL_IncTick                              0x08001c91   Thumb Code    16  stm32f1xx_hal.o(i.HAL_IncTick)
    HAL_Init                                 0x08001ca9   Thumb Code    34  stm32f1xx_hal.o(i.HAL_Init)
    HAL_InitTick                             0x08001cd1   Thumb Code    64  stm32f1xx_hal.o(i.HAL_InitTick)
    HAL_MspInit                              0x08001d1d   Thumb Code     2  stm32f1xx_hal.o(i.HAL_MspInit)
    HAL_NVIC_EnableIRQ                       0x08001d1f   Thumb Code    32  stm32f1xx_hal_cortex.o(i.HAL_NVIC_EnableIRQ)
    HAL_NVIC_SetPriority                     0x08001d3f   Thumb Code   124  stm32f1xx_hal_cortex.o(i.HAL_NVIC_SetPriority)
    HAL_NVIC_SetPriorityGrouping             0x08001dbd   Thumb Code    32  stm32f1xx_hal_cortex.o(i.HAL_NVIC_SetPriorityGrouping)
    HAL_PWR_EnableBkUpAccess                 0x08001de5   Thumb Code     8  stm32f1xx_hal_pwr.o(i.HAL_PWR_EnableBkUpAccess)
    HAL_PWR_PVDCallback                      0x08001df1   Thumb Code    58  pwr.o(i.HAL_PWR_PVDCallback)
    HAL_PWR_PVD_IRQHandler                   0x08001e59   Thumb Code    26  stm32f1xx_hal_pwr.o(i.HAL_PWR_PVD_IRQHandler)
    HAL_RCCEx_GetPeriphCLKFreq               0x08001e79   Thumb Code   276  stm32f1xx_hal_rcc_ex.o(i.HAL_RCCEx_GetPeriphCLKFreq)
    HAL_RCCEx_PeriphCLKConfig                0x08001fad   Thumb Code   290  stm32f1xx_hal_rcc_ex.o(i.HAL_RCCEx_PeriphCLKConfig)
    HAL_RCC_ClockConfig                      0x080020dd   Thumb Code   376  stm32f1xx_hal_rcc.o(i.HAL_RCC_ClockConfig)
    HAL_RCC_GetHCLKFreq                      0x08002269   Thumb Code     6  stm32f1xx_hal_rcc.o(i.HAL_RCC_GetHCLKFreq)
    HAL_RCC_GetPCLK1Freq                     0x08002275   Thumb Code    22  stm32f1xx_hal_rcc.o(i.HAL_RCC_GetPCLK1Freq)
    HAL_RCC_GetPCLK2Freq                     0x08002295   Thumb Code    22  stm32f1xx_hal_rcc.o(i.HAL_RCC_GetPCLK2Freq)
    HAL_RCC_GetSysClockFreq                  0x080022b5   Thumb Code   116  stm32f1xx_hal_rcc.o(i.HAL_RCC_GetSysClockFreq)
    HAL_RCC_OscConfig                        0x08002349   Thumb Code  1114  stm32f1xx_hal_rcc.o(i.HAL_RCC_OscConfig)
    HAL_RTCEx_BKUPRead                       0x080027ad   Thumb Code    20  stm32f1xx_hal_rtc_ex.o(i.HAL_RTCEx_BKUPRead)
    HAL_RTCEx_BKUPWrite                      0x080027c5   Thumb Code    18  stm32f1xx_hal_rtc_ex.o(i.HAL_RTCEx_BKUPWrite)
    HAL_RTC_Init                             0x080027dd   Thumb Code   202  stm32f1xx_hal_rtc.o(i.HAL_RTC_Init)
    HAL_RTC_MspInit                          0x080028ad   Thumb Code   144  rtc.o(i.HAL_RTC_MspInit)
    HAL_RTC_WaitForSynchro                   0x08002945   Thumb Code    64  stm32f1xx_hal_rtc.o(i.HAL_RTC_WaitForSynchro)
    HAL_SRAM_Init                            0x08002985   Thumb Code   102  stm32f1xx_hal_sram.o(i.HAL_SRAM_Init)
    HAL_SRAM_MspInit                         0x080029ed   Thumb Code   130  lcd.o(i.HAL_SRAM_MspInit)
    HAL_SYSTICK_CLKSourceConfig              0x08002a7d   Thumb Code    40  stm32f1xx_hal_cortex.o(i.HAL_SYSTICK_CLKSourceConfig)
    HAL_SYSTICK_Config                       0x08002aa5   Thumb Code    52  stm32f1xx_hal_cortex.o(i.HAL_SYSTICK_Config)
    HAL_TIMEx_BreakCallback                  0x08002ad9   Thumb Code     2  stm32f1xx_hal_tim_ex.o(i.HAL_TIMEx_BreakCallback)
    HAL_TIMEx_CommutCallback                 0x08002adb   Thumb Code     2  stm32f1xx_hal_tim_ex.o(i.HAL_TIMEx_CommutCallback)
    HAL_TIM_Base_Init                        0x08002add   Thumb Code   102  stm32f1xx_hal_tim.o(i.HAL_TIM_Base_Init)
    HAL_TIM_Base_MspInit                     0x08002b43   Thumb Code     2  stm32f1xx_hal_tim.o(i.HAL_TIM_Base_MspInit)
    HAL_TIM_Base_Start_IT                    0x08002b45   Thumb Code   122  stm32f1xx_hal_tim.o(i.HAL_TIM_Base_Start_IT)
    HAL_TIM_IC_CaptureCallback               0x08002bd5   Thumb Code    60  atim.o(i.HAL_TIM_IC_CaptureCallback)
    HAL_TIM_IRQHandler                       0x08002c25   Thumb Code   406  stm32f1xx_hal_tim.o(i.HAL_TIM_IRQHandler)
    HAL_TIM_OC_DelayElapsedCallback          0x08002dbb   Thumb Code     2  stm32f1xx_hal_tim.o(i.HAL_TIM_OC_DelayElapsedCallback)
    HAL_TIM_PWM_PulseFinishedCallback        0x08002dbd   Thumb Code     2  stm32f1xx_hal_tim.o(i.HAL_TIM_PWM_PulseFinishedCallback)
    HAL_TIM_PeriodElapsedCallback            0x08002dc1   Thumb Code   102  gtime.o(i.HAL_TIM_PeriodElapsedCallback)
    HAL_TIM_ReadCapturedValue                0x08002e39   Thumb Code    50  stm32f1xx_hal_tim.o(i.HAL_TIM_ReadCapturedValue)
    HAL_TIM_TriggerCallback                  0x08002e6b   Thumb Code     2  stm32f1xx_hal_tim.o(i.HAL_TIM_TriggerCallback)
    HAL_UART_ErrorCallback                   0x08002e6d   Thumb Code     2  stm32f1xx_hal_uart.o(i.HAL_UART_ErrorCallback)
    HAL_UART_IRQHandler                      0x08002e71   Thumb Code   334  stm32f1xx_hal_uart.o(i.HAL_UART_IRQHandler)
    HAL_UART_Init                            0x08002fc5   Thumb Code   114  stm32f1xx_hal_uart.o(i.HAL_UART_Init)
    HAL_UART_MspInit                         0x08003039   Thumb Code   168  usart.o(i.HAL_UART_MspInit)
    HAL_UART_Receive_IT                      0x080030ed   Thumb Code   112  stm32f1xx_hal_uart.o(i.HAL_UART_Receive_IT)
    HAL_UART_RxCpltCallback                  0x0800315d   Thumb Code   120  usart.o(i.HAL_UART_RxCpltCallback)
    HAL_UART_TxCpltCallback                  0x080031e5   Thumb Code     2  stm32f1xx_hal_uart.o(i.HAL_UART_TxCpltCallback)
    HAL_WWDG_EarlyWakeupCallback             0x080031e9   Thumb Code    26  wdg.o(i.HAL_WWDG_EarlyWakeupCallback)
    HAL_WWDG_IRQHandler                      0x0800320d   Thumb Code    40  stm32f1xx_hal_wwdg.o(i.HAL_WWDG_IRQHandler)
    HAL_WWDG_Refresh                         0x08003235   Thumb Code    12  stm32f1xx_hal_wwdg.o(i.HAL_WWDG_Refresh)
    HardFault_Handler                        0x08003241   Thumb Code     4  stm32f1xx_it.o(i.HardFault_Handler)
    MemManage_Handler                        0x08003245   Thumb Code     4  stm32f1xx_it.o(i.MemManage_Handler)
    NMI_Handler                              0x08003249   Thumb Code     2  stm32f1xx_it.o(i.NMI_Handler)
    PVD_IRQHandler                           0x0800324b   Thumb Code     8  pwr.o(i.PVD_IRQHandler)
    PendSV_Handler                           0x08003253   Thumb Code     2  stm32f1xx_it.o(i.PendSV_Handler)
    RTC_IRQHandler                           0x080032f1   Thumb Code   110  rtc.o(i.RTC_IRQHandler)
    SVC_Handler                              0x08003389   Thumb Code     2  stm32f1xx_it.o(i.SVC_Handler)
    SysTick_Handler                          0x0800338b   Thumb Code     8  stm32f1xx_it.o(i.SysTick_Handler)
    SystemInit                               0x08003393   Thumb Code     2  system_stm32f1xx.o(i.SystemInit)
    TIM2_IRQHandler                          0x08003395   Thumb Code    34  gtime.o(i.TIM2_IRQHandler)
    TIM4_IRQHandler                          0x080033c1   Thumb Code    58  usmart_port.o(i.TIM4_IRQHandler)
    TIM5_IRQHandler                          0x08003405   Thumb Code    10  gtime.o(i.TIM5_IRQHandler)
    TIM8_CC_IRQHandler                       0x08003415   Thumb Code    10  atim.o(i.TIM8_CC_IRQHandler)
    TIM_Base_SetConfig                       0x08003425   Thumb Code   134  stm32f1xx_hal_tim.o(i.TIM_Base_SetConfig)
    USART1_IRQHandler                        0x08003711   Thumb Code    26  usart.o(i.USART1_IRQHandler)
    UsageFault_Handler                       0x08003735   Thumb Code     4  stm32f1xx_it.o(i.UsageFault_Handler)
    WWDG_IRQHandler                          0x08003739   Thumb Code    10  wdg.o(i.WWDG_IRQHandler)
    __ARM_fpclassify                         0x08003749   Thumb Code    40  fpclassify.o(i.__ARM_fpclassify)
    _is_digit                                0x080037a9   Thumb Code    14  __printf_wp.o(i._is_digit)
    _sys_exit                                0x080037b7   Thumb Code     4  usart.o(i._sys_exit)
    at24cxx_init                             0x080037bb   Thumb Code     8  24cxx.o(i.at24cxx_init)
    at24cxx_read                             0x080037c3   Thumb Code    36  24cxx.o(i.at24cxx_read)
    at24cxx_read_one_byte                    0x080037e7   Thumb Code    82  24cxx.o(i.at24cxx_read_one_byte)
    at24cxx_write                            0x08003839   Thumb Code    36  24cxx.o(i.at24cxx_write)
    at24cxx_write_one_byte                   0x0800385d   Thumb Code    74  24cxx.o(i.at24cxx_write_one_byte)
    ct_iic_ack                               0x080038a9   Thumb Code    78  ctiic.o(i.ct_iic_ack)
    ct_iic_init                              0x0800390d   Thumb Code   114  ctiic.o(i.ct_iic_init)
    ct_iic_nack                              0x0800398d   Thumb Code    58  ctiic.o(i.ct_iic_nack)
    ct_iic_read_byte                         0x080039d1   Thumb Code    90  ctiic.o(i.ct_iic_read_byte)
    ct_iic_send_byte                         0x08003a35   Thumb Code   104  ctiic.o(i.ct_iic_send_byte)
    ct_iic_start                             0x08003aa5   Thumb Code    74  ctiic.o(i.ct_iic_start)
    ct_iic_stop                              0x08003af9   Thumb Code    60  ctiic.o(i.ct_iic_stop)
    ct_iic_wait_ack                          0x08003b3d   Thumb Code   102  ctiic.o(i.ct_iic_wait_ack)
    ctp_test                                 0x08003bad   Thumb Code   288  touch.o(i.ctp_test)
    dac_set_voltage                          0x08003cdd   Thumb Code   134  dac.o(i.dac_set_voltage)
    delay_init                               0x08003d79   Thumb Code    34  delay.o(i.delay_init)
    delay_ms                                 0x08003da1   Thumb Code    50  delay.o(i.delay_ms)
    delay_us                                 0x08003dd9   Thumb Code    72  delay.o(i.delay_us)
    fputc                                    0x08003e25   Thumb Code    24  usart.o(i.fputc)
    ft5206_init                              0x08003e41   Thumb Code   298  ft5206.o(i.ft5206_init)
    ft5206_rd_reg                            0x08003f81   Thumb Code    88  ft5206.o(i.ft5206_rd_reg)
    ft5206_scan                              0x08003fd9   Thumb Code   404  ft5206.o(i.ft5206_scan)
    ft5206_wr_reg                            0x0800417d   Thumb Code    82  ft5206.o(i.ft5206_wr_reg)
    gt9xxx_init                              0x080041d1   Thumb Code   280  gt9xxx.o(i.gt9xxx_init)
    gt9xxx_rd_reg                            0x08004309   Thumb Code    98  gt9xxx.o(i.gt9xxx_rd_reg)
    gt9xxx_scan                              0x0800436d   Thumb Code   706  gt9xxx.o(i.gt9xxx_scan)
    gt9xxx_wr_reg                            0x08004645   Thumb Code    92  gt9xxx.o(i.gt9xxx_wr_reg)
    iic_ack                                  0x080046a1   Thumb Code    80  myiic.o(i.iic_ack)
    iic_init                                 0x08004701   Thumb Code   114  myiic.o(i.iic_init)
    iic_nack                                 0x0800477d   Thumb Code    60  myiic.o(i.iic_nack)
    iic_read_byte                            0x080047bd   Thumb Code    92  myiic.o(i.iic_read_byte)
    iic_send_byte                            0x0800481d   Thumb Code   106  myiic.o(i.iic_send_byte)
    iic_start                                0x0800488d   Thumb Code    76  myiic.o(i.iic_start)
    iic_stop                                 0x080048dd   Thumb Code    60  myiic.o(i.iic_stop)
    iic_wait_ack                             0x0800491d   Thumb Code   100  myiic.o(i.iic_wait_ack)
    key1_scan                                0x08004985   Thumb Code    56  key.o(i.key1_scan)
    key_init                                 0x080049c1   Thumb Code   182  key.o(i.key_init)
    lcd_clear                                0x08004a89   Thumb Code    44  lcd.o(i.lcd_clear)
    lcd_display_dir                          0x08004ab9   Thumb Code   376  lcd.o(i.lcd_display_dir)
    lcd_draw_bline                           0x08004c35   Thumb Code   212  touch.o(i.lcd_draw_bline)
    lcd_draw_circle                          0x08004d09   Thumb Code   170  lcd.o(i.lcd_draw_circle)
    lcd_draw_hline                           0x08004db5   Thumb Code    52  lcd.o(i.lcd_draw_hline)
    lcd_draw_line                            0x08004ded   Thumb Code   172  lcd.o(i.lcd_draw_line)
    lcd_draw_point                           0x08004e99   Thumb Code    28  lcd.o(i.lcd_draw_point)
    lcd_draw_rectangle                       0x08004eb5   Thumb Code    74  lcd.o(i.lcd_draw_rectangle)
    lcd_ex_ili9341_reginit                   0x08004eff   Thumb Code   556  lcd.o(i.lcd_ex_ili9341_reginit)
    lcd_ex_nt35310_reginit                   0x0800512b   Thumb Code  3826  lcd.o(i.lcd_ex_nt35310_reginit)
    lcd_ex_nt35510_reginit                   0x0800601d   Thumb Code  3836  lcd.o(i.lcd_ex_nt35510_reginit)
    lcd_ex_spfd5408_reginit                  0x08006f19   Thumb Code   494  lcd.o(i.lcd_ex_spfd5408_reginit)
    lcd_ex_ssd1963_reginit                   0x08007107   Thumb Code   366  lcd.o(i.lcd_ex_ssd1963_reginit)
    lcd_ex_st7789_reginit                    0x08007275   Thumb Code   424  lcd.o(i.lcd_ex_st7789_reginit)
    lcd_fill                                 0x0800741d   Thumb Code    82  lcd.o(i.lcd_fill)
    lcd_fill_circle                          0x0800746f   Thumb Code   176  lcd.o(i.lcd_fill_circle)
    lcd_init                                 0x08007521   Thumb Code   944  lcd.o(i.lcd_init)
    lcd_read_point                           0x08007935   Thumb Code   182  lcd.o(i.lcd_read_point)
    lcd_scan_dir                             0x080079f1   Thumb Code   868  lcd.o(i.lcd_scan_dir)
    lcd_set_cursor                           0x08007d65   Thumb Code   386  lcd.o(i.lcd_set_cursor)
    lcd_set_window                           0x08007eed   Thumb Code   610  lcd.o(i.lcd_set_window)
    lcd_show_char                            0x08008155   Thumb Code   294  lcd.o(i.lcd_show_char)
    lcd_show_num                             0x08008295   Thumb Code   152  lcd.o(i.lcd_show_num)
    lcd_show_string                          0x0800832d   Thumb Code   106  lcd.o(i.lcd_show_string)
    lcd_show_xnum                            0x08008397   Thumb Code   198  lcd.o(i.lcd_show_xnum)
    lcd_ssd_backlight_set                    0x0800845d   Thumb Code    80  lcd.o(i.lcd_ssd_backlight_set)
    lcd_wr_data                              0x080084b1   Thumb Code    20  lcd.o(i.lcd_wr_data)
    lcd_wr_regno                             0x080084c5   Thumb Code    20  lcd.o(i.lcd_wr_regno)
    lcd_write_ram_prepare                    0x080084d9   Thumb Code    12  lcd.o(i.lcd_write_ram_prepare)
    lcd_write_reg                            0x080084e9   Thumb Code    10  lcd.o(i.lcd_write_reg)
    led_init                                 0x0800853d   Thumb Code   142  led.o(i.led_init)
    led_set                                  0x080085d5   Thumb Code    36  main.o(i.led_set)
    load_draw_dialog                         0x080085fd   Thumb Code    42  touch.o(i.load_draw_dialog)
    main                                     0x08008631   Thumb Code   210  main.o(i.main)
    read_addr                                0x0800874d   Thumb Code     6  usmart.o(i.read_addr)
    rtc_get_time                             0x08008801   Thumb Code   254  rtc.o(i.rtc_get_time)
    rtc_get_week                             0x0800891d   Thumb Code    80  rtc.o(i.rtc_get_week)
    rtc_init                                 0x0800896d   Thumb Code   172  rtc.o(i.rtc_init)
    rtc_read_bkr                             0x08008a59   Thumb Code    20  rtc.o(i.rtc_read_bkr)
    rtc_set_alarm                            0x08008a71   Thumb Code   154  rtc.o(i.rtc_set_alarm)
    rtc_set_time                             0x08008b19   Thumb Code   154  rtc.o(i.rtc_set_time)
    rtc_write_bkr                            0x08008bc1   Thumb Code    22  rtc.o(i.rtc_write_bkr)
    rtp_test                                 0x08008bdd   Thumb Code   154  touch.o(i.rtp_test)
    sys_stm32_clock_init                     0x08008c85   Thumb Code   102  sys.o(i.sys_stm32_clock_init)
    test_fun                                 0x08008ceb   Thumb Code    12  main.o(i.test_fun)
    tp_adjust                                0x08008cf9   Thumb Code   960  touch.o(i.tp_adjust)
    tp_draw_big_point                        0x08009231   Thumb Code    58  touch.o(i.tp_draw_big_point)
    tp_get_adjust_data                       0x080092e1   Thumb Code    36  touch.o(i.tp_get_adjust_data)
    tp_init                                  0x08009309   Thumb Code   482  touch.o(i.tp_init)
    tp_save_adjust_data                      0x08009751   Thumb Code    24  touch.o(i.tp_save_adjust_data)
    tp_scan                                  0x0800976d   Thumb Code   292  touch.o(i.tp_scan)
    usart_init                               0x08009901   Thumb Code    44  usart.o(i.usart_init)
    usmart_cmd_rec                           0x08009939   Thumb Code   170  usmart.o(i.usmart_cmd_rec)
    usmart_exe                               0x080099e9   Thumb Code   632  usmart.o(i.usmart_exe)
    usmart_get_aparm                         0x08009cbd   Thumb Code   212  usmart_str.o(i.usmart_get_aparm)
    usmart_get_cmdname                       0x08009d91   Thumb Code    54  usmart_str.o(i.usmart_get_cmdname)
    usmart_get_fname                         0x08009dc9   Thumb Code   440  usmart_str.o(i.usmart_get_fname)
    usmart_get_fparam                        0x08009f89   Thumb Code   262  usmart_str.o(i.usmart_get_fparam)
    usmart_get_input_string                  0x0800a095   Thumb Code    30  usmart_port.o(i.usmart_get_input_string)
    usmart_get_parmpos                       0x0800a0bd   Thumb Code    26  usmart_str.o(i.usmart_get_parmpos)
    usmart_init                              0x0800a0dd   Thumb Code    36  usmart.o(i.usmart_init)
    usmart_pow                               0x0800a105   Thumb Code    22  usmart_str.o(i.usmart_pow)
    usmart_scan                              0x0800a11d   Thumb Code   106  usmart.o(i.usmart_scan)
    usmart_search_nextc                      0x0800a1c5   Thumb Code    22  usmart_str.o(i.usmart_search_nextc)
    usmart_str2num                           0x0800a1db   Thumb Code   262  usmart_str.o(i.usmart_str2num)
    usmart_strcmp                            0x0800a2e1   Thumb Code    34  usmart_str.o(i.usmart_strcmp)
    usmart_strcopy                           0x0800a303   Thumb Code    22  usmart_str.o(i.usmart_strcopy)
    usmart_strlen                            0x0800a319   Thumb Code    24  usmart_str.o(i.usmart_strlen)
    usmart_sys_cmd_exe                       0x0800a331   Thumb Code  1570  usmart.o(i.usmart_sys_cmd_exe)
    usmart_timx_get_time                     0x0800aa25   Thumb Code    58  usmart_port.o(i.usmart_timx_get_time)
    usmart_timx_init                         0x0800aa69   Thumb Code    84  usmart_port.o(i.usmart_timx_init)
    usmart_timx_reset_time                   0x0800aac9   Thumb Code    44  usmart_port.o(i.usmart_timx_reset_time)
    write_addr                               0x0800aafd   Thumb Code     4  usmart.o(i.write_addr)
    _get_lc_numeric                          0x0800ab01   Thumb Code    44  lc_numeric_c.o(locale$$code)
    __fpl_dcmp_Inf                           0x0800ab2d   Thumb Code    24  dcmpi.o(x$fpl$dcmpinf)
    __aeabi_ddiv                             0x0800ab45   Thumb Code     0  ddiv.o(x$fpl$ddiv)
    _ddiv                                    0x0800ab45   Thumb Code   552  ddiv.o(x$fpl$ddiv)
    __aeabi_d2uiz                            0x0800adf5   Thumb Code     0  dfixu.o(x$fpl$dfixu)
    _dfixu                                   0x0800adf5   Thumb Code    90  dfixu.o(x$fpl$dfixu)
    __aeabi_i2d                              0x0800ae4f   Thumb Code     0  dflt_clz.o(x$fpl$dflt)
    _dflt                                    0x0800ae4f   Thumb Code    46  dflt_clz.o(x$fpl$dflt)
    __aeabi_ui2d                             0x0800ae7d   Thumb Code     0  dflt_clz.o(x$fpl$dfltu)
    _dfltu                                   0x0800ae7d   Thumb Code    38  dflt_clz.o(x$fpl$dfltu)
    __aeabi_cdcmple                          0x0800aea5   Thumb Code     0  dleqf.o(x$fpl$dleqf)
    _dcmple                                  0x0800aea5   Thumb Code   120  dleqf.o(x$fpl$dleqf)
    __fpl_dcmple_InfNaN                      0x0800af07   Thumb Code     0  dleqf.o(x$fpl$dleqf)
    __aeabi_dmul                             0x0800af1d   Thumb Code     0  dmul.o(x$fpl$dmul)
    _dmul                                    0x0800af1d   Thumb Code   332  dmul.o(x$fpl$dmul)
    __fpl_dnaninf                            0x0800b071   Thumb Code   156  dnaninf.o(x$fpl$dnaninf)
    __fpl_dretinf                            0x0800b10d   Thumb Code    12  dretinf.o(x$fpl$dretinf)
    __aeabi_cdrcmple                         0x0800b119   Thumb Code     0  drleqf.o(x$fpl$drleqf)
    _drcmple                                 0x0800b119   Thumb Code   108  drleqf.o(x$fpl$drleqf)
    __aeabi_fadd                             0x0800b185   Thumb Code     0  faddsub_clz.o(x$fpl$fadd)
    _fadd                                    0x0800b185   Thumb Code   196  faddsub_clz.o(x$fpl$fadd)
    __aeabi_fdiv                             0x0800b249   Thumb Code     0  fdiv.o(x$fpl$fdiv)
    _fdiv                                    0x0800b249   Thumb Code   384  fdiv.o(x$fpl$fdiv)
    __aeabi_f2uiz                            0x0800b3cd   Thumb Code     0  ffixu.o(x$fpl$ffixu)
    _ffixu                                   0x0800b3cd   Thumb Code    62  ffixu.o(x$fpl$ffixu)
    __aeabi_i2f                              0x0800b40d   Thumb Code     0  fflt_clz.o(x$fpl$fflt)
    _fflt                                    0x0800b40d   Thumb Code    48  fflt_clz.o(x$fpl$fflt)
    __fpl_fnaninf                            0x0800b43d   Thumb Code   140  fnaninf.o(x$fpl$fnaninf)
    __fpl_fretinf                            0x0800b4c9   Thumb Code    10  fretinf.o(x$fpl$fretinf)
    __aeabi_fsub                             0x0800b4d5   Thumb Code     0  faddsub_clz.o(x$fpl$fsub)
    _fsub                                    0x0800b4d5   Thumb Code   234  faddsub_clz.o(x$fpl$fsub)
    _printf_fp_dec                           0x0800b5bf   Thumb Code     4  printf1.o(x$fpl$printf1)
    AHBPrescTable                            0x0800b5c2   Data          16  system_stm32f1xx.o(.constdata)
    __I$use$fp                               0x0800b5c2   Number         0  usenofp.o(x$fpl$usenofp)
    APBPrescTable                            0x0800b5d2   Data           8  system_stm32f1xx.o(.constdata)
    asc2_1206                                0x0800b5da   Data        1140  lcd.o(.constdata)
    asc2_1608                                0x0800ba4e   Data        1520  lcd.o(.constdata)
    asc2_2412                                0x0800c03e   Data        3420  lcd.o(.constdata)
    asc2_3216                                0x0800cd9a   Data        6080  lcd.o(.constdata)
    TP_REMIND_MSG_TBL                        0x0800e55c   Data           4  touch.o(.constdata)
    POINT_COLOR_TBL                          0x0800e560   Data          20  touch.o(.constdata)
    FT5206_TPX_TBL                           0x0800e574   Data          10  ft5206.o(.constdata)
    GT9XXX_TPX_TBL                           0x0800e57e   Data          20  gt9xxx.o(.constdata)
    Region$$Table$$Base                      0x0800ec2c   Number         0  anon$$obj.o(Region$$Table)
    Region$$Table$$Limit                     0x0800ec4c   Number         0  anon$$obj.o(Region$$Table)
    SystemCoreClock                          0x20000000   Data           4  system_stm32f1xx.o(.data)
    __stdout                                 0x20000004   Data           4  usart.o(.data)
    g_usart_rx_sta                           0x20000008   Data           2  usart.o(.data)
    g_rx_buffer                              0x2000000a   Data           1  usart.o(.data)
    uwTick                                   0x20000010   Data           4  stm32f1xx_hal.o(.data)
    uwTickPrio                               0x20000014   Data           4  stm32f1xx_hal.o(.data)
    uwTickFreq                               0x20000018   Data           1  stm32f1xx_hal.o(.data)
    g_timxchy_cnt_ofcnt                      0x2000001a   Data           1  gtime.o(.data)
    g_timxchy_cap_sta                        0x2000001b   Data           1  gtime.o(.data)
    g_timxchy_cap_val                        0x2000001c   Data           2  gtime.o(.data)
    g_timxchy_pwmin_sta                      0x2000001e   Data           1  atim.o(.data)
    g_timxchy_pwmin_psc                      0x20000020   Data           2  atim.o(.data)
    g_timxchy_pwmin_hval                     0x20000022   Data           2  atim.o(.data)
    g_timxchy_pwmin_cval                     0x20000024   Data           2  atim.o(.data)
    g_point_color                            0x20000028   Data           4  lcd.o(.data)
    g_back_color                             0x2000002c   Data           4  lcd.o(.data)
    g_adc_dma_sta                            0x20000036   Data           1  adc.o(.data)
    tp_dev                                   0x20000038   Data          72  touch.o(.data)
    g_gt_tnum                                0x20000081   Data           1  gt9xxx.o(.data)
    sys_cmd_tab                              0x20000084   Data          28  usmart.o(.data)
    usmart_nametab                           0x200000a0   Data         176  usmart_config.o(.data)
    usmart_dev                               0x20000150   Data         244  usmart_config.o(.data)
    g_usart_rx_buf                           0x20000244   Data         200  usart.o(.bss)
    g_uart1_handle                           0x2000030c   Data          64  usart.o(.bss)
    g_iwdg_handle                            0x2000034c   Data          12  wdg.o(.bss)
    g_wwdg_handle                            0x20000358   Data          20  wdg.o(.bss)
    g_timx_pwm_chy_handle                    0x2000036c   Data          72  gtime.o(.bss)
    g_timx_cap_chy_handle                    0x200003b4   Data          72  gtime.o(.bss)
    g_timx_cnt_chy_handler                   0x200003fc   Data          72  gtime.o(.bss)
    g_timx_pwmin_chy_handle                  0x20000444   Data          72  atim.o(.bss)
    g_timx_cplm_pwm_handle                   0x2000048c   Data          72  atim.o(.bss)
    g_sbreak_dead_time_config                0x200004d4   Data          32  atim.o(.bss)
    g_timx_comp_pwm_handle                   0x200004f4   Data          72  atim.o(.bss)
    g_timx_npwm_chy_handle                   0x2000053c   Data          72  atim.o(.bss)
    g_sram_handle                            0x20000584   Data          72  lcd.o(.bss)
    lcddev                                   0x200005cc   Data          14  lcd.o(.bss)
    g_rtc_handle                             0x200005dc   Data          20  rtc.o(.bss)
    calendar                                 0x200005f0   Data          10  rtc.o(.bss)
    g_dac_handle                             0x200005fc   Data          20  dac.o(.bss)
    g_dma_adc_handle                         0x20000610   Data          68  dac.o(.bss)
    g_dac_sin_buf                            0x20000654   Data        8192  dac.o(.bss)
    g_timx_usmart_handle                     0x20002654   Data          72  usmart_port.o(.bss)
    __libspace_start                         0x2000269c   Data          96  libspace.o(.bss)
    __temporary_stack_top$libspace           0x200026fc   Data           0  libspace.o(.bss)



==============================================================================

Memory Map of the image

  Image Entry point : 0x08000131

  Load Region LR_IROM1 (Base: 0x08000000, Size: 0x0000eeac, Max: 0x00080000, ABSOLUTE, COMPRESSED[0x0000ed40])

    Execution Region ER_IROM1 (Exec base: 0x08000000, Load base: 0x08000000, Size: 0x0000ec68, Max: 0x00080000, ABSOLUTE)

    Exec Addr    Load Addr    Size         Type   Attr      Idx    E Section Name        Object

    0x08000000   0x08000000   0x00000130   Data   RO            3    RESET               startup_stm32f103xe.o
    0x08000130   0x08000130   0x00000008   Code   RO         6570  * !!!main             c_w.l(__main.o)
    0x08000138   0x08000138   0x00000034   Code   RO         6912    !!!scatter          c_w.l(__scatter.o)
    0x0800016c   0x0800016c   0x0000005a   Code   RO         6910    !!dczerorl2         c_w.l(__dczerorl2.o)
    0x080001c6   0x080001c6   0x00000002   PAD
    0x080001c8   0x080001c8   0x0000001c   Code   RO         6914    !!handler_zi        c_w.l(__scatter_zi.o)
    0x080001e4   0x080001e4   0x00000000   Code   RO         6563    .ARM.Collect$$_printf_percent$$00000000  c_w.l(_printf_percent.o)
    0x080001e4   0x080001e4   0x00000006   Code   RO         6562    .ARM.Collect$$_printf_percent$$00000003  c_w.l(_printf_f.o)
    0x080001ea   0x080001ea   0x00000006   Code   RO         6560    .ARM.Collect$$_printf_percent$$00000009  c_w.l(_printf_d.o)
    0x080001f0   0x080001f0   0x00000006   Code   RO         6561    .ARM.Collect$$_printf_percent$$0000000A  c_w.l(_printf_u.o)
    0x080001f6   0x080001f6   0x00000006   Code   RO         6559    .ARM.Collect$$_printf_percent$$0000000C  c_w.l(_printf_x.o)
    0x080001fc   0x080001fc   0x00000006   Code   RO         6557    .ARM.Collect$$_printf_percent$$00000013  c_w.l(_printf_c.o)
    0x08000202   0x08000202   0x00000006   Code   RO         6558    .ARM.Collect$$_printf_percent$$00000014  c_w.l(_printf_s.o)
    0x08000208   0x08000208   0x00000004   Code   RO         6657    .ARM.Collect$$_printf_percent$$00000017  c_w.l(_printf_percent_end.o)
    0x0800020c   0x0800020c   0x00000002   Code   RO         6784    .ARM.Collect$$libinit$$00000000  c_w.l(libinit.o)
    0x0800020e   0x0800020e   0x00000000   Code   RO         6786    .ARM.Collect$$libinit$$00000002  c_w.l(libinit2.o)
    0x0800020e   0x0800020e   0x00000000   Code   RO         6788    .ARM.Collect$$libinit$$00000004  c_w.l(libinit2.o)
    0x0800020e   0x0800020e   0x00000000   Code   RO         6791    .ARM.Collect$$libinit$$0000000A  c_w.l(libinit2.o)
    0x0800020e   0x0800020e   0x00000000   Code   RO         6793    .ARM.Collect$$libinit$$0000000C  c_w.l(libinit2.o)
    0x0800020e   0x0800020e   0x00000000   Code   RO         6795    .ARM.Collect$$libinit$$0000000E  c_w.l(libinit2.o)
    0x0800020e   0x0800020e   0x00000006   Code   RO         6796    .ARM.Collect$$libinit$$0000000F  c_w.l(libinit2.o)
    0x08000214   0x08000214   0x00000000   Code   RO         6798    .ARM.Collect$$libinit$$00000011  c_w.l(libinit2.o)
    0x08000214   0x08000214   0x00000000   Code   RO         6800    .ARM.Collect$$libinit$$00000013  c_w.l(libinit2.o)
    0x08000214   0x08000214   0x00000000   Code   RO         6802    .ARM.Collect$$libinit$$00000015  c_w.l(libinit2.o)
    0x08000214   0x08000214   0x0000000a   Code   RO         6803    .ARM.Collect$$libinit$$00000016  c_w.l(libinit2.o)
    0x0800021e   0x0800021e   0x00000000   Code   RO         6804    .ARM.Collect$$libinit$$00000017  c_w.l(libinit2.o)
    0x0800021e   0x0800021e   0x00000000   Code   RO         6806    .ARM.Collect$$libinit$$00000019  c_w.l(libinit2.o)
    0x0800021e   0x0800021e   0x00000000   Code   RO         6808    .ARM.Collect$$libinit$$0000001B  c_w.l(libinit2.o)
    0x0800021e   0x0800021e   0x00000000   Code   RO         6810    .ARM.Collect$$libinit$$0000001D  c_w.l(libinit2.o)
    0x0800021e   0x0800021e   0x00000000   Code   RO         6812    .ARM.Collect$$libinit$$0000001F  c_w.l(libinit2.o)
    0x0800021e   0x0800021e   0x00000000   Code   RO         6814    .ARM.Collect$$libinit$$00000021  c_w.l(libinit2.o)
    0x0800021e   0x0800021e   0x00000000   Code   RO         6816    .ARM.Collect$$libinit$$00000023  c_w.l(libinit2.o)
    0x0800021e   0x0800021e   0x00000000   Code   RO         6818    .ARM.Collect$$libinit$$00000025  c_w.l(libinit2.o)
    0x0800021e   0x0800021e   0x00000000   Code   RO         6822    .ARM.Collect$$libinit$$0000002C  c_w.l(libinit2.o)
    0x0800021e   0x0800021e   0x00000000   Code   RO         6824    .ARM.Collect$$libinit$$0000002E  c_w.l(libinit2.o)
    0x0800021e   0x0800021e   0x00000000   Code   RO         6826    .ARM.Collect$$libinit$$00000030  c_w.l(libinit2.o)
    0x0800021e   0x0800021e   0x00000000   Code   RO         6828    .ARM.Collect$$libinit$$00000032  c_w.l(libinit2.o)
    0x0800021e   0x0800021e   0x00000002   Code   RO         6829    .ARM.Collect$$libinit$$00000033  c_w.l(libinit2.o)
    0x08000220   0x08000220   0x00000002   Code   RO         6861    .ARM.Collect$$libshutdown$$00000000  c_w.l(libshutdown.o)
    0x08000222   0x08000222   0x00000000   Code   RO         6869    .ARM.Collect$$libshutdown$$00000002  c_w.l(libshutdown2.o)
    0x08000222   0x08000222   0x00000000   Code   RO         6871    .ARM.Collect$$libshutdown$$00000004  c_w.l(libshutdown2.o)
    0x08000222   0x08000222   0x00000000   Code   RO         6873    .ARM.Collect$$libshutdown$$00000006  c_w.l(libshutdown2.o)
    0x08000222   0x08000222   0x00000000   Code   RO         6876    .ARM.Collect$$libshutdown$$00000009  c_w.l(libshutdown2.o)
    0x08000222   0x08000222   0x00000000   Code   RO         6879    .ARM.Collect$$libshutdown$$0000000C  c_w.l(libshutdown2.o)
    0x08000222   0x08000222   0x00000000   Code   RO         6881    .ARM.Collect$$libshutdown$$0000000E  c_w.l(libshutdown2.o)
    0x08000222   0x08000222   0x00000000   Code   RO         6884    .ARM.Collect$$libshutdown$$00000011  c_w.l(libshutdown2.o)
    0x08000222   0x08000222   0x00000002   Code   RO         6885    .ARM.Collect$$libshutdown$$00000012  c_w.l(libshutdown2.o)
    0x08000224   0x08000224   0x00000000   Code   RO         6642    .ARM.Collect$$rtentry$$00000000  c_w.l(__rtentry.o)
    0x08000224   0x08000224   0x00000000   Code   RO         6700    .ARM.Collect$$rtentry$$00000002  c_w.l(__rtentry2.o)
    0x08000224   0x08000224   0x00000006   Code   RO         6712    .ARM.Collect$$rtentry$$00000004  c_w.l(__rtentry4.o)
    0x0800022a   0x0800022a   0x00000000   Code   RO         6702    .ARM.Collect$$rtentry$$00000009  c_w.l(__rtentry2.o)
    0x0800022a   0x0800022a   0x00000004   Code   RO         6703    .ARM.Collect$$rtentry$$0000000A  c_w.l(__rtentry2.o)
    0x0800022e   0x0800022e   0x00000000   Code   RO         6705    .ARM.Collect$$rtentry$$0000000C  c_w.l(__rtentry2.o)
    0x0800022e   0x0800022e   0x00000008   Code   RO         6706    .ARM.Collect$$rtentry$$0000000D  c_w.l(__rtentry2.o)
    0x08000236   0x08000236   0x00000002   Code   RO         6832    .ARM.Collect$$rtexit$$00000000  c_w.l(rtexit.o)
    0x08000238   0x08000238   0x00000000   Code   RO         6841    .ARM.Collect$$rtexit$$00000002  c_w.l(rtexit2.o)
    0x08000238   0x08000238   0x00000004   Code   RO         6842    .ARM.Collect$$rtexit$$00000003  c_w.l(rtexit2.o)
    0x0800023c   0x0800023c   0x00000006   Code   RO         6843    .ARM.Collect$$rtexit$$00000004  c_w.l(rtexit2.o)
    0x08000242   0x08000242   0x00000002   PAD
    0x08000244   0x08000244   0x00000040   Code   RO            4    .text               startup_stm32f103xe.o
    0x08000284   0x08000284   0x00000002   Code   RO         6498    .text               c_w.l(use_no_semi_2.o)
    0x08000286   0x08000286   0x00000002   PAD
    0x08000288   0x08000288   0x00000018   Code   RO         6504    .text               c_w.l(noretval__2printf.o)
    0x080002a0   0x080002a0   0x00000028   Code   RO         6506    .text               c_w.l(noretval__2sprintf.o)
    0x080002c8   0x080002c8   0x0000004e   Code   RO         6510    .text               c_w.l(_printf_pad.o)
    0x08000316   0x08000316   0x00000052   Code   RO         6512    .text               c_w.l(_printf_str.o)
    0x08000368   0x08000368   0x00000078   Code   RO         6514    .text               c_w.l(_printf_dec.o)
    0x080003e0   0x080003e0   0x00000058   Code   RO         6519    .text               c_w.l(_printf_hex_int.o)
    0x08000438   0x08000438   0x00000188   Code   RO         6554    .text               c_w.l(__printf_flags_ss_wp.o)
    0x080005c0   0x080005c0   0x0000004e   Code   RO         6564    .text               c_w.l(rt_memclr_w.o)
    0x0800060e   0x0800060e   0x00000002   PAD
    0x08000610   0x08000610   0x00000080   Code   RO         6566    .text               c_w.l(strcmpv7m.o)
    0x08000690   0x08000690   0x00000006   Code   RO         6568    .text               c_w.l(heapauxi.o)
    0x08000696   0x08000696   0x00000002   Code   RO         6640    .text               c_w.l(use_no_semi.o)
    0x08000698   0x08000698   0x000000b2   Code   RO         6645    .text               c_w.l(_printf_intcommon.o)
    0x0800074a   0x0800074a   0x0000041e   Code   RO         6647    .text               c_w.l(_printf_fp_dec.o)
    0x08000b68   0x08000b68   0x00000030   Code   RO         6649    .text               c_w.l(_printf_char_common.o)
    0x08000b98   0x08000b98   0x0000000a   Code   RO         6651    .text               c_w.l(_sputc.o)
    0x08000ba2   0x08000ba2   0x0000002c   Code   RO         6653    .text               c_w.l(_printf_char.o)
    0x08000bce   0x08000bce   0x00000002   PAD
    0x08000bd0   0x08000bd0   0x00000024   Code   RO         6655    .text               c_w.l(_printf_char_file.o)
    0x08000bf4   0x08000bf4   0x00000008   Code   RO         6717    .text               c_w.l(rt_locale_intlibspace.o)
    0x08000bfc   0x08000bfc   0x0000008a   Code   RO         6724    .text               c_w.l(lludiv10.o)
    0x08000c86   0x08000c86   0x00000002   PAD
    0x08000c88   0x08000c88   0x00000080   Code   RO         6726    .text               c_w.l(_printf_fp_infnan.o)
    0x08000d08   0x08000d08   0x000000e4   Code   RO         6730    .text               c_w.l(bigflt0.o)
    0x08000dec   0x08000dec   0x00000008   Code   RO         6755    .text               c_w.l(ferror.o)
    0x08000df4   0x08000df4   0x00000008   Code   RO         6772    .text               c_w.l(libspace.o)
    0x08000dfc   0x08000dfc   0x0000004a   Code   RO         6775    .text               c_w.l(sys_stackheap_outer.o)
    0x08000e46   0x08000e46   0x00000012   Code   RO         6777    .text               c_w.l(exit.o)
    0x08000e58   0x08000e58   0x0000003e   Code   RO         6733    CL$$btod_d2e        c_w.l(btod.o)
    0x08000e96   0x08000e96   0x00000046   Code   RO         6735    CL$$btod_d2e_denorm_low  c_w.l(btod.o)
    0x08000edc   0x08000edc   0x00000060   Code   RO         6734    CL$$btod_d2e_norm_op1  c_w.l(btod.o)
    0x08000f3c   0x08000f3c   0x00000338   Code   RO         6743    CL$$btod_div_common  c_w.l(btod.o)
    0x08001274   0x08001274   0x000000dc   Code   RO         6740    CL$$btod_e2e        c_w.l(btod.o)
    0x08001350   0x08001350   0x0000002a   Code   RO         6737    CL$$btod_ediv       c_w.l(btod.o)
    0x0800137a   0x0800137a   0x0000002a   Code   RO         6736    CL$$btod_emul       c_w.l(btod.o)
    0x080013a4   0x080013a4   0x00000244   Code   RO         6742    CL$$btod_mult_common  c_w.l(btod.o)
    0x080015e8   0x080015e8   0x00000004   Code   RO          321    i.BusFault_Handler  stm32f1xx_it.o
    0x080015ec   0x080015ec   0x00000028   Code   RO         5462    i.DMA1_Channel1_IRQHandler  adc.o
    0x08001614   0x08001614   0x00000002   Code   RO          322    i.DebugMon_Handler  stm32f1xx_it.o
    0x08001616   0x08001616   0x0000000a   Code   RO         5353    i.EXTI0_IRQHandler  pwr.o
    0x08001620   0x08001620   0x00000044   Code   RO         2933    i.FSMC_NORSRAM_Extended_Timing_Init  stm32f1xx_ll_fsmc.o
    0x08001664   0x08001664   0x00000078   Code   RO         2934    i.FSMC_NORSRAM_Init  stm32f1xx_ll_fsmc.o
    0x080016dc   0x080016dc   0x00000042   Code   RO         2935    i.FSMC_NORSRAM_Timing_Init  stm32f1xx_ll_fsmc.o
    0x0800171e   0x0800171e   0x0000002c   Code   RO         3880    i.HAL_DAC_SetValue  stm32f1xx_hal_dac.o
    0x0800174a   0x0800174a   0x00000002   PAD
    0x0800174c   0x0800174c   0x000001a8   Code   RO          928    i.HAL_DMA_Abort_IT  stm32f1xx_hal_dma.o
    0x080018f4   0x080018f4   0x00000002   Code   RO         5354    i.HAL_GPIO_EXTI_Callback  pwr.o
    0x080018f6   0x080018f6   0x00000002   PAD
    0x080018f8   0x080018f8   0x0000001c   Code   RO         1023    i.HAL_GPIO_EXTI_IRQHandler  stm32f1xx_hal_gpio.o
    0x08001914   0x08001914   0x00000340   Code   RO         1024    i.HAL_GPIO_Init     stm32f1xx_hal_gpio.o
    0x08001c54   0x08001c54   0x00000010   Code   RO         1026    i.HAL_GPIO_ReadPin  stm32f1xx_hal_gpio.o
    0x08001c64   0x08001c64   0x00000014   Code   RO         1027    i.HAL_GPIO_TogglePin  stm32f1xx_hal_gpio.o
    0x08001c78   0x08001c78   0x0000000c   Code   RO         1028    i.HAL_GPIO_WritePin  stm32f1xx_hal_gpio.o
    0x08001c84   0x08001c84   0x0000000c   Code   RO          641    i.HAL_GetTick       stm32f1xx_hal.o
    0x08001c90   0x08001c90   0x00000018   Code   RO          647    i.HAL_IncTick       stm32f1xx_hal.o
    0x08001ca8   0x08001ca8   0x00000028   Code   RO          648    i.HAL_Init          stm32f1xx_hal.o
    0x08001cd0   0x08001cd0   0x0000004c   Code   RO          649    i.HAL_InitTick      stm32f1xx_hal.o
    0x08001d1c   0x08001d1c   0x00000002   Code   RO          651    i.HAL_MspInit       stm32f1xx_hal.o
    0x08001d1e   0x08001d1e   0x00000020   Code   RO          806    i.HAL_NVIC_EnableIRQ  stm32f1xx_hal_cortex.o
    0x08001d3e   0x08001d3e   0x0000007c   Code   RO          812    i.HAL_NVIC_SetPriority  stm32f1xx_hal_cortex.o
    0x08001dba   0x08001dba   0x00000002   PAD
    0x08001dbc   0x08001dbc   0x00000028   Code   RO          813    i.HAL_NVIC_SetPriorityGrouping  stm32f1xx_hal_cortex.o
    0x08001de4   0x08001de4   0x0000000c   Code   RO         3470    i.HAL_PWR_EnableBkUpAccess  stm32f1xx_hal_pwr.o
    0x08001df0   0x08001df0   0x00000068   Code   RO         5355    i.HAL_PWR_PVDCallback  pwr.o
    0x08001e58   0x08001e58   0x00000020   Code   RO         3479    i.HAL_PWR_PVD_IRQHandler  stm32f1xx_hal_pwr.o
    0x08001e78   0x08001e78   0x00000134   Code   RO         1231    i.HAL_RCCEx_GetPeriphCLKFreq  stm32f1xx_hal_rcc_ex.o
    0x08001fac   0x08001fac   0x00000130   Code   RO         1232    i.HAL_RCCEx_PeriphCLKConfig  stm32f1xx_hal_rcc_ex.o
    0x080020dc   0x080020dc   0x0000018c   Code   RO         1124    i.HAL_RCC_ClockConfig  stm32f1xx_hal_rcc.o
    0x08002268   0x08002268   0x0000000c   Code   RO         1129    i.HAL_RCC_GetHCLKFreq  stm32f1xx_hal_rcc.o
    0x08002274   0x08002274   0x00000020   Code   RO         1131    i.HAL_RCC_GetPCLK1Freq  stm32f1xx_hal_rcc.o
    0x08002294   0x08002294   0x00000020   Code   RO         1132    i.HAL_RCC_GetPCLK2Freq  stm32f1xx_hal_rcc.o
    0x080022b4   0x080022b4   0x00000094   Code   RO         1133    i.HAL_RCC_GetSysClockFreq  stm32f1xx_hal_rcc.o
    0x08002348   0x08002348   0x00000464   Code   RO         1136    i.HAL_RCC_OscConfig  stm32f1xx_hal_rcc.o
    0x080027ac   0x080027ac   0x00000018   Code   RO         3361    i.HAL_RTCEx_BKUPRead  stm32f1xx_hal_rtc_ex.o
    0x080027c4   0x080027c4   0x00000018   Code   RO         3362    i.HAL_RTCEx_BKUPWrite  stm32f1xx_hal_rtc_ex.o
    0x080027dc   0x080027dc   0x000000d0   Code   RO         3194    i.HAL_RTC_Init      stm32f1xx_hal_rtc.o
    0x080028ac   0x080028ac   0x00000098   Code   RO         5260    i.HAL_RTC_MspInit   rtc.o
    0x08002944   0x08002944   0x00000040   Code   RO         3202    i.HAL_RTC_WaitForSynchro  stm32f1xx_hal_rtc.o
    0x08002984   0x08002984   0x00000066   Code   RO         3055    i.HAL_SRAM_Init     stm32f1xx_hal_sram.o
    0x080029ea   0x080029ea   0x00000002   PAD
    0x080029ec   0x080029ec   0x00000090   Code   RO         5000    i.HAL_SRAM_MspInit  lcd.o
    0x08002a7c   0x08002a7c   0x00000028   Code   RO          815    i.HAL_SYSTICK_CLKSourceConfig  stm32f1xx_hal_cortex.o
    0x08002aa4   0x08002aa4   0x00000034   Code   RO          817    i.HAL_SYSTICK_Config  stm32f1xx_hal_cortex.o
    0x08002ad8   0x08002ad8   0x00000002   Code   RO         2658    i.HAL_TIMEx_BreakCallback  stm32f1xx_hal_tim_ex.o
    0x08002ada   0x08002ada   0x00000002   Code   RO         2659    i.HAL_TIMEx_CommutCallback  stm32f1xx_hal_tim_ex.o
    0x08002adc   0x08002adc   0x00000066   Code   RO         1943    i.HAL_TIM_Base_Init  stm32f1xx_hal_tim.o
    0x08002b42   0x08002b42   0x00000002   Code   RO         1945    i.HAL_TIM_Base_MspInit  stm32f1xx_hal_tim.o
    0x08002b44   0x08002b44   0x00000090   Code   RO         1948    i.HAL_TIM_Base_Start_IT  stm32f1xx_hal_tim.o
    0x08002bd4   0x08002bd4   0x00000050   Code   RO         4918    i.HAL_TIM_IC_CaptureCallback  atim.o
    0x08002c24   0x08002c24   0x00000196   Code   RO         1991    i.HAL_TIM_IRQHandler  stm32f1xx_hal_tim.o
    0x08002dba   0x08002dba   0x00000002   Code   RO         1994    i.HAL_TIM_OC_DelayElapsedCallback  stm32f1xx_hal_tim.o
    0x08002dbc   0x08002dbc   0x00000002   Code   RO         2021    i.HAL_TIM_PWM_PulseFinishedCallback  stm32f1xx_hal_tim.o
    0x08002dbe   0x08002dbe   0x00000002   PAD
    0x08002dc0   0x08002dc0   0x00000078   Code   RO         4845    i.HAL_TIM_PeriodElapsedCallback  gtime.o
    0x08002e38   0x08002e38   0x00000032   Code   RO         2031    i.HAL_TIM_ReadCapturedValue  stm32f1xx_hal_tim.o
    0x08002e6a   0x08002e6a   0x00000002   Code   RO         2034    i.HAL_TIM_TriggerCallback  stm32f1xx_hal_tim.o
    0x08002e6c   0x08002e6c   0x00000002   Code   RO         1287    i.HAL_UART_ErrorCallback  stm32f1xx_hal_uart.o
    0x08002e6e   0x08002e6e   0x00000002   PAD
    0x08002e70   0x08002e70   0x00000154   Code   RO         1290    i.HAL_UART_IRQHandler  stm32f1xx_hal_uart.o
    0x08002fc4   0x08002fc4   0x00000072   Code   RO         1291    i.HAL_UART_Init     stm32f1xx_hal_uart.o
    0x08003036   0x08003036   0x00000002   PAD
    0x08003038   0x08003038   0x000000b4   Code   RO          436    i.HAL_UART_MspInit  usart.o
    0x080030ec   0x080030ec   0x00000070   Code   RO         1296    i.HAL_UART_Receive_IT  stm32f1xx_hal_uart.o
    0x0800315c   0x0800315c   0x00000088   Code   RO          437    i.HAL_UART_RxCpltCallback  usart.o
    0x080031e4   0x080031e4   0x00000002   Code   RO         1302    i.HAL_UART_TxCpltCallback  stm32f1xx_hal_uart.o
    0x080031e6   0x080031e6   0x00000002   PAD
    0x080031e8   0x080031e8   0x00000024   Code   RO         4782    i.HAL_WWDG_EarlyWakeupCallback  wdg.o
    0x0800320c   0x0800320c   0x00000028   Code   RO         1894    i.HAL_WWDG_IRQHandler  stm32f1xx_hal_wwdg.o
    0x08003234   0x08003234   0x0000000c   Code   RO         1897    i.HAL_WWDG_Refresh  stm32f1xx_hal_wwdg.o
    0x08003240   0x08003240   0x00000004   Code   RO          323    i.HardFault_Handler  stm32f1xx_it.o
    0x08003244   0x08003244   0x00000004   Code   RO          324    i.MemManage_Handler  stm32f1xx_it.o
    0x08003248   0x08003248   0x00000002   Code   RO          325    i.NMI_Handler       stm32f1xx_it.o
    0x0800324a   0x0800324a   0x00000008   Code   RO         5356    i.PVD_IRQHandler    pwr.o
    0x08003252   0x08003252   0x00000002   Code   RO          326    i.PendSV_Handler    stm32f1xx_it.o
    0x08003254   0x08003254   0x00000028   Code   RO         1137    i.RCC_Delay         stm32f1xx_hal_rcc.o
    0x0800327c   0x0800327c   0x0000003a   Code   RO         3206    i.RTC_EnterInitMode  stm32f1xx_hal_rtc.o
    0x080032b6   0x080032b6   0x0000003a   Code   RO         3207    i.RTC_ExitInitMode  stm32f1xx_hal_rtc.o
    0x080032f0   0x080032f0   0x00000098   Code   RO         5261    i.RTC_IRQHandler    rtc.o
    0x08003388   0x08003388   0x00000002   Code   RO          327    i.SVC_Handler       stm32f1xx_it.o
    0x0800338a   0x0800338a   0x00000008   Code   RO          328    i.SysTick_Handler   stm32f1xx_it.o
    0x08003392   0x08003392   0x00000002   Code   RO          400    i.SystemInit        system_stm32f1xx.o
    0x08003394   0x08003394   0x0000002c   Code   RO         4846    i.TIM2_IRQHandler   gtime.o
    0x080033c0   0x080033c0   0x00000044   Code   RO         6364    i.TIM4_IRQHandler   usmart_port.o
    0x08003404   0x08003404   0x00000010   Code   RO         4847    i.TIM5_IRQHandler   gtime.o
    0x08003414   0x08003414   0x00000010   Code   RO         4921    i.TIM8_CC_IRQHandler  atim.o
    0x08003424   0x08003424   0x0000009c   Code   RO         2036    i.TIM_Base_SetConfig  stm32f1xx_hal_tim.o
    0x080034c0   0x080034c0   0x00000014   Code   RO         1304    i.UART_DMAAbortOnError  stm32f1xx_hal_uart.o
    0x080034d4   0x080034d4   0x00000020   Code   RO         1314    i.UART_EndRxTransfer  stm32f1xx_hal_uart.o
    0x080034f4   0x080034f4   0x00000020   Code   RO         1315    i.UART_EndTransmit_IT  stm32f1xx_hal_uart.o
    0x08003514   0x08003514   0x000000a0   Code   RO         1317    i.UART_Receive_IT   stm32f1xx_hal_uart.o
    0x080035b4   0x080035b4   0x000000fc   Code   RO         1318    i.UART_SetConfig    stm32f1xx_hal_uart.o
    0x080036b0   0x080036b0   0x00000060   Code   RO         1319    i.UART_Transmit_IT  stm32f1xx_hal_uart.o
    0x08003710   0x08003710   0x00000024   Code   RO          438    i.USART1_IRQHandler  usart.o
    0x08003734   0x08003734   0x00000004   Code   RO          329    i.UsageFault_Handler  stm32f1xx_it.o
    0x08003738   0x08003738   0x00000010   Code   RO         4784    i.WWDG_IRQHandler   wdg.o
    0x08003748   0x08003748   0x00000028   Code   RO         6768    i.__ARM_fpclassify  m_ws.l(fpclassify.o)
    0x08003770   0x08003770   0x00000010   Code   RO          819    i.__NVIC_GetPriorityGrouping  stm32f1xx_hal_cortex.o
    0x08003780   0x08003780   0x00000028   Code   RO          820    i.__NVIC_SetPriority  stm32f1xx_hal_cortex.o
    0x080037a8   0x080037a8   0x0000000e   Code   RO         6547    i._is_digit         c_w.l(__printf_wp.o)
    0x080037b6   0x080037b6   0x00000004   Code   RO          440    i._sys_exit         usart.o
    0x080037ba   0x080037ba   0x00000008   Code   RO         5647    i.at24cxx_init      24cxx.o
    0x080037c2   0x080037c2   0x00000024   Code   RO         5648    i.at24cxx_read      24cxx.o
    0x080037e6   0x080037e6   0x00000052   Code   RO         5649    i.at24cxx_read_one_byte  24cxx.o
    0x08003838   0x08003838   0x00000024   Code   RO         5650    i.at24cxx_write     24cxx.o
    0x0800385c   0x0800385c   0x0000004a   Code   RO         5651    i.at24cxx_write_one_byte  24cxx.o
    0x080038a6   0x080038a6   0x00000002   PAD
    0x080038a8   0x080038a8   0x00000058   Code   RO         6100    i.ct_iic_ack        ctiic.o
    0x08003900   0x08003900   0x0000000a   Code   RO         6101    i.ct_iic_delay      ctiic.o
    0x0800390a   0x0800390a   0x00000002   PAD
    0x0800390c   0x0800390c   0x00000080   Code   RO         6102    i.ct_iic_init       ctiic.o
    0x0800398c   0x0800398c   0x00000044   Code   RO         6103    i.ct_iic_nack       ctiic.o
    0x080039d0   0x080039d0   0x00000064   Code   RO         6104    i.ct_iic_read_byte  ctiic.o
    0x08003a34   0x08003a34   0x00000070   Code   RO         6105    i.ct_iic_send_byte  ctiic.o
    0x08003aa4   0x08003aa4   0x00000054   Code   RO         6106    i.ct_iic_start      ctiic.o
    0x08003af8   0x08003af8   0x00000044   Code   RO         6107    i.ct_iic_stop       ctiic.o
    0x08003b3c   0x08003b3c   0x00000070   Code   RO         6108    i.ct_iic_wait_ack   ctiic.o
    0x08003bac   0x08003bac   0x00000130   Code   RO         5963    i.ctp_test          touch.o
    0x08003cdc   0x08003cdc   0x0000009c   Code   RO         5549    i.dac_set_voltage   dac.o
    0x08003d78   0x08003d78   0x00000028   Code   RO          587    i.delay_init        delay.o
    0x08003da0   0x08003da0   0x00000038   Code   RO          588    i.delay_ms          delay.o
    0x08003dd8   0x08003dd8   0x0000004c   Code   RO          589    i.delay_us          delay.o
    0x08003e24   0x08003e24   0x0000001c   Code   RO          442    i.fputc             usart.o
    0x08003e40   0x08003e40   0x00000140   Code   RO         6174    i.ft5206_init       ft5206.o
    0x08003f80   0x08003f80   0x00000058   Code   RO         6175    i.ft5206_rd_reg     ft5206.o
    0x08003fd8   0x08003fd8   0x000001a4   Code   RO         6176    i.ft5206_scan       ft5206.o
    0x0800417c   0x0800417c   0x00000052   Code   RO         6177    i.ft5206_wr_reg     ft5206.o
    0x080041ce   0x080041ce   0x00000002   PAD
    0x080041d0   0x080041d0   0x00000138   Code   RO         6226    i.gt9xxx_init       gt9xxx.o
    0x08004308   0x08004308   0x00000062   Code   RO         6227    i.gt9xxx_rd_reg     gt9xxx.o
    0x0800436a   0x0800436a   0x00000002   PAD
    0x0800436c   0x0800436c   0x000002d8   Code   RO         6228    i.gt9xxx_scan       gt9xxx.o
    0x08004644   0x08004644   0x0000005c   Code   RO         6229    i.gt9xxx_wr_reg     gt9xxx.o
    0x080046a0   0x080046a0   0x00000054   Code   RO         5703    i.iic_ack           myiic.o
    0x080046f4   0x080046f4   0x0000000a   Code   RO         5704    i.iic_delay         myiic.o
    0x080046fe   0x080046fe   0x00000002   PAD
    0x08004700   0x08004700   0x0000007c   Code   RO         5705    i.iic_init          myiic.o
    0x0800477c   0x0800477c   0x00000040   Code   RO         5706    i.iic_nack          myiic.o
    0x080047bc   0x080047bc   0x00000060   Code   RO         5707    i.iic_read_byte     myiic.o
    0x0800481c   0x0800481c   0x00000070   Code   RO         5708    i.iic_send_byte     myiic.o
    0x0800488c   0x0800488c   0x00000050   Code   RO         5709    i.iic_start         myiic.o
    0x080048dc   0x080048dc   0x00000040   Code   RO         5710    i.iic_stop          myiic.o
    0x0800491c   0x0800491c   0x00000068   Code   RO         5711    i.iic_wait_ack      myiic.o
    0x08004984   0x08004984   0x0000003c   Code   RO         4699    i.key1_scan         key.o
    0x080049c0   0x080049c0   0x000000c8   Code   RO         4703    i.key_init          key.o
    0x08004a88   0x08004a88   0x00000030   Code   RO         5001    i.lcd_clear         lcd.o
    0x08004ab8   0x08004ab8   0x0000017c   Code   RO         5003    i.lcd_display_dir   lcd.o
    0x08004c34   0x08004c34   0x000000d4   Code   RO         5964    i.lcd_draw_bline    touch.o
    0x08004d08   0x08004d08   0x000000aa   Code   RO         5006    i.lcd_draw_circle   lcd.o
    0x08004db2   0x08004db2   0x00000002   PAD
    0x08004db4   0x08004db4   0x00000038   Code   RO         5007    i.lcd_draw_hline    lcd.o
    0x08004dec   0x08004dec   0x000000ac   Code   RO         5008    i.lcd_draw_line     lcd.o
    0x08004e98   0x08004e98   0x0000001c   Code   RO         5009    i.lcd_draw_point    lcd.o
    0x08004eb4   0x08004eb4   0x0000004a   Code   RO         5010    i.lcd_draw_rectangle  lcd.o
    0x08004efe   0x08004efe   0x0000022c   Code   RO         5011    i.lcd_ex_ili9341_reginit  lcd.o
    0x0800512a   0x0800512a   0x00000ef2   Code   RO         5012    i.lcd_ex_nt35310_reginit  lcd.o
    0x0800601c   0x0800601c   0x00000efc   Code   RO         5013    i.lcd_ex_nt35510_reginit  lcd.o
    0x08006f18   0x08006f18   0x000001ee   Code   RO         5014    i.lcd_ex_spfd5408_reginit  lcd.o
    0x08007106   0x08007106   0x0000016e   Code   RO         5015    i.lcd_ex_ssd1963_reginit  lcd.o
    0x08007274   0x08007274   0x000001a8   Code   RO         5016    i.lcd_ex_st7789_reginit  lcd.o
    0x0800741c   0x0800741c   0x00000052   Code   RO         5017    i.lcd_fill          lcd.o
    0x0800746e   0x0800746e   0x000000b0   Code   RO         5018    i.lcd_fill_circle   lcd.o
    0x0800751e   0x0800751e   0x00000002   PAD
    0x08007520   0x08007520   0x000003dc   Code   RO         5019    i.lcd_init          lcd.o
    0x080078fc   0x080078fc   0x0000000c   Code   RO         5020    i.lcd_opt_delay     lcd.o
    0x08007908   0x08007908   0x00000016   Code   RO         5021    i.lcd_pow           lcd.o
    0x0800791e   0x0800791e   0x00000016   Code   RO         5022    i.lcd_rd_data       lcd.o
    0x08007934   0x08007934   0x000000bc   Code   RO         5023    i.lcd_read_point    lcd.o
    0x080079f0   0x080079f0   0x00000374   Code   RO         5024    i.lcd_scan_dir      lcd.o
    0x08007d64   0x08007d64   0x00000188   Code   RO         5025    i.lcd_set_cursor    lcd.o
    0x08007eec   0x08007eec   0x00000268   Code   RO         5026    i.lcd_set_window    lcd.o
    0x08008154   0x08008154   0x00000140   Code   RO         5027    i.lcd_show_char     lcd.o
    0x08008294   0x08008294   0x00000098   Code   RO         5028    i.lcd_show_num      lcd.o
    0x0800832c   0x0800832c   0x0000006a   Code   RO         5029    i.lcd_show_string   lcd.o
    0x08008396   0x08008396   0x000000c6   Code   RO         5030    i.lcd_show_xnum     lcd.o
    0x0800845c   0x0800845c   0x00000054   Code   RO         5031    i.lcd_ssd_backlight_set  lcd.o
    0x080084b0   0x080084b0   0x00000014   Code   RO         5032    i.lcd_wr_data       lcd.o
    0x080084c4   0x080084c4   0x00000014   Code   RO         5033    i.lcd_wr_regno      lcd.o
    0x080084d8   0x080084d8   0x00000010   Code   RO         5034    i.lcd_write_ram_prepare  lcd.o
    0x080084e8   0x080084e8   0x0000000a   Code   RO         5035    i.lcd_write_reg     lcd.o
    0x080084f2   0x080084f2   0x00000002   PAD
    0x080084f4   0x080084f4   0x00000048   Code   RO         5036    i.lcd_xy_convert    lcd.o
    0x0800853c   0x0800853c   0x00000098   Code   RO         4674    i.led_init          led.o
    0x080085d4   0x080085d4   0x00000028   Code   RO           13    i.led_set           main.o
    0x080085fc   0x080085fc   0x00000034   Code   RO         5965    i.load_draw_dialog  touch.o
    0x08008630   0x08008630   0x0000011c   Code   RO           14    i.main              main.o
    0x0800874c   0x0800874c   0x00000006   Code   RO         6272    i.read_addr         usmart.o
    0x08008752   0x08008752   0x00000002   PAD
    0x08008754   0x08008754   0x000000ac   Code   RO         5262    i.rtc_date2sec      rtc.o
    0x08008800   0x08008800   0x0000011c   Code   RO         5263    i.rtc_get_time      rtc.o
    0x0800891c   0x0800891c   0x00000050   Code   RO         5264    i.rtc_get_week      rtc.o
    0x0800896c   0x0800896c   0x000000b8   Code   RO         5265    i.rtc_init          rtc.o
    0x08008a24   0x08008a24   0x00000032   Code   RO         5266    i.rtc_is_leap_year  rtc.o
    0x08008a56   0x08008a56   0x00000002   PAD
    0x08008a58   0x08008a58   0x00000018   Code   RO         5267    i.rtc_read_bkr      rtc.o
    0x08008a70   0x08008a70   0x000000a8   Code   RO         5268    i.rtc_set_alarm     rtc.o
    0x08008b18   0x08008b18   0x000000a8   Code   RO         5269    i.rtc_set_time      rtc.o
    0x08008bc0   0x08008bc0   0x0000001c   Code   RO         5270    i.rtc_write_bkr     rtc.o
    0x08008bdc   0x08008bdc   0x000000a8   Code   RO         5966    i.rtp_test          touch.o
    0x08008c84   0x08008c84   0x00000066   Code   RO          519    i.sys_stm32_clock_init  sys.o
    0x08008cea   0x08008cea   0x0000000c   Code   RO           16    i.test_fun          main.o
    0x08008cf6   0x08008cf6   0x00000002   PAD
    0x08008cf8   0x08008cf8   0x000003f0   Code   RO         5967    i.tp_adjust         touch.o
    0x080090e8   0x080090e8   0x00000148   Code   RO         5968    i.tp_adjust_info_show  touch.o
    0x08009230   0x08009230   0x0000003a   Code   RO         5969    i.tp_draw_big_point  touch.o
    0x0800926a   0x0800926a   0x00000076   Code   RO         5970    i.tp_draw_touch_point  touch.o
    0x080092e0   0x080092e0   0x00000028   Code   RO         5971    i.tp_get_adjust_data  touch.o
    0x08009308   0x08009308   0x00000200   Code   RO         5972    i.tp_init           touch.o
    0x08009508   0x08009508   0x000000dc   Code   RO         5973    i.tp_read_ad        touch.o
    0x080095e4   0x080095e4   0x00000078   Code   RO         5974    i.tp_read_xoy       touch.o
    0x0800965c   0x0800965c   0x00000044   Code   RO         5975    i.tp_read_xy        touch.o
    0x080096a0   0x080096a0   0x000000b0   Code   RO         5976    i.tp_read_xy2       touch.o
    0x08009750   0x08009750   0x0000001c   Code   RO         5977    i.tp_save_adjust_data  touch.o
    0x0800976c   0x0800976c   0x00000130   Code   RO         5978    i.tp_scan           touch.o
    0x0800989c   0x0800989c   0x00000064   Code   RO         5980    i.tp_write_byte     touch.o
    0x08009900   0x08009900   0x00000038   Code   RO          443    i.usart_init        usart.o
    0x08009938   0x08009938   0x000000b0   Code   RO         6273    i.usmart_cmd_rec    usmart.o
    0x080099e8   0x080099e8   0x000002d4   Code   RO         6274    i.usmart_exe        usmart.o
    0x08009cbc   0x08009cbc   0x000000d4   Code   RO         6415    i.usmart_get_aparm  usmart_str.o
    0x08009d90   0x08009d90   0x00000036   Code   RO         6416    i.usmart_get_cmdname  usmart_str.o
    0x08009dc6   0x08009dc6   0x00000002   PAD
    0x08009dc8   0x08009dc8   0x000001c0   Code   RO         6417    i.usmart_get_fname  usmart_str.o
    0x08009f88   0x08009f88   0x0000010c   Code   RO         6418    i.usmart_get_fparam  usmart_str.o
    0x0800a094   0x0800a094   0x00000028   Code   RO         6365    i.usmart_get_input_string  usmart_port.o
    0x0800a0bc   0x0800a0bc   0x00000020   Code   RO         6419    i.usmart_get_parmpos  usmart_str.o
    0x0800a0dc   0x0800a0dc   0x00000028   Code   RO         6275    i.usmart_init       usmart.o
    0x0800a104   0x0800a104   0x00000016   Code   RO         6420    i.usmart_pow        usmart_str.o
    0x0800a11a   0x0800a11a   0x00000002   PAD
    0x0800a11c   0x0800a11c   0x000000a8   Code   RO         6276    i.usmart_scan       usmart.o
    0x0800a1c4   0x0800a1c4   0x00000016   Code   RO         6421    i.usmart_search_nextc  usmart_str.o
    0x0800a1da   0x0800a1da   0x00000106   Code   RO         6422    i.usmart_str2num    usmart_str.o
    0x0800a2e0   0x0800a2e0   0x00000022   Code   RO         6423    i.usmart_strcmp     usmart_str.o
    0x0800a302   0x0800a302   0x00000016   Code   RO         6424    i.usmart_strcopy    usmart_str.o
    0x0800a318   0x0800a318   0x00000018   Code   RO         6425    i.usmart_strlen     usmart_str.o
    0x0800a330   0x0800a330   0x000006f4   Code   RO         6277    i.usmart_sys_cmd_exe  usmart.o
    0x0800aa24   0x0800aa24   0x00000044   Code   RO         6366    i.usmart_timx_get_time  usmart_port.o
    0x0800aa68   0x0800aa68   0x00000060   Code   RO         6367    i.usmart_timx_init  usmart_port.o
    0x0800aac8   0x0800aac8   0x00000034   Code   RO         6368    i.usmart_timx_reset_time  usmart_port.o
    0x0800aafc   0x0800aafc   0x00000004   Code   RO         6278    i.write_addr        usmart.o
    0x0800ab00   0x0800ab00   0x0000002c   Code   RO         6760    locale$$code        c_w.l(lc_numeric_c.o)
    0x0800ab2c   0x0800ab2c   0x00000018   Code   RO         6658    x$fpl$dcmpinf       fz_ws.l(dcmpi.o)
    0x0800ab44   0x0800ab44   0x000002b0   Code   RO         6581    x$fpl$ddiv          fz_ws.l(ddiv.o)
    0x0800adf4   0x0800adf4   0x0000005a   Code   RO         6588    x$fpl$dfixu         fz_ws.l(dfixu.o)
    0x0800ae4e   0x0800ae4e   0x0000002e   Code   RO         6593    x$fpl$dflt          fz_ws.l(dflt_clz.o)
    0x0800ae7c   0x0800ae7c   0x00000026   Code   RO         6592    x$fpl$dfltu         fz_ws.l(dflt_clz.o)
    0x0800aea2   0x0800aea2   0x00000002   PAD
    0x0800aea4   0x0800aea4   0x00000078   Code   RO         6598    x$fpl$dleqf         fz_ws.l(dleqf.o)
    0x0800af1c   0x0800af1c   0x00000154   Code   RO         6600    x$fpl$dmul          fz_ws.l(dmul.o)
    0x0800b070   0x0800b070   0x0000009c   Code   RO         6660    x$fpl$dnaninf       fz_ws.l(dnaninf.o)
    0x0800b10c   0x0800b10c   0x0000000c   Code   RO         6662    x$fpl$dretinf       fz_ws.l(dretinf.o)
    0x0800b118   0x0800b118   0x0000006c   Code   RO         6602    x$fpl$drleqf        fz_ws.l(drleqf.o)
    0x0800b184   0x0800b184   0x000000c4   Code   RO         6606    x$fpl$fadd          fz_ws.l(faddsub_clz.o)
    0x0800b248   0x0800b248   0x00000184   Code   RO         6613    x$fpl$fdiv          fz_ws.l(fdiv.o)
    0x0800b3cc   0x0800b3cc   0x0000003e   Code   RO         6616    x$fpl$ffixu         fz_ws.l(ffixu.o)
    0x0800b40a   0x0800b40a   0x00000002   PAD
    0x0800b40c   0x0800b40c   0x00000030   Code   RO         6621    x$fpl$fflt          fz_ws.l(fflt_clz.o)
    0x0800b43c   0x0800b43c   0x0000008c   Code   RO         6666    x$fpl$fnaninf       fz_ws.l(fnaninf.o)
    0x0800b4c8   0x0800b4c8   0x0000000a   Code   RO         6668    x$fpl$fretinf       fz_ws.l(fretinf.o)
    0x0800b4d2   0x0800b4d2   0x00000002   PAD
    0x0800b4d4   0x0800b4d4   0x000000ea   Code   RO         6608    x$fpl$fsub          fz_ws.l(faddsub_clz.o)
    0x0800b5be   0x0800b5be   0x00000004   Code   RO         6630    x$fpl$printf1       fz_ws.l(printf1.o)
    0x0800b5c2   0x0800b5c2   0x00000000   Code   RO         6670    x$fpl$usenofp       fz_ws.l(usenofp.o)
    0x0800b5c2   0x0800b5c2   0x00000018   Data   RO          401    .constdata          system_stm32f1xx.o
    0x0800b5da   0x0800b5da   0x00002f80   Data   RO         5038    .constdata          lcd.o
    0x0800e55a   0x0800e55a   0x00000002   PAD
    0x0800e55c   0x0800e55c   0x00000018   Data   RO         5981    .constdata          touch.o
    0x0800e574   0x0800e574   0x0000000a   Data   RO         6178    .constdata          ft5206.o
    0x0800e57e   0x0800e57e   0x00000014   Data   RO         6230    .constdata          gt9xxx.o
    0x0800e592   0x0800e592   0x00000028   Data   RO         6520    .constdata          c_w.l(_printf_hex_int.o)
    0x0800e5ba   0x0800e5ba   0x00000011   Data   RO         6555    .constdata          c_w.l(__printf_flags_ss_wp.o)
    0x0800e5cb   0x0800e5cb   0x00000001   PAD
    0x0800e5cc   0x0800e5cc   0x00000094   Data   RO         6731    .constdata          c_w.l(bigflt0.o)
    0x0800e660   0x0800e660   0x00000079   Data   RO         5982    .conststring        touch.o
    0x0800e6d9   0x0800e6d9   0x00000003   PAD
    0x0800e6dc   0x0800e6dc   0x00000028   Data   RO         6279    .conststring        usmart.o
    0x0800e704   0x0800e704   0x00000528   Data   RO         6339    .conststring        usmart_config.o
    0x0800ec2c   0x0800ec2c   0x00000020   Data   RO         6908    Region$$Table       anon$$obj.o
    0x0800ec4c   0x0800ec4c   0x0000001c   Data   RO         6759    locale$$data        c_w.l(lc_numeric_c.o)


    Execution Region RW_IRAM1 (Exec base: 0x20000000, Load base: 0x0800ec68, Size: 0x00002d00, Max: 0x00010000, ABSOLUTE, COMPRESSED[0x000000d8])

    Exec Addr    Load Addr    Size         Type   Attr      Idx    E Section Name        Object

    0x20000000   COMPRESSED   0x00000004   Data   RW          402    .data               system_stm32f1xx.o
    0x20000004   COMPRESSED   0x00000007   Data   RW          445    .data               usart.o
    0x2000000b   COMPRESSED   0x00000001   PAD
    0x2000000c   COMPRESSED   0x00000002   Data   RW          590    .data               delay.o
    0x2000000e   COMPRESSED   0x00000002   PAD
    0x20000010   COMPRESSED   0x00000009   Data   RW          655    .data               stm32f1xx_hal.o
    0x20000019   COMPRESSED   0x00000001   PAD
    0x2000001a   COMPRESSED   0x00000004   Data   RW         4854    .data               gtime.o
    0x2000001e   COMPRESSED   0x00000008   Data   RW         4929    .data               atim.o
    0x20000026   COMPRESSED   0x00000002   PAD
    0x20000028   COMPRESSED   0x0000000b   Data   RW         5039    .data               lcd.o
    0x20000033   COMPRESSED   0x00000001   PAD
    0x20000034   COMPRESSED   0x00000002   Data   RW         5272    .data               rtc.o
    0x20000036   COMPRESSED   0x00000001   Data   RW         5473    .data               adc.o
    0x20000037   COMPRESSED   0x00000001   PAD
    0x20000038   COMPRESSED   0x00000048   Data   RW         5983    .data               touch.o
    0x20000080   COMPRESSED   0x00000001   Data   RW         6179    .data               ft5206.o
    0x20000081   COMPRESSED   0x00000002   Data   RW         6231    .data               gt9xxx.o
    0x20000083   COMPRESSED   0x00000001   PAD
    0x20000084   COMPRESSED   0x0000001c   Data   RW         6280    .data               usmart.o
    0x200000a0   COMPRESSED   0x000001a4   Data   RW         6340    .data               usmart_config.o
    0x20000244        -       0x00000108   Zero   RW          444    .bss                usart.o
    0x2000034c        -       0x00000020   Zero   RW         4789    .bss                wdg.o
    0x2000036c        -       0x000000d8   Zero   RW         4853    .bss                gtime.o
    0x20000444        -       0x00000140   Zero   RW         4928    .bss                atim.o
    0x20000584        -       0x00000056   Zero   RW         5037    .bss                lcd.o
    0x200005da   COMPRESSED   0x00000002   PAD
    0x200005dc        -       0x0000001e   Zero   RW         5271    .bss                rtc.o
    0x200005fa   COMPRESSED   0x00000002   PAD
    0x200005fc        -       0x00002058   Zero   RW         5551    .bss                dac.o
    0x20002654        -       0x00000048   Zero   RW         6369    .bss                usmart_port.o
    0x2000269c        -       0x00000060   Zero   RW         6773    .bss                c_w.l(libspace.o)
    0x200026fc   COMPRESSED   0x00000004   PAD
    0x20002700        -       0x00000200   Zero   RW            2    HEAP                startup_stm32f103xe.o
    0x20002900        -       0x00000400   Zero   RW            1    STACK               startup_stm32f103xe.o


==============================================================================

Image component sizes


      Code (inc. data)   RO Data    RW Data    ZI Data      Debug   Object Name

       236          0          0          0          0       3191   24cxx.o
        40         10          0          1          0        759   adc.o
        96         26          0          8        320       2021   atim.o
       770         80          0          0          0       5010   ctiic.o
       156         22          0          0       8280       1336   dac.o
       172         16          0          2          0       1807   delay.o
       910         38         10          1          0       3705   ft5206.o
      1230         54         20          2          0       3787   gt9xxx.o
       180         34          0          4        216       2257   gtime.o
       260         22          0          0          0       1479   key.o
     14954        180      12160         11         86      31646   lcd.o
       152         10          0          0          0        871   led.o
       336         78          0          0          0     527252   main.o
       738         40          0          0          0       4886   myiic.o
       124         46          0          0          0       1823   pwr.o
      1462        136          0          2         30       8310   rtc.o
        64         26        304          0       1536        916   startup_stm32f103xe.o
       154         32          0          9          0       6235   stm32f1xx_hal.o
       344         22          0          0          0      29881   stm32f1xx_hal_cortex.o
        44          0          0          0          0       1119   stm32f1xx_hal_dac.o
       424         10          0          0          0       1199   stm32f1xx_hal_dma.o
       908         44          0          0          0       4459   stm32f1xx_hal_gpio.o
        44         10          0          0          0       1024   stm32f1xx_hal_pwr.o
      1784        110          0          0          0       5888   stm32f1xx_hal_rcc.o
       612         46          0          0          0       2381   stm32f1xx_hal_rcc_ex.o
       388          6          0          0          0       3216   stm32f1xx_hal_rtc.o
        48         10          0          0          0       1727   stm32f1xx_hal_rtc_ex.o
       102          0          0          0          0       1168   stm32f1xx_hal_sram.o
       866         44          0          0          0       6137   stm32f1xx_hal_tim.o
         4          0          0          0          0       1473   stm32f1xx_hal_tim_ex.o
      1162         10          0          0          0       7515   stm32f1xx_hal_uart.o
        52          0          0          0          0       1509   stm32f1xx_hal_wwdg.o
        32          0          0          0          0       3710   stm32f1xx_it.o
       254         10          0          0          0       3767   stm32f1xx_ll_fsmc.o
       102          0          0          0          0        691   sys.o
         2          0         24          4          0       1283   system_stm32f1xx.o
      3816        202        145         72          0      14472   touch.o
       440         54          0          7        264       5225   usart.o
      2898       1308         40         28          0       5594   usmart.o
         0          0       1320        420          0       1556   usmart_config.o
       324         50          0          0         72       3194   usmart_port.o
      1400         20          0          0          0       8793   usmart_str.o
        52         16          0          0         32       1527   wdg.o

    ----------------------------------------------------------------------
     38178       2822      14060        580      10840     725799   Object Totals
         0          0         32          0          0          0   (incl. Generated)
        42          0          5          9          4          0   (incl. Padding)

    ----------------------------------------------------------------------

      Code (inc. data)   RO Data    RW Data    ZI Data      Debug   Library Member Name

        90          0          0          0          0          0   __dczerorl2.o
         8          0          0          0          0         68   __main.o
       392          4         17          0          0         92   __printf_flags_ss_wp.o
        14          0          0          0          0         68   __printf_wp.o
         0          0          0          0          0          0   __rtentry.o
        12          0          0          0          0          0   __rtentry2.o
         6          0          0          0          0          0   __rtentry4.o
        52          8          0          0          0          0   __scatter.o
        28          0          0          0          0          0   __scatter_zi.o
         6          0          0          0          0          0   _printf_c.o
        44          0          0          0          0        108   _printf_char.o
        48          6          0          0          0         96   _printf_char_common.o
        36          4          0          0          0         80   _printf_char_file.o
         6          0          0          0          0          0   _printf_d.o
       120         16          0          0          0         92   _printf_dec.o
         6          0          0          0          0          0   _printf_f.o
      1054          0          0          0          0        216   _printf_fp_dec.o
       128         16          0          0          0         84   _printf_fp_infnan.o
        88          4         40          0          0         88   _printf_hex_int.o
       178          0          0          0          0         88   _printf_intcommon.o
        78          0          0          0          0        108   _printf_pad.o
         0          0          0          0          0          0   _printf_percent.o
         4          0          0          0          0          0   _printf_percent_end.o
         6          0          0          0          0          0   _printf_s.o
        82          0          0          0          0         80   _printf_str.o
         6          0          0          0          0          0   _printf_u.o
         6          0          0          0          0          0   _printf_x.o
        10          0          0          0          0         68   _sputc.o
       228          4        148          0          0         96   bigflt0.o
      1936        128          0          0          0        672   btod.o
        18          0          0          0          0         80   exit.o
         8          0          0          0          0         68   ferror.o
         6          0          0          0          0        152   heapauxi.o
        44         10         28          0          0         76   lc_numeric_c.o
         2          0          0          0          0          0   libinit.o
        18          0          0          0          0          0   libinit2.o
         2          0          0          0          0          0   libshutdown.o
         2          0          0          0          0          0   libshutdown2.o
         8          4          0          0         96         68   libspace.o
       138          0          0          0          0         80   lludiv10.o
        24          4          0          0          0         84   noretval__2printf.o
        40          6          0          0          0         84   noretval__2sprintf.o
         8          4          0          0          0         68   rt_locale_intlibspace.o
        78          0          0          0          0         80   rt_memclr_w.o
         2          0          0          0          0          0   rtexit.o
        10          0          0          0          0          0   rtexit2.o
       128          0          0          0          0         68   strcmpv7m.o
        74          0          0          0          0         80   sys_stackheap_outer.o
         2          0          0          0          0         68   use_no_semi.o
         2          0          0          0          0         68   use_no_semi_2.o
        24          0          0          0          0         68   dcmpi.o
       688        140          0          0          0        208   ddiv.o
        90          4          0          0          0         92   dfixu.o
        84          0          0          0          0        136   dflt_clz.o
       120          4          0          0          0         92   dleqf.o
       340         12          0          0          0        104   dmul.o
       156          4          0          0          0         92   dnaninf.o
        12          0          0          0          0         68   dretinf.o
       108          0          0          0          0         80   drleqf.o
       430          8          0          0          0        168   faddsub_clz.o
       388         76          0          0          0         96   fdiv.o
        62          4          0          0          0         84   ffixu.o
        48          0          0          0          0         68   fflt_clz.o
       140          4          0          0          0         84   fnaninf.o
        10          0          0          0          0         68   fretinf.o
         4          0          0          0          0         68   printf1.o
         0          0          0          0          0          0   usenofp.o
        40          0          0          0          0         68   fpclassify.o

    ----------------------------------------------------------------------
      8048        474        234          0        100       4872   Library Totals
        18          0          1          0          4          0   (incl. Padding)

    ----------------------------------------------------------------------

      Code (inc. data)   RO Data    RW Data    ZI Data      Debug   Library Name

      5286        218        233          0         96       3228   c_w.l
      2704        256          0          0          0       1576   fz_ws.l
        40          0          0          0          0         68   m_ws.l

    ----------------------------------------------------------------------
      8048        474        234          0        100       4872   Library Totals

    ----------------------------------------------------------------------

==============================================================================


      Code (inc. data)   RO Data    RW Data    ZI Data      Debug   

     46226       3296      14294        580      10940     716835   Grand Totals
     46226       3296      14294        216      10940     716835   ELF Image Totals (compressed)
     46226       3296      14294        216          0          0   ROM Totals

==============================================================================

    Total RO  Size (Code + RO Data)                60520 (  59.10kB)
    Total RW  Size (RW Data + ZI Data)             11520 (  11.25kB)
    Total ROM Size (Code + RO Data + RW Data)      60736 (  59.31kB)

==============================================================================

